rm -rf main main.o
nvcc  -std=c++17 -Xcompiler -Wall -arch=sm_70 -O3 -c main.cu -o main.o
nvcc  -std=c++17 -Xcompiler -Wall -arch=sm_70 -O3 main.o -o main 
Average execution time of the kernels (tokens 1, topk: 2, expert: 32, block_size 32): 12.243931 (us)
PASS
Average execution time of the kernels (tokens 1, topk: 3, expert: 32, block_size 32): 11.900094 (us)
PASS
Average execution time of the kernels (tokens 1, topk: 4, expert: 32, block_size 32): 11.901941 (us)
PASS
Average execution time of the kernels (tokens 1, topk: 2, expert: 128, block_size 32): 11.375971 (us)
PASS
Average execution time of the kernels (tokens 1, topk: 3, expert: 128, block_size 32): 11.377535 (us)
PASS
Average execution time of the kernels (tokens 1, topk: 4, expert: 128, block_size 32): 11.387432 (us)
PASS
Average execution time of the kernels (tokens 3, topk: 2, expert: 32, block_size 32): 11.906884 (us)
PASS
Average execution time of the kernels (tokens 3, topk: 3, expert: 32, block_size 32): 11.917582 (us)
PASS
Average execution time of the kernels (tokens 3, topk: 4, expert: 32, block_size 32): 11.987650 (us)
PASS
Average execution time of the kernels (tokens 3, topk: 2, expert: 128, block_size 32): 11.393620 (us)
PASS
Average execution time of the kernels (tokens 3, topk: 3, expert: 128, block_size 32): 11.402811 (us)
PASS
Average execution time of the kernels (tokens 3, topk: 4, expert: 128, block_size 32): 11.400208 (us)
PASS
Average execution time of the kernels (tokens 256, topk: 2, expert: 32, block_size 32): 13.527331 (us)
PASS
Average execution time of the kernels (tokens 256, topk: 3, expert: 32, block_size 32): 14.444457 (us)
PASS
Average execution time of the kernels (tokens 256, topk: 4, expert: 32, block_size 32): 11.786970 (us)
PASS
Average execution time of the kernels (tokens 256, topk: 2, expert: 128, block_size 32): 11.739220 (us)
PASS
Average execution time of the kernels (tokens 256, topk: 3, expert: 128, block_size 32): 11.778623 (us)
PASS
Average execution time of the kernels (tokens 256, topk: 4, expert: 128, block_size 32): 11.788519 (us)
PASS
Average execution time of the kernels (tokens 4096, topk: 2, expert: 32, block_size 32): 16.221777 (us)
PASS
Average execution time of the kernels (tokens 4096, topk: 3, expert: 32, block_size 32): 18.782072 (us)
PASS
Average execution time of the kernels (tokens 4096, topk: 4, expert: 32, block_size 32): 21.089418 (us)
PASS
Average execution time of the kernels (tokens 4096, topk: 2, expert: 128, block_size 32): 15.642850 (us)
PASS
Average execution time of the kernels (tokens 4096, topk: 3, expert: 128, block_size 32): 18.105700 (us)
PASS
Average execution time of the kernels (tokens 4096, topk: 4, expert: 128, block_size 32): 20.168375 (us)
PASS
Average execution time of the kernels (tokens 8192, topk: 2, expert: 32, block_size 32): 21.205669 (us)
PASS
Average execution time of the kernels (tokens 8192, topk: 3, expert: 32, block_size 32): 26.001644 (us)
PASS
Average execution time of the kernels (tokens 8192, topk: 4, expert: 32, block_size 32): 31.278940 (us)
PASS
Average execution time of the kernels (tokens 8192, topk: 2, expert: 128, block_size 32): 20.222284 (us)
PASS
Average execution time of the kernels (tokens 8192, topk: 3, expert: 128, block_size 32): 24.741083 (us)
PASS
Average execution time of the kernels (tokens 8192, topk: 4, expert: 128, block_size 32): 29.723932 (us)
PASS
