=== Loading modules ===
=== Environment ===
/work/HPC_SYS/twnia2/pkg-rocky8/nvidia/cuda/cuda-12.8/bin/nvcc
nvcc: NVIDIA (R) Cuda compiler driver
Copyright (c) 2005-2025 NVIDIA Corporation
Built on Wed_Jan_15_19:20:09_PST_2025
Cuda compilation tools, release 12.8, V12.8.61
Build cuda_12.8.r12.8/compiler.35404655_0
gn1230.twcc.ai
CUDA_VISIBLE_DEVICES: 0
GPU 0: Tesla V100-SXM2-32GB (UUID: GPU-3bddc559-e0ce-5a1a-d26d-b057769baf0f)
Sun Jun  7 21:43:04 2026       
+---------------------------------------------------------------------------------------+
| NVIDIA-SMI 535.161.08             Driver Version: 535.161.08   CUDA Version: 12.8     |
|-----------------------------------------+----------------------+----------------------+
| GPU  Name                 Persistence-M | Bus-Id        Disp.A | Volatile Uncorr. ECC |
| Fan  Temp   Perf          Pwr:Usage/Cap |         Memory-Usage | GPU-Util  Compute M. |
|                                         |                      |               MIG M. |
|=========================================+======================+======================|
|   0  Tesla V100-SXM2-32GB           On  | 00000000:1C:00.0 Off |                    0 |
| N/A   25C    P0              41W / 300W |      0MiB / 32768MiB |      0%      Default |
|                                         |                      |                  N/A |
+-----------------------------------------+----------------------+----------------------+
                                                                                         
+---------------------------------------------------------------------------------------+
| Processes:                                                                            |
|  GPU   GI   CI        PID   Type   Process name                            GPU Memory |
|        ID   ID                                                             Usage      |
|=======================================================================================|
|  No running processes found                                                           |
+---------------------------------------------------------------------------------------+
=== Build ===
rm -rf main main.o
nvcc  -std=c++17 -Wno-deprecated-gpu-targets -Xcompiler -Wall -arch=sm_70 --expt-relaxed-constexpr -O3 -c main.cu -o main.o
nvcc  -std=c++17 -Wno-deprecated-gpu-targets -Xcompiler -Wall -arch=sm_70 --expt-relaxed-constexpr -O3 main.o -o main 
=== Run ===
batch_size=3072, repeat=100, warmup=10

batch size: 3072, hidden size: 3072, topk: 2048
Average execution time of topk : 410.900513 (us)
PASS
RESULT,batch_size=3072,hidden_size=3072,topk=2048,repeat=100,avg_us=410.901,status=PASS

batch size: 3072, hidden size: 3072, topk: 1024
Average execution time of topk : 398.161926 (us)
PASS
RESULT,batch_size=3072,hidden_size=3072,topk=1024,repeat=100,avg_us=398.162,status=PASS

batch size: 3072, hidden size: 4096, topk: 2048
Average execution time of topk : 477.921295 (us)
PASS
RESULT,batch_size=3072,hidden_size=4096,topk=2048,repeat=100,avg_us=477.921,status=PASS

batch size: 3072, hidden size: 4096, topk: 1024
Average execution time of topk : 465.356812 (us)
PASS
RESULT,batch_size=3072,hidden_size=4096,topk=1024,repeat=100,avg_us=465.357,status=PASS

batch size: 3072, hidden size: 8192, topk: 2048
Average execution time of topk : 730.931152 (us)
PASS
RESULT,batch_size=3072,hidden_size=8192,topk=2048,repeat=100,avg_us=730.931,status=PASS

batch size: 3072, hidden size: 8192, topk: 1024
Average execution time of topk : 601.302979 (us)
PASS
RESULT,batch_size=3072,hidden_size=8192,topk=1024,repeat=100,avg_us=601.303,status=PASS

batch size: 3072, hidden size: 16384, topk: 2048
Average execution time of topk : 1142.077393 (us)
PASS
RESULT,batch_size=3072,hidden_size=16384,topk=2048,repeat=100,avg_us=1142.077,status=PASS

batch size: 3072, hidden size: 16384, topk: 1024
Average execution time of topk : 1233.387451 (us)
PASS
RESULT,batch_size=3072,hidden_size=16384,topk=1024,repeat=100,avg_us=1233.387,status=PASS

batch size: 3072, hidden size: 32768, topk: 2048
Average execution time of topk : 3051.008057 (us)
PASS
RESULT,batch_size=3072,hidden_size=32768,topk=2048,repeat=100,avg_us=3051.008,status=PASS

batch size: 3072, hidden size: 32768, topk: 1024
Average execution time of topk : 2892.779785 (us)
PASS
RESULT,batch_size=3072,hidden_size=32768,topk=1024,repeat=100,avg_us=2892.780,status=PASS

batch size: 3072, hidden size: 65536, topk: 2048
Average execution time of topk : 5665.382324 (us)
PASS
RESULT,batch_size=3072,hidden_size=65536,topk=2048,repeat=100,avg_us=5665.382,status=PASS

batch size: 3072, hidden size: 65536, topk: 1024
Average execution time of topk : 5468.937988 (us)
PASS
RESULT,batch_size=3072,hidden_size=65536,topk=1024,repeat=100,avg_us=5468.938,status=PASS

batch size: 3072, hidden size: 131072, topk: 2048
Average execution time of topk : 10841.825195 (us)
PASS
RESULT,batch_size=3072,hidden_size=131072,topk=2048,repeat=100,avg_us=10841.825,status=PASS

batch size: 3072, hidden size: 131072, topk: 1024
Average execution time of topk : 10593.648438 (us)
PASS
RESULT,batch_size=3072,hidden_size=131072,topk=1024,repeat=100,avg_us=10593.648,status=PASS
