=== Loading modules ===
=== Environment ===
/work/HPC_SYS/twnia2/pkg-rocky8/nvidia/cuda/cuda-12.8/bin/nvcc
nvcc: NVIDIA (R) Cuda compiler driver
Copyright (c) 2005-2025 NVIDIA Corporation
Built on Wed_Jan_15_19:20:09_PST_2025
Cuda compilation tools, release 12.8, V12.8.61
Build cuda_12.8.r12.8/compiler.35404655_0
gn1221.twcc.ai
CUDA_VISIBLE_DEVICES: 0
GPU 0: Tesla V100-SXM2-32GB (UUID: GPU-7b0b6d6a-ac08-324d-1a44-7565ed8a0a15)
Sun Jun  7 21:48:51 2026       
+---------------------------------------------------------------------------------------+
| NVIDIA-SMI 535.161.08             Driver Version: 535.161.08   CUDA Version: 12.8     |
|-----------------------------------------+----------------------+----------------------+
| GPU  Name                 Persistence-M | Bus-Id        Disp.A | Volatile Uncorr. ECC |
| Fan  Temp   Perf          Pwr:Usage/Cap |         Memory-Usage | GPU-Util  Compute M. |
|                                         |                      |               MIG M. |
|=========================================+======================+======================|
|   0  Tesla V100-SXM2-32GB           On  | 00000000:DB:00.0 Off |                    0 |
| N/A   29C    P0              43W / 300W |      0MiB / 32768MiB |      0%      Default |
|                                         |                      |                  N/A |
+-----------------------------------------+----------------------+----------------------+
                                                                                         
+---------------------------------------------------------------------------------------+
| Processes:                                                                            |
|  GPU   GI   CI        PID   Type   Process name                            GPU Memory |
|        ID   ID                                                             Usage      |
|=======================================================================================|
|  No running processes found                                                           |
+---------------------------------------------------------------------------------------+
=== Build ===
rm -rf main main.o
nvcc  -std=c++17 -Wno-deprecated-gpu-targets -Xcompiler -Wall -arch=sm_70 --expt-relaxed-constexpr -O3 -c main.cu -o main.o
nvcc  -std=c++17 -Wno-deprecated-gpu-targets -Xcompiler -Wall -arch=sm_70 --expt-relaxed-constexpr -O3 main.o -o main 
=== Run ===
batch_size=3072, repeat=100, warmup=10

batch size: 3072, hidden size: 3072, topk: 2048
Average execution time of topk : 362.567657 (us)
PASS
RESULT,batch_size=3072,hidden_size=3072,topk=2048,repeat=100,avg_us=362.568,status=PASS

batch size: 3072, hidden size: 3072, topk: 1024
Average execution time of topk : 326.348816 (us)
PASS
RESULT,batch_size=3072,hidden_size=3072,topk=1024,repeat=100,avg_us=326.349,status=PASS

batch size: 3072, hidden size: 4096, topk: 2048
Average execution time of topk : 468.131836 (us)
PASS
RESULT,batch_size=3072,hidden_size=4096,topk=2048,repeat=100,avg_us=468.132,status=PASS

batch size: 3072, hidden size: 4096, topk: 1024
Average execution time of topk : 417.853424 (us)
PASS
RESULT,batch_size=3072,hidden_size=4096,topk=1024,repeat=100,avg_us=417.853,status=PASS

batch size: 3072, hidden size: 8192, topk: 2048
Average execution time of topk : 836.976624 (us)
PASS
RESULT,batch_size=3072,hidden_size=8192,topk=2048,repeat=100,avg_us=836.977,status=PASS

batch size: 3072, hidden size: 8192, topk: 1024
Average execution time of topk : 705.269775 (us)
PASS
RESULT,batch_size=3072,hidden_size=8192,topk=1024,repeat=100,avg_us=705.270,status=PASS

batch size: 3072, hidden size: 16384, topk: 2048
Average execution time of topk : 1330.718750 (us)
PASS
RESULT,batch_size=3072,hidden_size=16384,topk=2048,repeat=100,avg_us=1330.719,status=PASS

batch size: 3072, hidden size: 16384, topk: 1024
Average execution time of topk : 1733.140503 (us)
PASS
RESULT,batch_size=3072,hidden_size=16384,topk=1024,repeat=100,avg_us=1733.141,status=PASS

batch size: 3072, hidden size: 32768, topk: 2048
Average execution time of topk : 3479.449463 (us)
PASS
RESULT,batch_size=3072,hidden_size=32768,topk=2048,repeat=100,avg_us=3479.449,status=PASS

batch size: 3072, hidden size: 32768, topk: 1024
Average execution time of topk : 3371.622070 (us)
PASS
RESULT,batch_size=3072,hidden_size=32768,topk=1024,repeat=100,avg_us=3371.622,status=PASS

batch size: 3072, hidden size: 65536, topk: 2048
Average execution time of topk : 6665.717285 (us)
PASS
RESULT,batch_size=3072,hidden_size=65536,topk=2048,repeat=100,avg_us=6665.717,status=PASS

batch size: 3072, hidden size: 65536, topk: 1024
Average execution time of topk : 6463.426270 (us)
PASS
RESULT,batch_size=3072,hidden_size=65536,topk=1024,repeat=100,avg_us=6463.426,status=PASS

batch size: 3072, hidden size: 131072, topk: 2048
Average execution time of topk : 12880.300781 (us)
PASS
RESULT,batch_size=3072,hidden_size=131072,topk=2048,repeat=100,avg_us=12880.301,status=PASS

batch size: 3072, hidden size: 131072, topk: 1024
Average execution time of topk : 12612.473633 (us)
PASS
RESULT,batch_size=3072,hidden_size=131072,topk=1024,repeat=100,avg_us=12612.474,status=PASS
