=== Loading modules ===
=== Environment ===
/work/HPC_SYS/twnia2/pkg-rocky8/nvidia/cuda/cuda-12.8/bin/nvcc
nvcc: NVIDIA (R) Cuda compiler driver
Copyright (c) 2005-2025 NVIDIA Corporation
Built on Wed_Jan_15_19:20:09_PST_2025
Cuda compilation tools, release 12.8, V12.8.61
Build cuda_12.8.r12.8/compiler.35404655_0
gn1222.twcc.ai
CUDA_VISIBLE_DEVICES: 0
GPU 0: Tesla V100-SXM2-32GB (UUID: GPU-145c9ce9-e63a-59f8-c6d7-cd0a7a73ba66)
Sun Jun  7 21:36:55 2026       
+---------------------------------------------------------------------------------------+
| NVIDIA-SMI 535.161.08             Driver Version: 535.161.08   CUDA Version: 12.8     |
|-----------------------------------------+----------------------+----------------------+
| GPU  Name                 Persistence-M | Bus-Id        Disp.A | Volatile Uncorr. ECC |
| Fan  Temp   Perf          Pwr:Usage/Cap |         Memory-Usage | GPU-Util  Compute M. |
|                                         |                      |               MIG M. |
|=========================================+======================+======================|
|   0  Tesla V100-SXM2-32GB           On  | 00000000:B1:00.0 Off |                    0 |
| N/A   25C    P0              40W / 300W |      0MiB / 32768MiB |      0%      Default |
|                                         |                      |                  N/A |
+-----------------------------------------+----------------------+----------------------+
                                                                                         
+---------------------------------------------------------------------------------------+
| Processes:                                                                            |
|  GPU   GI   CI        PID   Type   Process name                            GPU Memory |
|        ID   ID                                                             Usage      |
|=======================================================================================|
|  No running processes found                                                           |
+---------------------------------------------------------------------------------------+
=== Build ===
rm -rf main main.o
nvcc  -std=c++17 -Xcompiler -Wall -arch=sm_70 --expt-relaxed-constexpr -O3 -c main.cu -o main.o
nvcc warning : Support for offline compilation for architectures prior to '<compute/sm/lto>_75' will be removed in a future release (Use -Wno-deprecated-gpu-targets to suppress warning).
nvcc  -std=c++17 -Xcompiler -Wall -arch=sm_70 --expt-relaxed-constexpr -O3 main.o -o main 
nvcc warning : Support for offline compilation for architectures prior to '<compute/sm/lto>_75' will be removed in a future release (Use -Wno-deprecated-gpu-targets to suppress warning).
=== Run ===

batch size: 3072, hidden size: 3072, topk: 2048
Average execution time of topk : 693.378296 (us)
PASS

batch size: 3072, hidden size: 3072, topk: 1024
Average execution time of topk : 641.491028 (us)
PASS

batch size: 3072, hidden size: 4096, topk: 2048
Average execution time of topk : 710.501160 (us)
PASS

batch size: 3072, hidden size: 4096, topk: 1024
Average execution time of topk : 709.647217 (us)
PASS

batch size: 3072, hidden size: 8192, topk: 2048
Average execution time of topk : 1001.245605 (us)
PASS

batch size: 3072, hidden size: 8192, topk: 1024
Average execution time of topk : 882.973389 (us)
PASS

batch size: 3072, hidden size: 16384, topk: 2048
Average execution time of topk : 1542.135254 (us)
PASS

batch size: 3072, hidden size: 16384, topk: 1024
Average execution time of topk : 1622.365601 (us)
PASS

batch size: 3072, hidden size: 32768, topk: 2048
Average execution time of topk : 3511.574951 (us)
PASS

batch size: 3072, hidden size: 32768, topk: 1024
Average execution time of topk : 3356.526367 (us)
PASS

batch size: 3072, hidden size: 65536, topk: 2048
Average execution time of topk : 6338.718750 (us)
PASS

batch size: 3072, hidden size: 65536, topk: 1024
Average execution time of topk : 6159.676758 (us)
PASS

batch size: 3072, hidden size: 131072, topk: 2048
Average execution time of topk : 11955.531250 (us)
PASS

batch size: 3072, hidden size: 131072, topk: 1024
Average execution time of topk : 11735.297852 (us)
PASS
