
============================================================
[STAGE] Job started
[TIME ] 2026-06-04 20:05:43
============================================================
Job ID: 944626
Node: gn1230.twcc.ai
Submit dir: /home/r14525078/HeCBench/src/moe-cuda
Current dir: /home/r14525078/HeCBench/src/moe-cuda
CUDA_VISIBLE_DEVICES: 0

============================================================
[STAGE] Load CUDA module
[TIME ] 2026-06-04 20:05:43
============================================================
nvcc path:
/work/HPC_SYS/twnia2/pkg-rocky8/nvidia/cuda/cuda-12.8/bin/nvcc
nvcc version:
nvcc: NVIDIA (R) Cuda compiler driver
Copyright (c) 2005-2025 NVIDIA Corporation
Built on Wed_Jan_15_19:20:09_PST_2025
Cuda compilation tools, release 12.8, V12.8.61
Build cuda_12.8.r12.8/compiler.35404655_0

============================================================
[STAGE] Check GPU information
[TIME ] 2026-06-04 20:05:44
============================================================
Thu Jun  4 20:05:44 2026       
+---------------------------------------------------------------------------------------+
| NVIDIA-SMI 535.161.08             Driver Version: 535.161.08   CUDA Version: 12.8     |
|-----------------------------------------+----------------------+----------------------+
| GPU  Name                 Persistence-M | Bus-Id        Disp.A | Volatile Uncorr. ECC |
| Fan  Temp   Perf          Pwr:Usage/Cap |         Memory-Usage | GPU-Util  Compute M. |
|                                         |                      |               MIG M. |
|=========================================+======================+======================|
|   0  Tesla V100-SXM2-32GB           On  | 00000000:B1:00.0 Off |                    0 |
| N/A   27C    P0              54W / 300W |      0MiB / 32768MiB |      0%      Default |
|                                         |                      |                  N/A |
+-----------------------------------------+----------------------+----------------------+
                                                                                         
+---------------------------------------------------------------------------------------+
| Processes:                                                                            |
|  GPU   GI   CI        PID   Type   Process name                            GPU Memory |
|        ID   ID                                                             Usage      |
|=======================================================================================|
|  No running processes found                                                           |
+---------------------------------------------------------------------------------------+

============================================================
[STAGE] Set benchmark configuration
[TIME ] 2026-06-04 20:05:44
============================================================
BENCH_DIR=/home/r14525078/HeCBench/src/moe-cuda
RESULT_FILE=/home/r14525078/HeCBench/src/moe-cuda/results/moe_cuda_result_944626.txt
ARCH=sm_70
NUM_TOKENS=32768
NUM_EXPERTS=384
TOPK_LIST=1 2 4 8
REPEAT=1000
RUNS=10

============================================================
[STAGE] Enter benchmark directory
[TIME ] 2026-06-04 20:05:44
============================================================
Current directory: /home/r14525078/HeCBench/src/moe-cuda
Files before build:
total 20
drwxr-xr-x 2 r14525078 ACD115083 4096 Jun  4 20:05 .
drwxr-xr-x 2 r14525078 ACD115083 4096 Jun  4 17:38 ..
-rw-r--r-- 1 r14525078 ACD115083  127 Jun  4 17:38 CMakeLists.txt
-rw-r--r-- 1 r14525078 ACD115083 4037 Jun  4 17:38 kernels.h
-rw-r--r-- 1 r14525078 ACD115083  901 Jun  4 17:38 LICENSE
drwxr-xr-x 2 r14525078 ACD115083 4096 Jun  4 20:05 logs
-rw-r--r-- 1 r14525078 ACD115083 5024 Jun  4 17:38 main.cu
-rw-r--r-- 1 r14525078 ACD115083 1550 Jun  4 20:00 Makefile
-rw-r--r-- 1 r14525078 ACD115083 2942 Jun  4 17:38 reference.h
drwxr-xr-x 2 r14525078 ACD115083 4096 Jun  4 20:05 results
-rw-r--r-- 1 r14525078 ACD115083 4575 Jun  4 20:03 run_moe_cuda.slurm

============================================================
[STAGE] Check required source files
[TIME ] 2026-06-04 20:05:44
============================================================

============================================================
[STAGE] Check optional header files
[TIME ] 2026-06-04 20:05:44
============================================================
[OK] Found kernels.h
[OK] Found reference.h

============================================================
[STAGE] Check Makefile architecture settings
[TIME ] 2026-06-04 20:05:44
============================================================
9:ARCH      = sm_70
27:CFLAGS := $(EXTRA_CFLAGS) -std=c++17 -Xcompiler -Wall -arch=$(ARCH)

============================================================
[STAGE] Check main argument usage
[TIME ] 2026-06-04 20:05:44
============================================================
156:int main(int argc, char* argv[])
158:  if (argc != 5) {
159:    printf("Usage: %s <number of tokens> <number of experts> <top K> <repeat>\n", argv[0]);
162:  const int num_tokens = atoi(argv[1]);
163:  const int num_experts = atoi(argv[2]);
164:  const int topk = atoi(argv[3]);
165:  const int repeat = atoi(argv[4]);

============================================================
[STAGE] Clean previous build
[TIME ] 2026-06-04 20:05:44
============================================================
rm -rf main main.o

============================================================
[STAGE] Build moe-cuda for V100 sm_70
[TIME ] 2026-06-04 20:05:44
============================================================
nvcc  -std=c++17 -Xcompiler -Wall -arch=sm_70 -O3 -c main.cu -o main.o
nvcc  -std=c++17 -Xcompiler -Wall -arch=sm_70 -O3 main.o -o main 

============================================================
[STAGE] Check build output
[TIME ] 2026-06-04 20:05:52
============================================================
-rwxr-xr-x 1 r14525078 ACD115083 1.1M Jun  4 20:05 ./main

============================================================
[STAGE] Start benchmark runs
[TIME ] 2026-06-04 20:05:52
============================================================
benchmark=moe-cuda
job_id=944626
node=gn1230.twcc.ai
submit_dir=/home/r14525078/HeCBench/src/moe-cuda
bench_dir=/home/r14525078/HeCBench/src/moe-cuda
arch=sm_70
num_tokens=32768
num_experts=384
topk_list=1 2 4 8
repeat=1000
runs=10
usage=./main <number of tokens> <number of experts> <top K> <repeat>
start_time=2026-06-04 20:05:52

############################################################
[CONFIG] num_tokens=32768, num_experts=384, topk=1, repeat=1000
############################################################

------------------------------------------------------------
[RUN 1] start: 2026-06-04 20:05:52
[RUN 1] command: timeout 180s ./main 32768 384 1 1000
------------------------------------------------------------
PASS
Average execution time of kernels: 311.905914 (us)
------------------------------------------------------------
[RUN 1] end: 2026-06-04 20:05:53
------------------------------------------------------------

------------------------------------------------------------
[RUN 2] start: 2026-06-04 20:05:53
[RUN 2] command: timeout 180s ./main 32768 384 1 1000
------------------------------------------------------------
PASS
Average execution time of kernels: 311.789612 (us)
------------------------------------------------------------
[RUN 2] end: 2026-06-04 20:05:54
------------------------------------------------------------

------------------------------------------------------------
[RUN 3] start: 2026-06-04 20:05:54
[RUN 3] command: timeout 180s ./main 32768 384 1 1000
------------------------------------------------------------
PASS
Average execution time of kernels: 311.828308 (us)
------------------------------------------------------------
[RUN 3] end: 2026-06-04 20:05:55
------------------------------------------------------------

------------------------------------------------------------
[RUN 4] start: 2026-06-04 20:05:55
[RUN 4] command: timeout 180s ./main 32768 384 1 1000
------------------------------------------------------------
PASS
Average execution time of kernels: 311.842804 (us)
------------------------------------------------------------
[RUN 4] end: 2026-06-04 20:05:56
------------------------------------------------------------

------------------------------------------------------------
[RUN 5] start: 2026-06-04 20:05:56
[RUN 5] command: timeout 180s ./main 32768 384 1 1000
------------------------------------------------------------
PASS
Average execution time of kernels: 312.067902 (us)
------------------------------------------------------------
[RUN 5] end: 2026-06-04 20:05:57
------------------------------------------------------------

------------------------------------------------------------
[RUN 6] start: 2026-06-04 20:05:57
[RUN 6] command: timeout 180s ./main 32768 384 1 1000
------------------------------------------------------------
PASS
Average execution time of kernels: 311.876678 (us)
------------------------------------------------------------
[RUN 6] end: 2026-06-04 20:05:58
------------------------------------------------------------

------------------------------------------------------------
[RUN 7] start: 2026-06-04 20:05:58
[RUN 7] command: timeout 180s ./main 32768 384 1 1000
------------------------------------------------------------
PASS
Average execution time of kernels: 311.867279 (us)
------------------------------------------------------------
[RUN 7] end: 2026-06-04 20:05:59
------------------------------------------------------------

------------------------------------------------------------
[RUN 8] start: 2026-06-04 20:05:59
[RUN 8] command: timeout 180s ./main 32768 384 1 1000
------------------------------------------------------------
PASS
Average execution time of kernels: 311.682404 (us)
------------------------------------------------------------
[RUN 8] end: 2026-06-04 20:06:00
------------------------------------------------------------

------------------------------------------------------------
[RUN 9] start: 2026-06-04 20:06:00
[RUN 9] command: timeout 180s ./main 32768 384 1 1000
------------------------------------------------------------
PASS
Average execution time of kernels: 311.821045 (us)
------------------------------------------------------------
[RUN 9] end: 2026-06-04 20:06:01
------------------------------------------------------------

------------------------------------------------------------
[RUN 10] start: 2026-06-04 20:06:01
[RUN 10] command: timeout 180s ./main 32768 384 1 1000
------------------------------------------------------------
PASS
Average execution time of kernels: 311.922241 (us)
------------------------------------------------------------
[RUN 10] end: 2026-06-04 20:06:02
------------------------------------------------------------

############################################################
[CONFIG] num_tokens=32768, num_experts=384, topk=2, repeat=1000
############################################################

------------------------------------------------------------
[RUN 1] start: 2026-06-04 20:06:02
[RUN 1] command: timeout 180s ./main 32768 384 2 1000
------------------------------------------------------------
PASS
Average execution time of kernels: 395.934448 (us)
------------------------------------------------------------
[RUN 1] end: 2026-06-04 20:06:03
------------------------------------------------------------

------------------------------------------------------------
[RUN 2] start: 2026-06-04 20:06:03
[RUN 2] command: timeout 180s ./main 32768 384 2 1000
------------------------------------------------------------
PASS
Average execution time of kernels: 395.955505 (us)
------------------------------------------------------------
[RUN 2] end: 2026-06-04 20:06:04
------------------------------------------------------------

------------------------------------------------------------
[RUN 3] start: 2026-06-04 20:06:04
[RUN 3] command: timeout 180s ./main 32768 384 2 1000
------------------------------------------------------------
PASS
Average execution time of kernels: 395.950623 (us)
------------------------------------------------------------
[RUN 3] end: 2026-06-04 20:06:05
------------------------------------------------------------

------------------------------------------------------------
[RUN 4] start: 2026-06-04 20:06:05
[RUN 4] command: timeout 180s ./main 32768 384 2 1000
------------------------------------------------------------
PASS
Average execution time of kernels: 396.099335 (us)
------------------------------------------------------------
[RUN 4] end: 2026-06-04 20:06:06
------------------------------------------------------------

------------------------------------------------------------
[RUN 5] start: 2026-06-04 20:06:06
[RUN 5] command: timeout 180s ./main 32768 384 2 1000
------------------------------------------------------------
PASS
Average execution time of kernels: 396.081055 (us)
------------------------------------------------------------
[RUN 5] end: 2026-06-04 20:06:07
------------------------------------------------------------

------------------------------------------------------------
[RUN 6] start: 2026-06-04 20:06:07
[RUN 6] command: timeout 180s ./main 32768 384 2 1000
------------------------------------------------------------
PASS
Average execution time of kernels: 395.996399 (us)
------------------------------------------------------------
[RUN 6] end: 2026-06-04 20:06:09
------------------------------------------------------------

------------------------------------------------------------
[RUN 7] start: 2026-06-04 20:06:09
[RUN 7] command: timeout 180s ./main 32768 384 2 1000
------------------------------------------------------------
PASS
Average execution time of kernels: 395.875458 (us)
------------------------------------------------------------
[RUN 7] end: 2026-06-04 20:06:10
------------------------------------------------------------

------------------------------------------------------------
[RUN 8] start: 2026-06-04 20:06:10
[RUN 8] command: timeout 180s ./main 32768 384 2 1000
------------------------------------------------------------
PASS
Average execution time of kernels: 395.968262 (us)
------------------------------------------------------------
[RUN 8] end: 2026-06-04 20:06:11
------------------------------------------------------------

------------------------------------------------------------
[RUN 9] start: 2026-06-04 20:06:11
[RUN 9] command: timeout 180s ./main 32768 384 2 1000
------------------------------------------------------------
PASS
Average execution time of kernels: 396.052948 (us)
------------------------------------------------------------
[RUN 9] end: 2026-06-04 20:06:12
------------------------------------------------------------

------------------------------------------------------------
[RUN 10] start: 2026-06-04 20:06:12
[RUN 10] command: timeout 180s ./main 32768 384 2 1000
------------------------------------------------------------
PASS
Average execution time of kernels: 395.986816 (us)
------------------------------------------------------------
[RUN 10] end: 2026-06-04 20:06:13
------------------------------------------------------------

############################################################
[CONFIG] num_tokens=32768, num_experts=384, topk=4, repeat=1000
############################################################

------------------------------------------------------------
[RUN 1] start: 2026-06-04 20:06:13
[RUN 1] command: timeout 180s ./main 32768 384 4 1000
------------------------------------------------------------
PASS
Average execution time of kernels: 599.583496 (us)
------------------------------------------------------------
[RUN 1] end: 2026-06-04 20:06:15
------------------------------------------------------------

------------------------------------------------------------
[RUN 2] start: 2026-06-04 20:06:15
[RUN 2] command: timeout 180s ./main 32768 384 4 1000
------------------------------------------------------------
PASS
Average execution time of kernels: 599.565186 (us)
------------------------------------------------------------
[RUN 2] end: 2026-06-04 20:06:16
------------------------------------------------------------

------------------------------------------------------------
[RUN 3] start: 2026-06-04 20:06:16
[RUN 3] command: timeout 180s ./main 32768 384 4 1000
------------------------------------------------------------
PASS
Average execution time of kernels: 599.543579 (us)
------------------------------------------------------------
[RUN 3] end: 2026-06-04 20:06:17
------------------------------------------------------------

------------------------------------------------------------
[RUN 4] start: 2026-06-04 20:06:17
[RUN 4] command: timeout 180s ./main 32768 384 4 1000
------------------------------------------------------------
PASS
Average execution time of kernels: 599.760742 (us)
------------------------------------------------------------
[RUN 4] end: 2026-06-04 20:06:19
------------------------------------------------------------

------------------------------------------------------------
[RUN 5] start: 2026-06-04 20:06:19
[RUN 5] command: timeout 180s ./main 32768 384 4 1000
------------------------------------------------------------
PASS
Average execution time of kernels: 599.614136 (us)
------------------------------------------------------------
[RUN 5] end: 2026-06-04 20:06:20
------------------------------------------------------------

------------------------------------------------------------
[RUN 6] start: 2026-06-04 20:06:20
[RUN 6] command: timeout 180s ./main 32768 384 4 1000
------------------------------------------------------------
PASS
Average execution time of kernels: 599.461609 (us)
------------------------------------------------------------
[RUN 6] end: 2026-06-04 20:06:22
------------------------------------------------------------

------------------------------------------------------------
[RUN 7] start: 2026-06-04 20:06:22
[RUN 7] command: timeout 180s ./main 32768 384 4 1000
------------------------------------------------------------
PASS
Average execution time of kernels: 599.679138 (us)
------------------------------------------------------------
[RUN 7] end: 2026-06-04 20:06:23
------------------------------------------------------------

------------------------------------------------------------
[RUN 8] start: 2026-06-04 20:06:23
[RUN 8] command: timeout 180s ./main 32768 384 4 1000
------------------------------------------------------------
PASS
Average execution time of kernels: 599.599121 (us)
------------------------------------------------------------
[RUN 8] end: 2026-06-04 20:06:24
------------------------------------------------------------

------------------------------------------------------------
[RUN 9] start: 2026-06-04 20:06:24
[RUN 9] command: timeout 180s ./main 32768 384 4 1000
------------------------------------------------------------
PASS
Average execution time of kernels: 599.560242 (us)
------------------------------------------------------------
[RUN 9] end: 2026-06-04 20:06:26
------------------------------------------------------------

------------------------------------------------------------
[RUN 10] start: 2026-06-04 20:06:26
[RUN 10] command: timeout 180s ./main 32768 384 4 1000
------------------------------------------------------------
PASS
Average execution time of kernels: 599.484680 (us)
------------------------------------------------------------
[RUN 10] end: 2026-06-04 20:06:27
------------------------------------------------------------

############################################################
[CONFIG] num_tokens=32768, num_experts=384, topk=8, repeat=1000
############################################################

------------------------------------------------------------
[RUN 1] start: 2026-06-04 20:06:27
[RUN 1] command: timeout 180s ./main 32768 384 8 1000
------------------------------------------------------------
PASS
Average execution time of kernels: 1112.420410 (us)
------------------------------------------------------------
[RUN 1] end: 2026-06-04 20:06:29
------------------------------------------------------------

------------------------------------------------------------
[RUN 2] start: 2026-06-04 20:06:29
[RUN 2] command: timeout 180s ./main 32768 384 8 1000
------------------------------------------------------------
PASS
Average execution time of kernels: 1112.438477 (us)
------------------------------------------------------------
[RUN 2] end: 2026-06-04 20:06:32
------------------------------------------------------------

------------------------------------------------------------
[RUN 3] start: 2026-06-04 20:06:32
[RUN 3] command: timeout 180s ./main 32768 384 8 1000
------------------------------------------------------------
PASS
Average execution time of kernels: 1113.270142 (us)
------------------------------------------------------------
[RUN 3] end: 2026-06-04 20:06:34
------------------------------------------------------------

------------------------------------------------------------
[RUN 4] start: 2026-06-04 20:06:34
[RUN 4] command: timeout 180s ./main 32768 384 8 1000
------------------------------------------------------------
PASS
Average execution time of kernels: 1112.510498 (us)
------------------------------------------------------------
[RUN 4] end: 2026-06-04 20:06:36
------------------------------------------------------------

------------------------------------------------------------
[RUN 5] start: 2026-06-04 20:06:36
[RUN 5] command: timeout 180s ./main 32768 384 8 1000
------------------------------------------------------------
PASS
Average execution time of kernels: 1112.493530 (us)
------------------------------------------------------------
[RUN 5] end: 2026-06-04 20:06:38
------------------------------------------------------------

------------------------------------------------------------
[RUN 6] start: 2026-06-04 20:06:38
[RUN 6] command: timeout 180s ./main 32768 384 8 1000
------------------------------------------------------------
PASS
Average execution time of kernels: 1112.550537 (us)
------------------------------------------------------------
[RUN 6] end: 2026-06-04 20:06:40
------------------------------------------------------------

------------------------------------------------------------
[RUN 7] start: 2026-06-04 20:06:40
[RUN 7] command: timeout 180s ./main 32768 384 8 1000
------------------------------------------------------------
PASS
Average execution time of kernels: 1112.494507 (us)
------------------------------------------------------------
[RUN 7] end: 2026-06-04 20:06:43
------------------------------------------------------------

------------------------------------------------------------
[RUN 8] start: 2026-06-04 20:06:43
[RUN 8] command: timeout 180s ./main 32768 384 8 1000
------------------------------------------------------------
PASS
Average execution time of kernels: 1112.481079 (us)
------------------------------------------------------------
[RUN 8] end: 2026-06-04 20:06:45
------------------------------------------------------------

------------------------------------------------------------
[RUN 9] start: 2026-06-04 20:06:45
[RUN 9] command: timeout 180s ./main 32768 384 8 1000
------------------------------------------------------------
PASS
Average execution time of kernels: 1112.501953 (us)
------------------------------------------------------------
[RUN 9] end: 2026-06-04 20:06:47
------------------------------------------------------------

------------------------------------------------------------
[RUN 10] start: 2026-06-04 20:06:47
[RUN 10] command: timeout 180s ./main 32768 384 8 1000
------------------------------------------------------------
PASS
Average execution time of kernels: 1112.536621 (us)
------------------------------------------------------------
[RUN 10] end: 2026-06-04 20:06:49
------------------------------------------------------------

end_time=2026-06-04 20:06:49

============================================================
[STAGE] Check PASS / FAIL summary
[TIME ] 2026-06-04 20:06:49
============================================================
PASS count:
40
FAIL count:
0
Average execution time lines:
Average execution time of kernels: 311.905914 (us)
Average execution time of kernels: 311.789612 (us)
Average execution time of kernels: 311.828308 (us)
Average execution time of kernels: 311.842804 (us)
Average execution time of kernels: 312.067902 (us)
Average execution time of kernels: 311.876678 (us)
Average execution time of kernels: 311.867279 (us)
Average execution time of kernels: 311.682404 (us)
Average execution time of kernels: 311.821045 (us)
Average execution time of kernels: 311.922241 (us)
Average execution time of kernels: 395.934448 (us)
Average execution time of kernels: 395.955505 (us)
Average execution time of kernels: 395.950623 (us)
Average execution time of kernels: 396.099335 (us)
Average execution time of kernels: 396.081055 (us)
Average execution time of kernels: 395.996399 (us)
Average execution time of kernels: 395.875458 (us)
Average execution time of kernels: 395.968262 (us)
Average execution time of kernels: 396.052948 (us)
Average execution time of kernels: 395.986816 (us)
Average execution time of kernels: 599.583496 (us)
Average execution time of kernels: 599.565186 (us)
Average execution time of kernels: 599.543579 (us)
Average execution time of kernels: 599.760742 (us)
Average execution time of kernels: 599.614136 (us)
Average execution time of kernels: 599.461609 (us)
Average execution time of kernels: 599.679138 (us)
Average execution time of kernels: 599.599121 (us)
Average execution time of kernels: 599.560242 (us)
Average execution time of kernels: 599.484680 (us)
Average execution time of kernels: 1112.420410 (us)
Average execution time of kernels: 1112.438477 (us)
Average execution time of kernels: 1113.270142 (us)
Average execution time of kernels: 1112.510498 (us)
Average execution time of kernels: 1112.493530 (us)
Average execution time of kernels: 1112.550537 (us)
Average execution time of kernels: 1112.494507 (us)
Average execution time of kernels: 1112.481079 (us)
Average execution time of kernels: 1112.501953 (us)
Average execution time of kernels: 1112.536621 (us)

============================================================
[STAGE] Benchmark completed
[TIME ] 2026-06-04 20:06:49
============================================================
Result file: /home/r14525078/HeCBench/src/moe-cuda/results/moe_cuda_result_944626.txt

============================================================
[STAGE] Job finished successfully
[TIME ] 2026-06-04 20:06:49
============================================================
