
============================================================
[STAGE] Job started
[TIME ] 2026-06-05 15:02:13
============================================================
Job ID: 944980
Node: gn1221.twcc.ai
Submit dir: /home/r14525078/HeCBench/src/moe-cuda
Current dir: /home/r14525078/HeCBench/src/moe-cuda
CUDA_VISIBLE_DEVICES: 0

============================================================
[STAGE] Load CUDA module
[TIME ] 2026-06-05 15:02:13
============================================================
nvcc path:
/work/HPC_SYS/twnia2/pkg-rocky8/nvidia/cuda/cuda-12.8/bin/nvcc
nvcc version:
nvcc: NVIDIA (R) Cuda compiler driver
Copyright (c) 2005-2025 NVIDIA Corporation
Built on Wed_Jan_15_19:20:09_PST_2025
Cuda compilation tools, release 12.8, V12.8.61
Build cuda_12.8.r12.8/compiler.35404655_0

============================================================
[STAGE] Check GPU information
[TIME ] 2026-06-05 15:02:13
============================================================
Fri Jun  5 15:02:13 2026       
+---------------------------------------------------------------------------------------+
| NVIDIA-SMI 535.161.08             Driver Version: 535.161.08   CUDA Version: 12.8     |
|-----------------------------------------+----------------------+----------------------+
| GPU  Name                 Persistence-M | Bus-Id        Disp.A | Volatile Uncorr. ECC |
| Fan  Temp   Perf          Pwr:Usage/Cap |         Memory-Usage | GPU-Util  Compute M. |
|                                         |                      |               MIG M. |
|=========================================+======================+======================|
|   0  Tesla V100-SXM2-32GB           On  | 00000000:DC:00.0 Off |                    0 |
| N/A   26C    P0              42W / 300W |      0MiB / 32768MiB |      0%      Default |
|                                         |                      |                  N/A |
+-----------------------------------------+----------------------+----------------------+
                                                                                         
+---------------------------------------------------------------------------------------+
| Processes:                                                                            |
|  GPU   GI   CI        PID   Type   Process name                            GPU Memory |
|        ID   ID                                                             Usage      |
|=======================================================================================|
|  No running processes found                                                           |
+---------------------------------------------------------------------------------------+

============================================================
[STAGE] Set benchmark configuration
[TIME ] 2026-06-05 15:02:13
============================================================
BENCH_DIR=/home/r14525078/HeCBench/src/moe-cuda
RESULT_FILE=/home/r14525078/HeCBench/src/moe-cuda/results/moe_cuda_result_944980.txt
ARCH=sm_70
NUM_TOKENS=32768
NUM_EXPERTS=384
TOPK_LIST=1 2 4 8
REPEAT=1000
RUNS=10

============================================================
[STAGE] Enter benchmark directory
[TIME ] 2026-06-05 15:02:13
============================================================
Current directory: /home/r14525078/HeCBench/src/moe-cuda
Files before build:
total 1643
drwxr-xr-x 2 r14525078 ACD115083    4096 Jun  5 15:01 .
drwxr-xr-x 2 r14525078 ACD115083    4096 Jun  4 17:38 ..
-rw-r--r-- 1 r14525078 ACD115083     127 Jun  4 17:38 CMakeLists.txt
-rw-r--r-- 1 r14525078 ACD115083     901 Jun  4 17:38 LICENSE
-rw-r--r-- 1 r14525078 ACD115083    1550 Jun  4 20:00 Makefile
-rw-r--r-- 1 r14525078 ACD115083    7315 Jun  5 15:00 kernels.h
drwxr-xr-x 2 r14525078 ACD115083    4096 Jun  5 15:02 logs
-rwxr-xr-x 1 r14525078 ACD115083 1232712 Jun  5 15:01 main
-rw-r--r-- 1 r14525078 ACD115083    7067 Jun  5 15:00 main.cu
-rw-r--r-- 1 r14525078 ACD115083  428344 Jun  5 15:01 main.o
-rw-r--r-- 1 r14525078 ACD115083    2942 Jun  4 17:38 reference.h
drwxr-xr-x 2 r14525078 ACD115083    4096 Jun  5 15:01 results
-rw-r--r-- 1 r14525078 ACD115083    4575 Jun  4 20:03 run_moe_cuda.slurm

============================================================
[STAGE] Check required source files
[TIME ] 2026-06-05 15:02:13
============================================================

============================================================
[STAGE] Check optional header files
[TIME ] 2026-06-05 15:02:13
============================================================
[OK] Found kernels.h
[OK] Found reference.h

============================================================
[STAGE] Check Makefile architecture settings
[TIME ] 2026-06-05 15:02:13
============================================================
9:ARCH      = sm_70
27:CFLAGS := $(EXTRA_CFLAGS) -std=c++17 -Xcompiler -Wall -arch=$(ARCH)

============================================================
[STAGE] Check main argument usage
[TIME ] 2026-06-05 15:02:13
============================================================
203:int main(int argc, char* argv[])
205:  if (argc != 5) {
206:    printf("Usage: %s <number of tokens> <number of experts> <top K> <repeat>\n", argv[0]);
209:  const int num_tokens = atoi(argv[1]);
210:  const int num_experts = atoi(argv[2]);
211:  const int topk = atoi(argv[3]);
212:  const int repeat = atoi(argv[4]);

============================================================
[STAGE] Clean previous build
[TIME ] 2026-06-05 15:02:13
============================================================
rm -rf main main.o

============================================================
[STAGE] Build moe-cuda for V100 sm_70
[TIME ] 2026-06-05 15:02:13
============================================================
nvcc  -std=c++17 -Xcompiler -Wall -arch=sm_70 -O3 -c main.cu -o main.o
nvcc  -std=c++17 -Xcompiler -Wall -arch=sm_70 -O3 main.o -o main 

============================================================
[STAGE] Check build output
[TIME ] 2026-06-05 15:02:23
============================================================
-rwxr-xr-x 1 r14525078 ACD115083 1.2M Jun  5 15:02 ./main

============================================================
[STAGE] Start benchmark runs
[TIME ] 2026-06-05 15:02:23
============================================================
benchmark=moe-cuda
job_id=944980
node=gn1221.twcc.ai
submit_dir=/home/r14525078/HeCBench/src/moe-cuda
bench_dir=/home/r14525078/HeCBench/src/moe-cuda
arch=sm_70
num_tokens=32768
num_experts=384
topk_list=1 2 4 8
repeat=1000
runs=10
usage=./main <number of tokens> <number of experts> <top K> <repeat>
start_time=2026-06-05 15:02:23

############################################################
[CONFIG] num_tokens=32768, num_experts=384, topk=1, repeat=1000
############################################################

------------------------------------------------------------
[RUN 1] start: 2026-06-05 15:02:23
[RUN 1] command: timeout 180s ./main 32768 384 1 1000
------------------------------------------------------------
PASS
Average execution time of kernels: 268.666046 (us)
------------------------------------------------------------
[RUN 1] end: 2026-06-05 15:02:24
------------------------------------------------------------

------------------------------------------------------------
[RUN 2] start: 2026-06-05 15:02:24
[RUN 2] command: timeout 180s ./main 32768 384 1 1000
------------------------------------------------------------
PASS
Average execution time of kernels: 236.084473 (us)
------------------------------------------------------------
[RUN 2] end: 2026-06-05 15:02:24
------------------------------------------------------------

------------------------------------------------------------
[RUN 3] start: 2026-06-05 15:02:24
[RUN 3] command: timeout 180s ./main 32768 384 1 1000
------------------------------------------------------------
PASS
Average execution time of kernels: 236.137177 (us)
------------------------------------------------------------
[RUN 3] end: 2026-06-05 15:02:25
------------------------------------------------------------

------------------------------------------------------------
[RUN 4] start: 2026-06-05 15:02:25
[RUN 4] command: timeout 180s ./main 32768 384 1 1000
------------------------------------------------------------
PASS
Average execution time of kernels: 236.109070 (us)
------------------------------------------------------------
[RUN 4] end: 2026-06-05 15:02:26
------------------------------------------------------------

------------------------------------------------------------
[RUN 5] start: 2026-06-05 15:02:26
[RUN 5] command: timeout 180s ./main 32768 384 1 1000
------------------------------------------------------------
PASS
Average execution time of kernels: 236.090149 (us)
------------------------------------------------------------
[RUN 5] end: 2026-06-05 15:02:27
------------------------------------------------------------

------------------------------------------------------------
[RUN 6] start: 2026-06-05 15:02:27
[RUN 6] command: timeout 180s ./main 32768 384 1 1000
------------------------------------------------------------
PASS
Average execution time of kernels: 236.191284 (us)
------------------------------------------------------------
[RUN 6] end: 2026-06-05 15:02:28
------------------------------------------------------------

------------------------------------------------------------
[RUN 7] start: 2026-06-05 15:02:28
[RUN 7] command: timeout 180s ./main 32768 384 1 1000
------------------------------------------------------------
PASS
Average execution time of kernels: 236.179810 (us)
------------------------------------------------------------
[RUN 7] end: 2026-06-05 15:02:29
------------------------------------------------------------

------------------------------------------------------------
[RUN 8] start: 2026-06-05 15:02:29
[RUN 8] command: timeout 180s ./main 32768 384 1 1000
------------------------------------------------------------
PASS
Average execution time of kernels: 236.106735 (us)
------------------------------------------------------------
[RUN 8] end: 2026-06-05 15:02:30
------------------------------------------------------------

------------------------------------------------------------
[RUN 9] start: 2026-06-05 15:02:30
[RUN 9] command: timeout 180s ./main 32768 384 1 1000
------------------------------------------------------------
PASS
Average execution time of kernels: 236.198929 (us)
------------------------------------------------------------
[RUN 9] end: 2026-06-05 15:02:31
------------------------------------------------------------

------------------------------------------------------------
[RUN 10] start: 2026-06-05 15:02:31
[RUN 10] command: timeout 180s ./main 32768 384 1 1000
------------------------------------------------------------
PASS
Average execution time of kernels: 236.164642 (us)
------------------------------------------------------------
[RUN 10] end: 2026-06-05 15:02:32
------------------------------------------------------------

############################################################
[CONFIG] num_tokens=32768, num_experts=384, topk=2, repeat=1000
############################################################

------------------------------------------------------------
[RUN 1] start: 2026-06-05 15:02:32
[RUN 1] command: timeout 180s ./main 32768 384 2 1000
------------------------------------------------------------
PASS
Average execution time of kernels: 345.360413 (us)
------------------------------------------------------------
[RUN 1] end: 2026-06-05 15:02:33
------------------------------------------------------------

------------------------------------------------------------
[RUN 2] start: 2026-06-05 15:02:33
[RUN 2] command: timeout 180s ./main 32768 384 2 1000
------------------------------------------------------------
PASS
Average execution time of kernels: 345.296509 (us)
------------------------------------------------------------
[RUN 2] end: 2026-06-05 15:02:34
------------------------------------------------------------

------------------------------------------------------------
[RUN 3] start: 2026-06-05 15:02:34
[RUN 3] command: timeout 180s ./main 32768 384 2 1000
------------------------------------------------------------
PASS
Average execution time of kernels: 345.393036 (us)
------------------------------------------------------------
[RUN 3] end: 2026-06-05 15:02:35
------------------------------------------------------------

------------------------------------------------------------
[RUN 4] start: 2026-06-05 15:02:35
[RUN 4] command: timeout 180s ./main 32768 384 2 1000
------------------------------------------------------------
PASS
Average execution time of kernels: 345.312897 (us)
------------------------------------------------------------
[RUN 4] end: 2026-06-05 15:02:36
------------------------------------------------------------

------------------------------------------------------------
[RUN 5] start: 2026-06-05 15:02:36
[RUN 5] command: timeout 180s ./main 32768 384 2 1000
------------------------------------------------------------
PASS
Average execution time of kernels: 345.409424 (us)
------------------------------------------------------------
[RUN 5] end: 2026-06-05 15:02:37
------------------------------------------------------------

------------------------------------------------------------
[RUN 6] start: 2026-06-05 15:02:37
[RUN 6] command: timeout 180s ./main 32768 384 2 1000
------------------------------------------------------------
PASS
Average execution time of kernels: 345.391052 (us)
------------------------------------------------------------
[RUN 6] end: 2026-06-05 15:02:38
------------------------------------------------------------

------------------------------------------------------------
[RUN 7] start: 2026-06-05 15:02:38
[RUN 7] command: timeout 180s ./main 32768 384 2 1000
------------------------------------------------------------
PASS
Average execution time of kernels: 345.342987 (us)
------------------------------------------------------------
[RUN 7] end: 2026-06-05 15:02:39
------------------------------------------------------------

------------------------------------------------------------
[RUN 8] start: 2026-06-05 15:02:39
[RUN 8] command: timeout 180s ./main 32768 384 2 1000
------------------------------------------------------------
PASS
Average execution time of kernels: 345.315582 (us)
------------------------------------------------------------
[RUN 8] end: 2026-06-05 15:02:40
------------------------------------------------------------

------------------------------------------------------------
[RUN 9] start: 2026-06-05 15:02:40
[RUN 9] command: timeout 180s ./main 32768 384 2 1000
------------------------------------------------------------
PASS
Average execution time of kernels: 345.281097 (us)
------------------------------------------------------------
[RUN 9] end: 2026-06-05 15:02:41
------------------------------------------------------------

------------------------------------------------------------
[RUN 10] start: 2026-06-05 15:02:41
[RUN 10] command: timeout 180s ./main 32768 384 2 1000
------------------------------------------------------------
PASS
Average execution time of kernels: 345.339081 (us)
------------------------------------------------------------
[RUN 10] end: 2026-06-05 15:02:42
------------------------------------------------------------

############################################################
[CONFIG] num_tokens=32768, num_experts=384, topk=4, repeat=1000
############################################################

------------------------------------------------------------
[RUN 1] start: 2026-06-05 15:02:42
[RUN 1] command: timeout 180s ./main 32768 384 4 1000
------------------------------------------------------------
PASS
Average execution time of kernels: 561.984497 (us)
------------------------------------------------------------
[RUN 1] end: 2026-06-05 15:02:43
------------------------------------------------------------

------------------------------------------------------------
[RUN 2] start: 2026-06-05 15:02:43
[RUN 2] command: timeout 180s ./main 32768 384 4 1000
------------------------------------------------------------
PASS
Average execution time of kernels: 562.072815 (us)
------------------------------------------------------------
[RUN 2] end: 2026-06-05 15:02:45
------------------------------------------------------------

------------------------------------------------------------
[RUN 3] start: 2026-06-05 15:02:45
[RUN 3] command: timeout 180s ./main 32768 384 4 1000
------------------------------------------------------------
PASS
Average execution time of kernels: 561.983948 (us)
------------------------------------------------------------
[RUN 3] end: 2026-06-05 15:02:46
------------------------------------------------------------

------------------------------------------------------------
[RUN 4] start: 2026-06-05 15:02:46
[RUN 4] command: timeout 180s ./main 32768 384 4 1000
------------------------------------------------------------
PASS
Average execution time of kernels: 561.998596 (us)
------------------------------------------------------------
[RUN 4] end: 2026-06-05 15:02:47
------------------------------------------------------------

------------------------------------------------------------
[RUN 5] start: 2026-06-05 15:02:47
[RUN 5] command: timeout 180s ./main 32768 384 4 1000
------------------------------------------------------------
PASS
Average execution time of kernels: 561.987366 (us)
------------------------------------------------------------
[RUN 5] end: 2026-06-05 15:02:49
------------------------------------------------------------

------------------------------------------------------------
[RUN 6] start: 2026-06-05 15:02:49
[RUN 6] command: timeout 180s ./main 32768 384 4 1000
------------------------------------------------------------
PASS
Average execution time of kernels: 562.043884 (us)
------------------------------------------------------------
[RUN 6] end: 2026-06-05 15:02:50
------------------------------------------------------------

------------------------------------------------------------
[RUN 7] start: 2026-06-05 15:02:50
[RUN 7] command: timeout 180s ./main 32768 384 4 1000
------------------------------------------------------------
PASS
Average execution time of kernels: 561.970337 (us)
------------------------------------------------------------
[RUN 7] end: 2026-06-05 15:02:52
------------------------------------------------------------

------------------------------------------------------------
[RUN 8] start: 2026-06-05 15:02:52
[RUN 8] command: timeout 180s ./main 32768 384 4 1000
------------------------------------------------------------
PASS
Average execution time of kernels: 561.956970 (us)
------------------------------------------------------------
[RUN 8] end: 2026-06-05 15:02:53
------------------------------------------------------------

------------------------------------------------------------
[RUN 9] start: 2026-06-05 15:02:53
[RUN 9] command: timeout 180s ./main 32768 384 4 1000
------------------------------------------------------------
PASS
Average execution time of kernels: 561.980164 (us)
------------------------------------------------------------
[RUN 9] end: 2026-06-05 15:02:54
------------------------------------------------------------

------------------------------------------------------------
[RUN 10] start: 2026-06-05 15:02:54
[RUN 10] command: timeout 180s ./main 32768 384 4 1000
------------------------------------------------------------
PASS
Average execution time of kernels: 561.982178 (us)
------------------------------------------------------------
[RUN 10] end: 2026-06-05 15:02:56
------------------------------------------------------------

############################################################
[CONFIG] num_tokens=32768, num_experts=384, topk=8, repeat=1000
############################################################

------------------------------------------------------------
[RUN 1] start: 2026-06-05 15:02:56
[RUN 1] command: timeout 180s ./main 32768 384 8 1000
------------------------------------------------------------
PASS
Average execution time of kernels: 1229.856689 (us)
------------------------------------------------------------
[RUN 1] end: 2026-06-05 15:02:58
------------------------------------------------------------

------------------------------------------------------------
[RUN 2] start: 2026-06-05 15:02:58
[RUN 2] command: timeout 180s ./main 32768 384 8 1000
------------------------------------------------------------
PASS
Average execution time of kernels: 1230.050781 (us)
------------------------------------------------------------
[RUN 2] end: 2026-06-05 15:03:00
------------------------------------------------------------

------------------------------------------------------------
[RUN 3] start: 2026-06-05 15:03:00
[RUN 3] command: timeout 180s ./main 32768 384 8 1000
------------------------------------------------------------
PASS
Average execution time of kernels: 1229.963135 (us)
------------------------------------------------------------
[RUN 3] end: 2026-06-05 15:03:02
------------------------------------------------------------

------------------------------------------------------------
[RUN 4] start: 2026-06-05 15:03:02
[RUN 4] command: timeout 180s ./main 32768 384 8 1000
------------------------------------------------------------
PASS
Average execution time of kernels: 1229.861694 (us)
------------------------------------------------------------
[RUN 4] end: 2026-06-05 15:03:05
------------------------------------------------------------

------------------------------------------------------------
[RUN 5] start: 2026-06-05 15:03:05
[RUN 5] command: timeout 180s ./main 32768 384 8 1000
------------------------------------------------------------
PASS
Average execution time of kernels: 1229.992920 (us)
------------------------------------------------------------
[RUN 5] end: 2026-06-05 15:03:07
------------------------------------------------------------

------------------------------------------------------------
[RUN 6] start: 2026-06-05 15:03:07
[RUN 6] command: timeout 180s ./main 32768 384 8 1000
------------------------------------------------------------
PASS
Average execution time of kernels: 1230.032593 (us)
------------------------------------------------------------
[RUN 6] end: 2026-06-05 15:03:09
------------------------------------------------------------

------------------------------------------------------------
[RUN 7] start: 2026-06-05 15:03:09
[RUN 7] command: timeout 180s ./main 32768 384 8 1000
------------------------------------------------------------
PASS
Average execution time of kernels: 1229.984741 (us)
------------------------------------------------------------
[RUN 7] end: 2026-06-05 15:03:11
------------------------------------------------------------

------------------------------------------------------------
[RUN 8] start: 2026-06-05 15:03:11
[RUN 8] command: timeout 180s ./main 32768 384 8 1000
------------------------------------------------------------
PASS
Average execution time of kernels: 1229.917725 (us)
------------------------------------------------------------
[RUN 8] end: 2026-06-05 15:03:14
------------------------------------------------------------

------------------------------------------------------------
[RUN 9] start: 2026-06-05 15:03:14
[RUN 9] command: timeout 180s ./main 32768 384 8 1000
------------------------------------------------------------
PASS
Average execution time of kernels: 1229.902710 (us)
------------------------------------------------------------
[RUN 9] end: 2026-06-05 15:03:16
------------------------------------------------------------

------------------------------------------------------------
[RUN 10] start: 2026-06-05 15:03:16
[RUN 10] command: timeout 180s ./main 32768 384 8 1000
------------------------------------------------------------
PASS
Average execution time of kernels: 1229.966431 (us)
------------------------------------------------------------
[RUN 10] end: 2026-06-05 15:03:18
------------------------------------------------------------

end_time=2026-06-05 15:03:18

============================================================
[STAGE] Check PASS / FAIL summary
[TIME ] 2026-06-05 15:03:18
============================================================
PASS count:
40
FAIL count:
0
Average execution time lines:
Average execution time of kernels: 268.666046 (us)
Average execution time of kernels: 236.084473 (us)
Average execution time of kernels: 236.137177 (us)
Average execution time of kernels: 236.109070 (us)
Average execution time of kernels: 236.090149 (us)
Average execution time of kernels: 236.191284 (us)
Average execution time of kernels: 236.179810 (us)
Average execution time of kernels: 236.106735 (us)
Average execution time of kernels: 236.198929 (us)
Average execution time of kernels: 236.164642 (us)
Average execution time of kernels: 345.360413 (us)
Average execution time of kernels: 345.296509 (us)
Average execution time of kernels: 345.393036 (us)
Average execution time of kernels: 345.312897 (us)
Average execution time of kernels: 345.409424 (us)
Average execution time of kernels: 345.391052 (us)
Average execution time of kernels: 345.342987 (us)
Average execution time of kernels: 345.315582 (us)
Average execution time of kernels: 345.281097 (us)
Average execution time of kernels: 345.339081 (us)
Average execution time of kernels: 561.984497 (us)
Average execution time of kernels: 562.072815 (us)
Average execution time of kernels: 561.983948 (us)
Average execution time of kernels: 561.998596 (us)
Average execution time of kernels: 561.987366 (us)
Average execution time of kernels: 562.043884 (us)
Average execution time of kernels: 561.970337 (us)
Average execution time of kernels: 561.956970 (us)
Average execution time of kernels: 561.980164 (us)
Average execution time of kernels: 561.982178 (us)
Average execution time of kernels: 1229.856689 (us)
Average execution time of kernels: 1230.050781 (us)
Average execution time of kernels: 1229.963135 (us)
Average execution time of kernels: 1229.861694 (us)
Average execution time of kernels: 1229.992920 (us)
Average execution time of kernels: 1230.032593 (us)
Average execution time of kernels: 1229.984741 (us)
Average execution time of kernels: 1229.917725 (us)
Average execution time of kernels: 1229.902710 (us)
Average execution time of kernels: 1229.966431 (us)

============================================================
[STAGE] Benchmark completed
[TIME ] 2026-06-05 15:03:18
============================================================
Result file: /home/r14525078/HeCBench/src/moe-cuda/results/moe_cuda_result_944980.txt

============================================================
[STAGE] Job finished successfully
[TIME ] 2026-06-05 15:03:18
============================================================
