job_id=948563
node=gn1222
CUDA_VISIBLE_DEVICES=0
date=2026-06-09T17:04:55+08:00
pwd=/home/r14525078/p3/HeCBench/src/softmax-cuda
module purge
module load cuda/12.8
--------------------------------
loading CUDA 12.8 with cuDNN / NCCL
based on cuda_12.8.0_570.86.10_linux.run
--------------------------------

loaded_modules:

Currently Loaded Modules:
  1) cuda/12.8

 

nvcc_version:
nvcc: NVIDIA (R) Cuda compiler driver
Copyright (c) 2005-2025 NVIDIA Corporation
Built on Wed_Jan_15_19:20:09_PST_2025
Cuda compilation tools, release 12.8, V12.8.61
Build cuda_12.8.r12.8/compiler.35404655_0
nvidia_smi:
Tue Jun  9 17:04:56 2026       
+---------------------------------------------------------------------------------------+
| NVIDIA-SMI 535.161.08             Driver Version: 535.161.08   CUDA Version: 12.8     |
|-----------------------------------------+----------------------+----------------------+
| GPU  Name                 Persistence-M | Bus-Id        Disp.A | Volatile Uncorr. ECC |
| Fan  Temp   Perf          Pwr:Usage/Cap |         Memory-Usage | GPU-Util  Compute M. |
|                                         |                      |               MIG M. |
|=========================================+======================+======================|
|   0  Tesla V100-SXM2-32GB           On  | 00000000:DB:00.0 Off |                    0 |
| N/A   29C    P0              42W / 300W |      0MiB / 32768MiB |      0%      Default |
|                                         |                      |                  N/A |
+-----------------------------------------+----------------------+----------------------+
                                                                                         
+---------------------------------------------------------------------------------------+
| Processes:                                                                            |
|  GPU   GI   CI        PID   Type   Process name                            GPU Memory |
|        ID   ID                                                             Usage      |
|=======================================================================================|
|  No running processes found                                                           |
+---------------------------------------------------------------------------------------+
build_command=make clean || true && make ARCH=sm_70
rm -rf main main.o
nvcc  -std=c++17 -Xcompiler -Wall -arch=sm_70 -O3 --use_fast_math -c main.cu -o main.o
nvcc warning : Support for offline compilation for architectures prior to '<compute/sm/lto>_75' will be removed in a future release (Use -Wno-deprecated-gpu-targets to suppress warning).
nvcc  -std=c++17 -Xcompiler -Wall -arch=sm_70 -O3 --use_fast_math main.o -o main 
nvcc warning : Support for offline compilation for architectures prior to '<compute/sm/lto>_75' will be removed in a future release (Use -Wno-deprecated-gpu-targets to suppress warning).
benchmark_command=./main 100000 64 0 100
Average kernel execution time: 1.562978 (ms)
PASS
benchmark_command=./main 100000 64 1 100
Average kernel execution time: 0.073627 (ms)
PASS
benchmark_command=./main 100000 128 0 100
Average kernel execution time: 4.371422 (ms)
PASS
benchmark_command=./main 100000 128 1 100
Average kernel execution time: 0.136389 (ms)
PASS
benchmark_command=./main 100000 256 0 100
Average kernel execution time: 15.592968 (ms)
PASS
benchmark_command=./main 100000 256 1 100
Average kernel execution time: 0.305836 (ms)
PASS
benchmark_command=./main 100000 512 0 100
Average kernel execution time: 32.658607 (ms)
PASS
benchmark_command=./main 100000 512 1 100
Average kernel execution time: 0.841365 (ms)
PASS
benchmark_command=./main 100000 784 0 100
Average kernel execution time: 54.675507 (ms)
PASS
benchmark_command=./main 100000 784 1 100
Average kernel execution time: 1.450565 (ms)
PASS
benchmark_command=./main 100000 1024 0 100
Average kernel execution time: 64.667046 (ms)
PASS
benchmark_command=./main 100000 1024 1 100
Average kernel execution time: 2.109552 (ms)
PASS
benchmark_command=./main 100000 2048 0 100
Average kernel execution time: 137.948685 (ms)
PASS
benchmark_command=./main 100000 2048 1 100
Average kernel execution time: 4.417161 (ms)
PASS
