=== Loading modules ===
=== Environment ===
/work/HPC_SYS/twnia2/pkg-rocky8/nvidia/cuda/cuda-12.8/bin/nvcc
nvcc: NVIDIA (R) Cuda compiler driver
Copyright (c) 2005-2025 NVIDIA Corporation
Built on Wed_Jan_15_19:20:09_PST_2025
Cuda compilation tools, release 12.8, V12.8.61
Build cuda_12.8.r12.8/compiler.35404655_0
gn1230.twcc.ai
CUDA_VISIBLE_DEVICES: 0
GPU 0: Tesla V100-SXM2-32GB (UUID: GPU-3bddc559-e0ce-5a1a-d26d-b057769baf0f)
Sun Jun  7 21:24:40 2026       
+---------------------------------------------------------------------------------------+
| NVIDIA-SMI 535.161.08             Driver Version: 535.161.08   CUDA Version: 12.8     |
|-----------------------------------------+----------------------+----------------------+
| GPU  Name                 Persistence-M | Bus-Id        Disp.A | Volatile Uncorr. ECC |
| Fan  Temp   Perf          Pwr:Usage/Cap |         Memory-Usage | GPU-Util  Compute M. |
|                                         |                      |               MIG M. |
|=========================================+======================+======================|
|   0  Tesla V100-SXM2-32GB           On  | 00000000:1C:00.0 Off |                    0 |
| N/A   25C    P0              41W / 300W |      0MiB / 32768MiB |      0%      Default |
|                                         |                      |                  N/A |
+-----------------------------------------+----------------------+----------------------+
                                                                                         
+---------------------------------------------------------------------------------------+
| Processes:                                                                            |
|  GPU   GI   CI        PID   Type   Process name                            GPU Memory |
|        ID   ID                                                             Usage      |
|=======================================================================================|
|  No running processes found                                                           |
+---------------------------------------------------------------------------------------+
=== Build ===
rm -rf main main.o shmem_kernels.o
nvcc  -std=c++17 -Wno-deprecated-gpu-targets -Xcompiler -Wall -arch=sm_70 -O3 -c main.cu -o main.o
nvcc  -std=c++17 -Wno-deprecated-gpu-targets -Xcompiler -Wall -arch=sm_70 -O3 -c shmem_kernels.cu -o shmem_kernels.o
nvcc  -std=c++17 -Wno-deprecated-gpu-targets -Xcompiler -Wall -arch=sm_70 -O3 main.o shmem_kernels.o -o main 
=== Run ===
Shared memory bandwidth microbenchmark
Buffer sizes: 8MB
Average kernel execution time : 6.484382 (ms)
Min kernel execution time : 5.715968 (ms)
Max kernel execution time : 7.794688 (ms)
Memory throughput
	using 128bit operations : 13254.88 GB/sec (828.43 billion accesses/sec)
RESULT,test=shmembench,repeat=1000,block=256,shared_bytes=24576,avg_us=6484.382,min_us=5715.968,max_us=7794.688,bandwidth_GBps=13254.88,correctness=PASS,status=PASS
