=== Loading modules ===
=== Environment ===
/work/HPC_SYS/twnia2/pkg-rocky8/nvidia/cuda/cuda-12.8/bin/nvcc
nvcc: NVIDIA (R) Cuda compiler driver
Copyright (c) 2005-2025 NVIDIA Corporation
Built on Wed_Jan_15_19:20:09_PST_2025
Cuda compilation tools, release 12.8, V12.8.61
Build cuda_12.8.r12.8/compiler.35404655_0
gn1222.twcc.ai
CUDA_VISIBLE_DEVICES: 0
GPU 0: Tesla V100-SXM2-32GB (UUID: GPU-145c9ce9-e63a-59f8-c6d7-cd0a7a73ba66)
Sun Jun  7 21:26:58 2026       
+---------------------------------------------------------------------------------------+
| NVIDIA-SMI 535.161.08             Driver Version: 535.161.08   CUDA Version: 12.8     |
|-----------------------------------------+----------------------+----------------------+
| GPU  Name                 Persistence-M | Bus-Id        Disp.A | Volatile Uncorr. ECC |
| Fan  Temp   Perf          Pwr:Usage/Cap |         Memory-Usage | GPU-Util  Compute M. |
|                                         |                      |               MIG M. |
|=========================================+======================+======================|
|   0  Tesla V100-SXM2-32GB           On  | 00000000:B1:00.0 Off |                    0 |
| N/A   25C    P0              40W / 300W |      0MiB / 32768MiB |      0%      Default |
|                                         |                      |                  N/A |
+-----------------------------------------+----------------------+----------------------+
                                                                                         
+---------------------------------------------------------------------------------------+
| Processes:                                                                            |
|  GPU   GI   CI        PID   Type   Process name                            GPU Memory |
|        ID   ID                                                             Usage      |
|=======================================================================================|
|  No running processes found                                                           |
+---------------------------------------------------------------------------------------+
=== Build ===
rm -rf main main.o shmem_kernels.o
nvcc  -std=c++17 -Wno-deprecated-gpu-targets -Xcompiler -Wall -arch=sm_70 -O3 -c main.cu -o main.o
nvcc  -std=c++17 -Wno-deprecated-gpu-targets -Xcompiler -Wall -arch=sm_70 -O3 -c shmem_kernels.cu -o shmem_kernels.o
nvcc  -std=c++17 -Wno-deprecated-gpu-targets -Xcompiler -Wall -arch=sm_70 -O3 main.o shmem_kernels.o -o main 
=== Run ===
Shared memory bandwidth microbenchmark
Buffer sizes: 8MB
checksum failed for block size 128: expected 2.12564587603847411e+28, got 1.89172598426861568e+26
RESULT,test=shmembench,repeat=1000,block=128,shared_bytes=12288,avg_us=6447.793,min_us=6038.528,max_us=7955.456,bandwidth_GBps=13330.09,correctness=FAIL,status=FAIL
RESULT,test=shmembench,repeat=1000,block=256,shared_bytes=24576,avg_us=6473.865,min_us=6144.000,max_us=6606.848,bandwidth_GBps=13276.41,correctness=PASS,status=PASS
checksum failed for block size 512: expected 2.12564587603847411e+28, got 3.64966727074076865e+30
RESULT,test=shmembench,repeat=1000,block=512,shared_bytes=49152,avg_us=6179.326,min_us=6146.048,max_us=6998.016,bandwidth_GBps=13909.23,correctness=FAIL,status=FAIL
checksum failed for block size 1024: expected 2.12564587603847411e+28, got 7.64271701285369981e+32
RESULT,test=shmembench,repeat=1000,block=1024,shared_bytes=98304,avg_us=7115.426,min_us=7108.608,max_us=7122.944,bandwidth_GBps=12079.34,correctness=FAIL,status=FAIL
