job_id=948654
node=gn1228
cuda_visible_devices=0,1,2,3
date=2026-06-09T19:37:53+08:00
nvcc=/work/HPC_SYS/twnia2/pkg-rocky8/nvidia/cuda/cuda-12.8/bin/nvcc
nvcc: NVIDIA (R) Cuda compiler driver
Copyright (c) 2005-2025 NVIDIA Corporation
Built on Wed_Jan_15_19:20:09_PST_2025
Cuda compilation tools, release 12.8, V12.8.61
Build cuda_12.8.r12.8/compiler.35404655_0
Tue Jun  9 19:37:53 2026       
+---------------------------------------------------------------------------------------+
| NVIDIA-SMI 535.161.08             Driver Version: 535.161.08   CUDA Version: 12.8     |
|-----------------------------------------+----------------------+----------------------+
| GPU  Name                 Persistence-M | Bus-Id        Disp.A | Volatile Uncorr. ECC |
| Fan  Temp   Perf          Pwr:Usage/Cap |         Memory-Usage | GPU-Util  Compute M. |
|                                         |                      |               MIG M. |
|=========================================+======================+======================|
|   0  Tesla V100-SXM2-32GB           On  | 00000000:B1:00.0 Off |                    0 |
| N/A   25C    P0              41W / 300W |      0MiB / 32768MiB |      0%      Default |
|                                         |                      |                  N/A |
+-----------------------------------------+----------------------+----------------------+
|   1  Tesla V100-SXM2-32GB           On  | 00000000:B2:00.0 Off |                    0 |
| N/A   27C    P0              40W / 300W |      0MiB / 32768MiB |      0%      Default |
|                                         |                      |                  N/A |
+-----------------------------------------+----------------------+----------------------+
|   2  Tesla V100-SXM2-32GB           On  | 00000000:DB:00.0 Off |                    0 |
| N/A   28C    P0              42W / 300W |      0MiB / 32768MiB |      0%      Default |
|                                         |                      |                  N/A |
+-----------------------------------------+----------------------+----------------------+
|   3  Tesla V100-SXM2-32GB           On  | 00000000:DC:00.0 Off |                    0 |
| N/A   25C    P0              41W / 300W |      0MiB / 32768MiB |      0%      Default |
|                                         |                      |                  N/A |
+-----------------------------------------+----------------------+----------------------+
                                                                                         
+---------------------------------------------------------------------------------------+
| Processes:                                                                            |
|  GPU   GI   CI        PID   Type   Process name                            GPU Memory |
|        ID   ID                                                             Usage      |
|=======================================================================================|
|  No running processes found                                                           |
+---------------------------------------------------------------------------------------+
rm -rf main main.o
nvcc  -std=c++17 -DMAX_GPU_COUNT=4 -Xcompiler -Wall -arch=sm_70 -O3 -c main.cu -o main.o
nvcc  -std=c++17 -DMAX_GPU_COUNT=4 -Xcompiler -Wall -arch=sm_70 -O3 main.o -o main 
tag=opt2_write_combined
Starting simpleMultiDevice
GPU device count: 4
Generating input data of size 33554432 ...

Computing with 4 GPUs...
  Average GPU Processing time: 5566.998047 (us)

  Average H2D time: 5443.934570 (us)
  Average kernel time: 62.699677 (us)
  Average D2H time: 10.164328 (us)

Computing with Host CPU...

Comparing GPU and Host CPU results...
  GPU sum: 16777292.000000
  CPU sum: 16777294.395033
  Relative difference: 1.427544E-07 

result_file=result/opt2_write_combined_948654.txt
