
============================================================
[STAGE] Job started
[TIME ] 2026-06-05 15:32:17
============================================================
Job ID: 945014
Node: gn1221.twcc.ai
Submit dir: /home/r14525078/HeCBench/src/moe-cuda
Current dir: /home/r14525078/HeCBench/src/moe-cuda
CUDA_VISIBLE_DEVICES: 0

============================================================
[STAGE] Load CUDA module
[TIME ] 2026-06-05 15:32:17
============================================================
nvcc path:
/work/HPC_SYS/twnia2/pkg-rocky8/nvidia/cuda/cuda-12.8/bin/nvcc
nvcc version:
nvcc: NVIDIA (R) Cuda compiler driver
Copyright (c) 2005-2025 NVIDIA Corporation
Built on Wed_Jan_15_19:20:09_PST_2025
Cuda compilation tools, release 12.8, V12.8.61
Build cuda_12.8.r12.8/compiler.35404655_0

============================================================
[STAGE] Check GPU information
[TIME ] 2026-06-05 15:32:17
============================================================
Fri Jun  5 15:32:17 2026       
+---------------------------------------------------------------------------------------+
| NVIDIA-SMI 535.161.08             Driver Version: 535.161.08   CUDA Version: 12.8     |
|-----------------------------------------+----------------------+----------------------+
| GPU  Name                 Persistence-M | Bus-Id        Disp.A | Volatile Uncorr. ECC |
| Fan  Temp   Perf          Pwr:Usage/Cap |         Memory-Usage | GPU-Util  Compute M. |
|                                         |                      |               MIG M. |
|=========================================+======================+======================|
|   0  Tesla V100-SXM2-32GB           On  | 00000000:DB:00.0 Off |                    0 |
| N/A   29C    P0              43W / 300W |      0MiB / 32768MiB |      0%      Default |
|                                         |                      |                  N/A |
+-----------------------------------------+----------------------+----------------------+
                                                                                         
+---------------------------------------------------------------------------------------+
| Processes:                                                                            |
|  GPU   GI   CI        PID   Type   Process name                            GPU Memory |
|        ID   ID                                                             Usage      |
|=======================================================================================|
|  No running processes found                                                           |
+---------------------------------------------------------------------------------------+

============================================================
[STAGE] Set benchmark configuration
[TIME ] 2026-06-05 15:32:17
============================================================
BENCH_DIR=/home/r14525078/HeCBench/src/moe-cuda
RESULT_FILE=/home/r14525078/HeCBench/src/moe-cuda/results/moe_cuda_result_945014.txt
ARCH=sm_70
NUM_TOKENS=32768
NUM_EXPERTS=384
TOPK_LIST=1 2 4 8
REPEAT=1000
RUNS=10

============================================================
[STAGE] Enter benchmark directory
[TIME ] 2026-06-05 15:32:17
============================================================
Current directory: /home/r14525078/HeCBench/src/moe-cuda
Files before build:
total 1705
drwxr-xr-x 2 r14525078 ACD115083    4096 Jun  5 15:31 .
drwxr-xr-x 2 r14525078 ACD115083    4096 Jun  4 17:38 ..
-rw-r--r-- 1 r14525078 ACD115083   18052 Jun  5 15:22 baseline
-rw-r--r-- 1 r14525078 ACD115083     127 Jun  4 17:38 CMakeLists.txt
-rw-r--r-- 1 r14525078 ACD115083   13277 Jun  5 15:31 kernels.h
-rw-r--r-- 1 r14525078 ACD115083    9353 Jun  5 15:31 kernels_v1.h
-rw-r--r-- 1 r14525078 ACD115083   13277 Jun  5 15:30 kernels_v2.h
-rw-r--r-- 1 r14525078 ACD115083     901 Jun  4 17:38 LICENSE
drwxr-xr-x 2 r14525078 ACD115083    4096 Jun  5 15:32 logs
-rwxr-xr-x 1 r14525078 ACD115083 1224512 Jun  5 15:29 main
-rw-r--r-- 1 r14525078 ACD115083    8865 Jun  5 15:31 main.cu
-rw-r--r-- 1 r14525078 ACD115083  422288 Jun  5 15:29 main.o
-rw-r--r-- 1 r14525078 ACD115083    8557 Jun  5 15:31 main_original.cu
-rw-r--r-- 1 r14525078 ACD115083    8557 Jun  5 15:28 main_v1.cu
-rw-r--r-- 1 r14525078 ACD115083    8865 Jun  5 15:30 main_v2.cu
-rw-r--r-- 1 r14525078 ACD115083    1550 Jun  4 20:00 Makefile
-rw-r--r-- 1 r14525078 ACD115083    2942 Jun  4 17:38 reference.h
drwxr-xr-x 2 r14525078 ACD115083    4096 Jun  5 15:31 results
-rw-r--r-- 1 r14525078 ACD115083    4575 Jun  4 20:03 run_moe_cuda.slurm

============================================================
[STAGE] Check required source files
[TIME ] 2026-06-05 15:32:17
============================================================

============================================================
[STAGE] Check optional header files
[TIME ] 2026-06-05 15:32:17
============================================================
[OK] Found kernels.h
[OK] Found reference.h

============================================================
[STAGE] Check Makefile architecture settings
[TIME ] 2026-06-05 15:32:17
============================================================
9:ARCH      = sm_70
27:CFLAGS := $(EXTRA_CFLAGS) -std=c++17 -Xcompiler -Wall -arch=$(ARCH)

============================================================
[STAGE] Check main argument usage
[TIME ] 2026-06-05 15:32:17
============================================================
282:int main(int argc, char* argv[])
284:  if (argc != 5) {
285:    printf("Usage: %s <number of tokens> <number of experts> <top K> <repeat>\n", argv[0]);
288:  const int num_tokens = atoi(argv[1]);
289:  const int num_experts = atoi(argv[2]);
290:  const int topk = atoi(argv[3]);
291:  const int repeat = atoi(argv[4]);

============================================================
[STAGE] Clean previous build
[TIME ] 2026-06-05 15:32:18
============================================================
rm -rf main main.o

============================================================
[STAGE] Build moe-cuda for V100 sm_70
[TIME ] 2026-06-05 15:32:18
============================================================
nvcc  -std=c++17 -Xcompiler -Wall -arch=sm_70 -O3 -c main.cu -o main.o
nvcc  -std=c++17 -Xcompiler -Wall -arch=sm_70 -O3 main.o -o main 

============================================================
[STAGE] Check build output
[TIME ] 2026-06-05 15:32:25
============================================================
-rwxr-xr-x 1 r14525078 ACD115083 1.2M Jun  5 15:32 ./main

============================================================
[STAGE] Start benchmark runs
[TIME ] 2026-06-05 15:32:25
============================================================
benchmark=moe-cuda
job_id=945014
node=gn1221.twcc.ai
submit_dir=/home/r14525078/HeCBench/src/moe-cuda
bench_dir=/home/r14525078/HeCBench/src/moe-cuda
arch=sm_70
num_tokens=32768
num_experts=384
topk_list=1 2 4 8
repeat=1000
runs=10
usage=./main <number of tokens> <number of experts> <top K> <repeat>
start_time=2026-06-05 15:32:25

############################################################
[CONFIG] num_tokens=32768, num_experts=384, topk=1, repeat=1000
############################################################

------------------------------------------------------------
[RUN 1] start: 2026-06-05 15:32:25
[RUN 1] command: timeout 180s ./main 32768 384 1 1000
------------------------------------------------------------
PASS
Average execution time of kernels: 183.103256 (us)
------------------------------------------------------------
[RUN 1] end: 2026-06-05 15:32:26
------------------------------------------------------------

------------------------------------------------------------
[RUN 2] start: 2026-06-05 15:32:26
[RUN 2] command: timeout 180s ./main 32768 384 1 1000
------------------------------------------------------------
PASS
Average execution time of kernels: 165.258865 (us)
------------------------------------------------------------
[RUN 2] end: 2026-06-05 15:32:27
------------------------------------------------------------

------------------------------------------------------------
[RUN 3] start: 2026-06-05 15:32:27
[RUN 3] command: timeout 180s ./main 32768 384 1 1000
------------------------------------------------------------
PASS
Average execution time of kernels: 165.328857 (us)
------------------------------------------------------------
[RUN 3] end: 2026-06-05 15:32:28
------------------------------------------------------------

------------------------------------------------------------
[RUN 4] start: 2026-06-05 15:32:28
[RUN 4] command: timeout 180s ./main 32768 384 1 1000
------------------------------------------------------------
PASS
Average execution time of kernels: 165.243134 (us)
------------------------------------------------------------
[RUN 4] end: 2026-06-05 15:32:29
------------------------------------------------------------

------------------------------------------------------------
[RUN 5] start: 2026-06-05 15:32:29
[RUN 5] command: timeout 180s ./main 32768 384 1 1000
------------------------------------------------------------
PASS
Average execution time of kernels: 165.240631 (us)
------------------------------------------------------------
[RUN 5] end: 2026-06-05 15:32:29
------------------------------------------------------------

------------------------------------------------------------
[RUN 6] start: 2026-06-05 15:32:29
[RUN 6] command: timeout 180s ./main 32768 384 1 1000
------------------------------------------------------------
PASS
Average execution time of kernels: 165.239075 (us)
------------------------------------------------------------
[RUN 6] end: 2026-06-05 15:32:30
------------------------------------------------------------

------------------------------------------------------------
[RUN 7] start: 2026-06-05 15:32:30
[RUN 7] command: timeout 180s ./main 32768 384 1 1000
------------------------------------------------------------
PASS
Average execution time of kernels: 165.301331 (us)
------------------------------------------------------------
[RUN 7] end: 2026-06-05 15:32:31
------------------------------------------------------------

------------------------------------------------------------
[RUN 8] start: 2026-06-05 15:32:31
[RUN 8] command: timeout 180s ./main 32768 384 1 1000
------------------------------------------------------------
PASS
Average execution time of kernels: 165.311951 (us)
------------------------------------------------------------
[RUN 8] end: 2026-06-05 15:32:32
------------------------------------------------------------

------------------------------------------------------------
[RUN 9] start: 2026-06-05 15:32:32
[RUN 9] command: timeout 180s ./main 32768 384 1 1000
------------------------------------------------------------
PASS
Average execution time of kernels: 165.308426 (us)
------------------------------------------------------------
[RUN 9] end: 2026-06-05 15:32:33
------------------------------------------------------------

------------------------------------------------------------
[RUN 10] start: 2026-06-05 15:32:33
[RUN 10] command: timeout 180s ./main 32768 384 1 1000
------------------------------------------------------------
PASS
Average execution time of kernels: 165.312836 (us)
------------------------------------------------------------
[RUN 10] end: 2026-06-05 15:32:34
------------------------------------------------------------

############################################################
[CONFIG] num_tokens=32768, num_experts=384, topk=2, repeat=1000
############################################################

------------------------------------------------------------
[RUN 1] start: 2026-06-05 15:32:34
[RUN 1] command: timeout 180s ./main 32768 384 2 1000
------------------------------------------------------------
FAIL
Average execution time of kernels: 376.123169 (us)
------------------------------------------------------------
[RUN 1] end: 2026-06-05 15:32:35
------------------------------------------------------------

------------------------------------------------------------
[RUN 2] start: 2026-06-05 15:32:35
[RUN 2] command: timeout 180s ./main 32768 384 2 1000
------------------------------------------------------------
FAIL
Average execution time of kernels: 376.205505 (us)
------------------------------------------------------------
[RUN 2] end: 2026-06-05 15:32:36
------------------------------------------------------------

------------------------------------------------------------
[RUN 3] start: 2026-06-05 15:32:36
[RUN 3] command: timeout 180s ./main 32768 384 2 1000
------------------------------------------------------------
FAIL
Average execution time of kernels: 376.165741 (us)
------------------------------------------------------------
[RUN 3] end: 2026-06-05 15:32:37
------------------------------------------------------------

------------------------------------------------------------
[RUN 4] start: 2026-06-05 15:32:37
[RUN 4] command: timeout 180s ./main 32768 384 2 1000
------------------------------------------------------------
FAIL
Average execution time of kernels: 376.200714 (us)
------------------------------------------------------------
[RUN 4] end: 2026-06-05 15:32:38
------------------------------------------------------------

------------------------------------------------------------
[RUN 5] start: 2026-06-05 15:32:38
[RUN 5] command: timeout 180s ./main 32768 384 2 1000
------------------------------------------------------------
FAIL
Average execution time of kernels: 376.175964 (us)
------------------------------------------------------------
[RUN 5] end: 2026-06-05 15:32:39
------------------------------------------------------------

------------------------------------------------------------
[RUN 6] start: 2026-06-05 15:32:39
[RUN 6] command: timeout 180s ./main 32768 384 2 1000
------------------------------------------------------------
FAIL
Average execution time of kernels: 376.142975 (us)
------------------------------------------------------------
[RUN 6] end: 2026-06-05 15:32:40
------------------------------------------------------------

------------------------------------------------------------
[RUN 7] start: 2026-06-05 15:32:40
[RUN 7] command: timeout 180s ./main 32768 384 2 1000
------------------------------------------------------------
FAIL
Average execution time of kernels: 376.130707 (us)
------------------------------------------------------------
[RUN 7] end: 2026-06-05 15:32:41
------------------------------------------------------------

------------------------------------------------------------
[RUN 8] start: 2026-06-05 15:32:41
[RUN 8] command: timeout 180s ./main 32768 384 2 1000
------------------------------------------------------------
FAIL
Average execution time of kernels: 376.139587 (us)
------------------------------------------------------------
[RUN 8] end: 2026-06-05 15:32:42
------------------------------------------------------------

------------------------------------------------------------
[RUN 9] start: 2026-06-05 15:32:42
[RUN 9] command: timeout 180s ./main 32768 384 2 1000
------------------------------------------------------------
FAIL
Average execution time of kernels: 376.114929 (us)
------------------------------------------------------------
[RUN 9] end: 2026-06-05 15:32:43
------------------------------------------------------------

------------------------------------------------------------
[RUN 10] start: 2026-06-05 15:32:43
[RUN 10] command: timeout 180s ./main 32768 384 2 1000
------------------------------------------------------------
FAIL
Average execution time of kernels: 376.137329 (us)
------------------------------------------------------------
[RUN 10] end: 2026-06-05 15:32:44
------------------------------------------------------------

############################################################
[CONFIG] num_tokens=32768, num_experts=384, topk=4, repeat=1000
############################################################

------------------------------------------------------------
[RUN 1] start: 2026-06-05 15:32:44
[RUN 1] command: timeout 180s ./main 32768 384 4 1000
------------------------------------------------------------
PASS
Average execution time of kernels: 660.817200 (us)
------------------------------------------------------------
[RUN 1] end: 2026-06-05 15:32:46
------------------------------------------------------------

------------------------------------------------------------
[RUN 2] start: 2026-06-05 15:32:46
[RUN 2] command: timeout 180s ./main 32768 384 4 1000
------------------------------------------------------------
PASS
Average execution time of kernels: 660.791870 (us)
------------------------------------------------------------
[RUN 2] end: 2026-06-05 15:32:47
------------------------------------------------------------

------------------------------------------------------------
[RUN 3] start: 2026-06-05 15:32:47
[RUN 3] command: timeout 180s ./main 32768 384 4 1000
------------------------------------------------------------
PASS
Average execution time of kernels: 660.851257 (us)
------------------------------------------------------------
[RUN 3] end: 2026-06-05 15:32:49
------------------------------------------------------------

------------------------------------------------------------
[RUN 4] start: 2026-06-05 15:32:49
[RUN 4] command: timeout 180s ./main 32768 384 4 1000
------------------------------------------------------------
PASS
Average execution time of kernels: 660.800537 (us)
------------------------------------------------------------
[RUN 4] end: 2026-06-05 15:32:50
------------------------------------------------------------

------------------------------------------------------------
[RUN 5] start: 2026-06-05 15:32:50
[RUN 5] command: timeout 180s ./main 32768 384 4 1000
------------------------------------------------------------
PASS
Average execution time of kernels: 660.803162 (us)
------------------------------------------------------------
[RUN 5] end: 2026-06-05 15:32:52
------------------------------------------------------------

------------------------------------------------------------
[RUN 6] start: 2026-06-05 15:32:52
[RUN 6] command: timeout 180s ./main 32768 384 4 1000
------------------------------------------------------------
PASS
Average execution time of kernels: 660.914978 (us)
------------------------------------------------------------
[RUN 6] end: 2026-06-05 15:32:53
------------------------------------------------------------

------------------------------------------------------------
[RUN 7] start: 2026-06-05 15:32:53
[RUN 7] command: timeout 180s ./main 32768 384 4 1000
------------------------------------------------------------
PASS
Average execution time of kernels: 660.850342 (us)
------------------------------------------------------------
[RUN 7] end: 2026-06-05 15:32:55
------------------------------------------------------------

------------------------------------------------------------
[RUN 8] start: 2026-06-05 15:32:55
[RUN 8] command: timeout 180s ./main 32768 384 4 1000
------------------------------------------------------------
PASS
Average execution time of kernels: 660.838379 (us)
------------------------------------------------------------
[RUN 8] end: 2026-06-05 15:32:56
------------------------------------------------------------

------------------------------------------------------------
[RUN 9] start: 2026-06-05 15:32:56
[RUN 9] command: timeout 180s ./main 32768 384 4 1000
------------------------------------------------------------
PASS
Average execution time of kernels: 660.833618 (us)
------------------------------------------------------------
[RUN 9] end: 2026-06-05 15:32:58
------------------------------------------------------------

------------------------------------------------------------
[RUN 10] start: 2026-06-05 15:32:58
[RUN 10] command: timeout 180s ./main 32768 384 4 1000
------------------------------------------------------------
PASS
Average execution time of kernels: 660.816895 (us)
------------------------------------------------------------
[RUN 10] end: 2026-06-05 15:33:00
------------------------------------------------------------

############################################################
[CONFIG] num_tokens=32768, num_experts=384, topk=8, repeat=1000
############################################################

------------------------------------------------------------
[RUN 1] start: 2026-06-05 15:33:00
[RUN 1] command: timeout 180s ./main 32768 384 8 1000
------------------------------------------------------------
PASS
Average execution time of kernels: 1269.692017 (us)
------------------------------------------------------------
[RUN 1] end: 2026-06-05 15:33:02
------------------------------------------------------------

------------------------------------------------------------
[RUN 2] start: 2026-06-05 15:33:02
[RUN 2] command: timeout 180s ./main 32768 384 8 1000
------------------------------------------------------------
PASS
Average execution time of kernels: 1269.710327 (us)
------------------------------------------------------------
[RUN 2] end: 2026-06-05 15:33:05
------------------------------------------------------------

------------------------------------------------------------
[RUN 3] start: 2026-06-05 15:33:05
[RUN 3] command: timeout 180s ./main 32768 384 8 1000
------------------------------------------------------------
PASS
Average execution time of kernels: 1269.699463 (us)
------------------------------------------------------------
[RUN 3] end: 2026-06-05 15:33:08
------------------------------------------------------------

------------------------------------------------------------
[RUN 4] start: 2026-06-05 15:33:08
[RUN 4] command: timeout 180s ./main 32768 384 8 1000
------------------------------------------------------------
PASS
Average execution time of kernels: 1269.665649 (us)
------------------------------------------------------------
[RUN 4] end: 2026-06-05 15:33:10
------------------------------------------------------------

------------------------------------------------------------
[RUN 5] start: 2026-06-05 15:33:10
[RUN 5] command: timeout 180s ./main 32768 384 8 1000
------------------------------------------------------------
PASS
Average execution time of kernels: 1269.670654 (us)
------------------------------------------------------------
[RUN 5] end: 2026-06-05 15:33:13
------------------------------------------------------------

------------------------------------------------------------
[RUN 6] start: 2026-06-05 15:33:13
[RUN 6] command: timeout 180s ./main 32768 384 8 1000
------------------------------------------------------------
PASS
Average execution time of kernels: 1269.659668 (us)
------------------------------------------------------------
[RUN 6] end: 2026-06-05 15:33:16
------------------------------------------------------------

------------------------------------------------------------
[RUN 7] start: 2026-06-05 15:33:16
[RUN 7] command: timeout 180s ./main 32768 384 8 1000
------------------------------------------------------------
PASS
Average execution time of kernels: 1269.662720 (us)
------------------------------------------------------------
[RUN 7] end: 2026-06-05 15:33:18
------------------------------------------------------------

------------------------------------------------------------
[RUN 8] start: 2026-06-05 15:33:18
[RUN 8] command: timeout 180s ./main 32768 384 8 1000
------------------------------------------------------------
PASS
Average execution time of kernels: 1269.685181 (us)
------------------------------------------------------------
[RUN 8] end: 2026-06-05 15:33:21
------------------------------------------------------------

------------------------------------------------------------
[RUN 9] start: 2026-06-05 15:33:21
[RUN 9] command: timeout 180s ./main 32768 384 8 1000
------------------------------------------------------------
PASS
Average execution time of kernels: 1269.706299 (us)
------------------------------------------------------------
[RUN 9] end: 2026-06-05 15:33:23
------------------------------------------------------------

------------------------------------------------------------
[RUN 10] start: 2026-06-05 15:33:23
[RUN 10] command: timeout 180s ./main 32768 384 8 1000
------------------------------------------------------------
PASS
Average execution time of kernels: 1269.640259 (us)
------------------------------------------------------------
[RUN 10] end: 2026-06-05 15:33:25
------------------------------------------------------------

end_time=2026-06-05 15:33:25

============================================================
[STAGE] Check PASS / FAIL summary
[TIME ] 2026-06-05 15:33:25
============================================================
PASS count:
30
FAIL count:
10
Average execution time lines:
Average execution time of kernels: 183.103256 (us)
Average execution time of kernels: 165.258865 (us)
Average execution time of kernels: 165.328857 (us)
Average execution time of kernels: 165.243134 (us)
Average execution time of kernels: 165.240631 (us)
Average execution time of kernels: 165.239075 (us)
Average execution time of kernels: 165.301331 (us)
Average execution time of kernels: 165.311951 (us)
Average execution time of kernels: 165.308426 (us)
Average execution time of kernels: 165.312836 (us)
Average execution time of kernels: 376.123169 (us)
Average execution time of kernels: 376.205505 (us)
Average execution time of kernels: 376.165741 (us)
Average execution time of kernels: 376.200714 (us)
Average execution time of kernels: 376.175964 (us)
Average execution time of kernels: 376.142975 (us)
Average execution time of kernels: 376.130707 (us)
Average execution time of kernels: 376.139587 (us)
Average execution time of kernels: 376.114929 (us)
Average execution time of kernels: 376.137329 (us)
Average execution time of kernels: 660.817200 (us)
Average execution time of kernels: 660.791870 (us)
Average execution time of kernels: 660.851257 (us)
Average execution time of kernels: 660.800537 (us)
Average execution time of kernels: 660.803162 (us)
Average execution time of kernels: 660.914978 (us)
Average execution time of kernels: 660.850342 (us)
Average execution time of kernels: 660.838379 (us)
Average execution time of kernels: 660.833618 (us)
Average execution time of kernels: 660.816895 (us)
Average execution time of kernels: 1269.692017 (us)
Average execution time of kernels: 1269.710327 (us)
Average execution time of kernels: 1269.699463 (us)
Average execution time of kernels: 1269.665649 (us)
Average execution time of kernels: 1269.670654 (us)
Average execution time of kernels: 1269.659668 (us)
Average execution time of kernels: 1269.662720 (us)
Average execution time of kernels: 1269.685181 (us)
Average execution time of kernels: 1269.706299 (us)
Average execution time of kernels: 1269.640259 (us)

============================================================
[STAGE] Benchmark completed
[TIME ] 2026-06-05 15:33:25
============================================================
Result file: /home/r14525078/HeCBench/src/moe-cuda/results/moe_cuda_result_945014.txt

============================================================
[STAGE] Job finished successfully
[TIME ] 2026-06-05 15:33:25
============================================================
