
============================================================
[STAGE] Job started
[TIME ] 2026-06-05 15:38:54
============================================================
Job ID: 945041
Node: gn1226.twcc.ai
Submit dir: /home/r14525078/HeCBench/src/moe-cuda
Current dir: /home/r14525078/HeCBench/src/moe-cuda
CUDA_VISIBLE_DEVICES: 0

============================================================
[STAGE] Load CUDA module
[TIME ] 2026-06-05 15:38:54
============================================================
nvcc path:
/work/HPC_SYS/twnia2/pkg-rocky8/nvidia/cuda/cuda-12.8/bin/nvcc
nvcc version:
nvcc: NVIDIA (R) Cuda compiler driver
Copyright (c) 2005-2025 NVIDIA Corporation
Built on Wed_Jan_15_19:20:09_PST_2025
Cuda compilation tools, release 12.8, V12.8.61
Build cuda_12.8.r12.8/compiler.35404655_0

============================================================
[STAGE] Check GPU information
[TIME ] 2026-06-05 15:38:54
============================================================
Fri Jun  5 15:38:54 2026       
+---------------------------------------------------------------------------------------+
| NVIDIA-SMI 535.161.08             Driver Version: 535.161.08   CUDA Version: 12.8     |
|-----------------------------------------+----------------------+----------------------+
| GPU  Name                 Persistence-M | Bus-Id        Disp.A | Volatile Uncorr. ECC |
| Fan  Temp   Perf          Pwr:Usage/Cap |         Memory-Usage | GPU-Util  Compute M. |
|                                         |                      |               MIG M. |
|=========================================+======================+======================|
|   0  Tesla V100-SXM2-32GB           On  | 00000000:DB:00.0 Off |                    0 |
| N/A   33C    P0              42W / 300W |      0MiB / 32768MiB |      0%      Default |
|                                         |                      |                  N/A |
+-----------------------------------------+----------------------+----------------------+
                                                                                         
+---------------------------------------------------------------------------------------+
| Processes:                                                                            |
|  GPU   GI   CI        PID   Type   Process name                            GPU Memory |
|        ID   ID                                                             Usage      |
|=======================================================================================|
|  No running processes found                                                           |
+---------------------------------------------------------------------------------------+

============================================================
[STAGE] Set benchmark configuration
[TIME ] 2026-06-05 15:38:54
============================================================
BENCH_DIR=/home/r14525078/HeCBench/src/moe-cuda
RESULT_FILE=/home/r14525078/HeCBench/src/moe-cuda/results/moe_cuda_result_945041.txt
ARCH=sm_70
NUM_TOKENS=32768
NUM_EXPERTS=384
TOPK_LIST=1 2 4 8
REPEAT=1000
RUNS=10

============================================================
[STAGE] Enter benchmark directory
[TIME ] 2026-06-05 15:38:54
============================================================
Current directory: /home/r14525078/HeCBench/src/moe-cuda
Files before build:
total 1753
drwxr-xr-x 2 r14525078 ACD115083    4096 Jun  5 15:35 .
drwxr-xr-x 2 r14525078 ACD115083    4096 Jun  4 17:38 ..
-rw-r--r-- 1 r14525078 ACD115083   18052 Jun  5 15:22 baseline
-rw-r--r-- 1 r14525078 ACD115083     127 Jun  4 17:38 CMakeLists.txt
-rw-r--r-- 1 r14525078 ACD115083    9353 Jun  5 15:35 kernels.h
-rw-r--r-- 1 r14525078 ACD115083    9353 Jun  5 15:31 kernels_v1.h
-rw-r--r-- 1 r14525078 ACD115083   13277 Jun  5 15:30 kernels_v2.h
-rw-r--r-- 1 r14525078 ACD115083    9173 Jun  5 15:35 kernels_v3_final.h
-rw-r--r-- 1 r14525078 ACD115083   12212 Jun  5 15:33 kernels_v3.h
-rw-r--r-- 1 r14525078 ACD115083     901 Jun  4 17:38 LICENSE
drwxr-xr-x 2 r14525078 ACD115083    4096 Jun  5 15:38 logs
-rwxr-xr-x 1 r14525078 ACD115083 1236800 Jun  5 15:32 main
-rw-r--r-- 1 r14525078 ACD115083    8557 Jun  5 15:35 main.cu
-rw-r--r-- 1 r14525078 ACD115083  434592 Jun  5 15:32 main.o
-rw-r--r-- 1 r14525078 ACD115083    8557 Jun  5 15:31 main_original.cu
-rw-r--r-- 1 r14525078 ACD115083    8557 Jun  5 15:28 main_v1.cu
-rw-r--r-- 1 r14525078 ACD115083    8865 Jun  5 15:30 main_v2.cu
-rw-r--r-- 1 r14525078 ACD115083    7579 Jun  5 15:33 main_v3.cu
-rw-r--r-- 1 r14525078 ACD115083    1550 Jun  4 20:00 Makefile
-rw-r--r-- 1 r14525078 ACD115083    2942 Jun  4 17:38 reference.h
drwxr-xr-x 2 r14525078 ACD115083    4096 Jun  5 15:36 results
-rw-r--r-- 1 r14525078 ACD115083    4575 Jun  4 20:03 run_moe_cuda.slurm

============================================================
[STAGE] Check required source files
[TIME ] 2026-06-05 15:38:54
============================================================

============================================================
[STAGE] Check optional header files
[TIME ] 2026-06-05 15:38:54
============================================================
[OK] Found kernels.h
[OK] Found reference.h

============================================================
[STAGE] Check Makefile architecture settings
[TIME ] 2026-06-05 15:38:54
============================================================
9:ARCH      = sm_70
27:CFLAGS := $(EXTRA_CFLAGS) -std=c++17 -Xcompiler -Wall -arch=$(ARCH)

============================================================
[STAGE] Check main argument usage
[TIME ] 2026-06-05 15:38:54
============================================================
271:int main(int argc, char* argv[])
273:  if (argc != 5) {
274:    printf("Usage: %s <number of tokens> <number of experts> <top K> <repeat>\n", argv[0]);
277:  const int num_tokens = atoi(argv[1]);
278:  const int num_experts = atoi(argv[2]);
279:  const int topk = atoi(argv[3]);
280:  const int repeat = atoi(argv[4]);

============================================================
[STAGE] Clean previous build
[TIME ] 2026-06-05 15:38:54
============================================================
rm -rf main main.o

============================================================
[STAGE] Build moe-cuda for V100 sm_70
[TIME ] 2026-06-05 15:38:54
============================================================
nvcc  -std=c++17 -Xcompiler -Wall -arch=sm_70 -O3 -c main.cu -o main.o
nvcc  -std=c++17 -Xcompiler -Wall -arch=sm_70 -O3 main.o -o main 

============================================================
[STAGE] Check build output
[TIME ] 2026-06-05 15:39:03
============================================================
-rwxr-xr-x 1 r14525078 ACD115083 1.2M Jun  5 15:39 ./main

============================================================
[STAGE] Start benchmark runs
[TIME ] 2026-06-05 15:39:03
============================================================
benchmark=moe-cuda
job_id=945041
node=gn1226.twcc.ai
submit_dir=/home/r14525078/HeCBench/src/moe-cuda
bench_dir=/home/r14525078/HeCBench/src/moe-cuda
arch=sm_70
num_tokens=32768
num_experts=384
topk_list=1 2 4 8
repeat=1000
runs=10
usage=./main <number of tokens> <number of experts> <top K> <repeat>
start_time=2026-06-05 15:39:03

############################################################
[CONFIG] num_tokens=32768, num_experts=384, topk=1, repeat=1000
############################################################

------------------------------------------------------------
[RUN 1] start: 2026-06-05 15:39:03
[RUN 1] command: timeout 180s ./main 32768 384 1 1000
------------------------------------------------------------
PASS
Average execution time of kernels: 189.546936 (us)
------------------------------------------------------------
[RUN 1] end: 2026-06-05 15:39:04
------------------------------------------------------------

------------------------------------------------------------
[RUN 2] start: 2026-06-05 15:39:04
[RUN 2] command: timeout 180s ./main 32768 384 1 1000
------------------------------------------------------------
PASS
Average execution time of kernels: 172.727066 (us)
------------------------------------------------------------
[RUN 2] end: 2026-06-05 15:39:05
------------------------------------------------------------

------------------------------------------------------------
[RUN 3] start: 2026-06-05 15:39:05
[RUN 3] command: timeout 180s ./main 32768 384 1 1000
------------------------------------------------------------
PASS
Average execution time of kernels: 165.390228 (us)
------------------------------------------------------------
[RUN 3] end: 2026-06-05 15:39:06
------------------------------------------------------------

------------------------------------------------------------
[RUN 4] start: 2026-06-05 15:39:06
[RUN 4] command: timeout 180s ./main 32768 384 1 1000
------------------------------------------------------------
PASS
Average execution time of kernels: 165.395065 (us)
------------------------------------------------------------
[RUN 4] end: 2026-06-05 15:39:07
------------------------------------------------------------

------------------------------------------------------------
[RUN 5] start: 2026-06-05 15:39:07
[RUN 5] command: timeout 180s ./main 32768 384 1 1000
------------------------------------------------------------
PASS
Average execution time of kernels: 165.404327 (us)
------------------------------------------------------------
[RUN 5] end: 2026-06-05 15:39:07
------------------------------------------------------------

------------------------------------------------------------
[RUN 6] start: 2026-06-05 15:39:07
[RUN 6] command: timeout 180s ./main 32768 384 1 1000
------------------------------------------------------------
PASS
Average execution time of kernels: 165.390732 (us)
------------------------------------------------------------
[RUN 6] end: 2026-06-05 15:39:08
------------------------------------------------------------

------------------------------------------------------------
[RUN 7] start: 2026-06-05 15:39:08
[RUN 7] command: timeout 180s ./main 32768 384 1 1000
------------------------------------------------------------
PASS
Average execution time of kernels: 165.412994 (us)
------------------------------------------------------------
[RUN 7] end: 2026-06-05 15:39:09
------------------------------------------------------------

------------------------------------------------------------
[RUN 8] start: 2026-06-05 15:39:09
[RUN 8] command: timeout 180s ./main 32768 384 1 1000
------------------------------------------------------------
PASS
Average execution time of kernels: 165.377655 (us)
------------------------------------------------------------
[RUN 8] end: 2026-06-05 15:39:10
------------------------------------------------------------

------------------------------------------------------------
[RUN 9] start: 2026-06-05 15:39:10
[RUN 9] command: timeout 180s ./main 32768 384 1 1000
------------------------------------------------------------
PASS
Average execution time of kernels: 165.391922 (us)
------------------------------------------------------------
[RUN 9] end: 2026-06-05 15:39:11
------------------------------------------------------------

------------------------------------------------------------
[RUN 10] start: 2026-06-05 15:39:11
[RUN 10] command: timeout 180s ./main 32768 384 1 1000
------------------------------------------------------------
PASS
Average execution time of kernels: 165.386810 (us)
------------------------------------------------------------
[RUN 10] end: 2026-06-05 15:39:12
------------------------------------------------------------

############################################################
[CONFIG] num_tokens=32768, num_experts=384, topk=2, repeat=1000
############################################################

------------------------------------------------------------
[RUN 1] start: 2026-06-05 15:39:12
[RUN 1] command: timeout 180s ./main 32768 384 2 1000
------------------------------------------------------------
PASS
Average execution time of kernels: 345.280884 (us)
------------------------------------------------------------
[RUN 1] end: 2026-06-05 15:39:13
------------------------------------------------------------

------------------------------------------------------------
[RUN 2] start: 2026-06-05 15:39:13
[RUN 2] command: timeout 180s ./main 32768 384 2 1000
------------------------------------------------------------
PASS
Average execution time of kernels: 345.325073 (us)
------------------------------------------------------------
[RUN 2] end: 2026-06-05 15:39:14
------------------------------------------------------------

------------------------------------------------------------
[RUN 3] start: 2026-06-05 15:39:14
[RUN 3] command: timeout 180s ./main 32768 384 2 1000
------------------------------------------------------------
PASS
Average execution time of kernels: 345.271606 (us)
------------------------------------------------------------
[RUN 3] end: 2026-06-05 15:39:15
------------------------------------------------------------

------------------------------------------------------------
[RUN 4] start: 2026-06-05 15:39:15
[RUN 4] command: timeout 180s ./main 32768 384 2 1000
------------------------------------------------------------
PASS
Average execution time of kernels: 345.282257 (us)
------------------------------------------------------------
[RUN 4] end: 2026-06-05 15:39:16
------------------------------------------------------------

------------------------------------------------------------
[RUN 5] start: 2026-06-05 15:39:16
[RUN 5] command: timeout 180s ./main 32768 384 2 1000
------------------------------------------------------------
PASS
Average execution time of kernels: 345.288696 (us)
------------------------------------------------------------
[RUN 5] end: 2026-06-05 15:39:17
------------------------------------------------------------

------------------------------------------------------------
[RUN 6] start: 2026-06-05 15:39:17
[RUN 6] command: timeout 180s ./main 32768 384 2 1000
------------------------------------------------------------
PASS
Average execution time of kernels: 345.297729 (us)
------------------------------------------------------------
[RUN 6] end: 2026-06-05 15:39:18
------------------------------------------------------------

------------------------------------------------------------
[RUN 7] start: 2026-06-05 15:39:18
[RUN 7] command: timeout 180s ./main 32768 384 2 1000
------------------------------------------------------------
PASS
Average execution time of kernels: 345.304688 (us)
------------------------------------------------------------
[RUN 7] end: 2026-06-05 15:39:19
------------------------------------------------------------

------------------------------------------------------------
[RUN 8] start: 2026-06-05 15:39:19
[RUN 8] command: timeout 180s ./main 32768 384 2 1000
------------------------------------------------------------
PASS
Average execution time of kernels: 345.306610 (us)
------------------------------------------------------------
[RUN 8] end: 2026-06-05 15:39:20
------------------------------------------------------------

------------------------------------------------------------
[RUN 9] start: 2026-06-05 15:39:20
[RUN 9] command: timeout 180s ./main 32768 384 2 1000
------------------------------------------------------------
PASS
Average execution time of kernels: 344.719238 (us)
------------------------------------------------------------
[RUN 9] end: 2026-06-05 15:39:21
------------------------------------------------------------

------------------------------------------------------------
[RUN 10] start: 2026-06-05 15:39:21
[RUN 10] command: timeout 180s ./main 32768 384 2 1000
------------------------------------------------------------
PASS
Average execution time of kernels: 344.725830 (us)
------------------------------------------------------------
[RUN 10] end: 2026-06-05 15:39:22
------------------------------------------------------------

############################################################
[CONFIG] num_tokens=32768, num_experts=384, topk=4, repeat=1000
############################################################

------------------------------------------------------------
[RUN 1] start: 2026-06-05 15:39:22
[RUN 1] command: timeout 180s ./main 32768 384 4 1000
------------------------------------------------------------
PASS
Average execution time of kernels: 561.142090 (us)
------------------------------------------------------------
[RUN 1] end: 2026-06-05 15:39:24
------------------------------------------------------------

------------------------------------------------------------
[RUN 2] start: 2026-06-05 15:39:24
[RUN 2] command: timeout 180s ./main 32768 384 4 1000
------------------------------------------------------------
PASS
Average execution time of kernels: 561.123047 (us)
------------------------------------------------------------
[RUN 2] end: 2026-06-05 15:39:25
------------------------------------------------------------

------------------------------------------------------------
[RUN 3] start: 2026-06-05 15:39:25
[RUN 3] command: timeout 180s ./main 32768 384 4 1000
------------------------------------------------------------
PASS
Average execution time of kernels: 561.160400 (us)
------------------------------------------------------------
[RUN 3] end: 2026-06-05 15:39:26
------------------------------------------------------------

------------------------------------------------------------
[RUN 4] start: 2026-06-05 15:39:26
[RUN 4] command: timeout 180s ./main 32768 384 4 1000
------------------------------------------------------------
PASS
Average execution time of kernels: 561.184326 (us)
------------------------------------------------------------
[RUN 4] end: 2026-06-05 15:39:28
------------------------------------------------------------

------------------------------------------------------------
[RUN 5] start: 2026-06-05 15:39:28
[RUN 5] command: timeout 180s ./main 32768 384 4 1000
------------------------------------------------------------
PASS
Average execution time of kernels: 561.163208 (us)
------------------------------------------------------------
[RUN 5] end: 2026-06-05 15:39:29
------------------------------------------------------------

------------------------------------------------------------
[RUN 6] start: 2026-06-05 15:39:29
[RUN 6] command: timeout 180s ./main 32768 384 4 1000
------------------------------------------------------------
PASS
Average execution time of kernels: 561.178467 (us)
------------------------------------------------------------
[RUN 6] end: 2026-06-05 15:39:31
------------------------------------------------------------

------------------------------------------------------------
[RUN 7] start: 2026-06-05 15:39:31
[RUN 7] command: timeout 180s ./main 32768 384 4 1000
------------------------------------------------------------
PASS
Average execution time of kernels: 561.180786 (us)
------------------------------------------------------------
[RUN 7] end: 2026-06-05 15:39:32
------------------------------------------------------------

------------------------------------------------------------
[RUN 8] start: 2026-06-05 15:39:32
[RUN 8] command: timeout 180s ./main 32768 384 4 1000
------------------------------------------------------------
PASS
Average execution time of kernels: 561.129211 (us)
------------------------------------------------------------
[RUN 8] end: 2026-06-05 15:39:33
------------------------------------------------------------

------------------------------------------------------------
[RUN 9] start: 2026-06-05 15:39:33
[RUN 9] command: timeout 180s ./main 32768 384 4 1000
------------------------------------------------------------
PASS
Average execution time of kernels: 561.176575 (us)
------------------------------------------------------------
[RUN 9] end: 2026-06-05 15:39:35
------------------------------------------------------------

------------------------------------------------------------
[RUN 10] start: 2026-06-05 15:39:35
[RUN 10] command: timeout 180s ./main 32768 384 4 1000
------------------------------------------------------------
PASS
Average execution time of kernels: 561.163818 (us)
------------------------------------------------------------
[RUN 10] end: 2026-06-05 15:39:36
------------------------------------------------------------

############################################################
[CONFIG] num_tokens=32768, num_experts=384, topk=8, repeat=1000
############################################################

------------------------------------------------------------
[RUN 1] start: 2026-06-05 15:39:36
[RUN 1] command: timeout 180s ./main 32768 384 8 1000
------------------------------------------------------------
PASS
Average execution time of kernels: 1228.764893 (us)
------------------------------------------------------------
[RUN 1] end: 2026-06-05 15:39:38
------------------------------------------------------------

------------------------------------------------------------
[RUN 2] start: 2026-06-05 15:39:38
[RUN 2] command: timeout 180s ./main 32768 384 8 1000
------------------------------------------------------------
PASS
Average execution time of kernels: 1228.782593 (us)
------------------------------------------------------------
[RUN 2] end: 2026-06-05 15:39:41
------------------------------------------------------------

------------------------------------------------------------
[RUN 3] start: 2026-06-05 15:39:41
[RUN 3] command: timeout 180s ./main 32768 384 8 1000
------------------------------------------------------------
PASS
Average execution time of kernels: 1228.702515 (us)
------------------------------------------------------------
[RUN 3] end: 2026-06-05 15:39:43
------------------------------------------------------------

------------------------------------------------------------
[RUN 4] start: 2026-06-05 15:39:43
[RUN 4] command: timeout 180s ./main 32768 384 8 1000
------------------------------------------------------------
PASS
Average execution time of kernels: 1228.788696 (us)
------------------------------------------------------------
[RUN 4] end: 2026-06-05 15:39:45
------------------------------------------------------------

------------------------------------------------------------
[RUN 5] start: 2026-06-05 15:39:45
[RUN 5] command: timeout 180s ./main 32768 384 8 1000
------------------------------------------------------------
PASS
Average execution time of kernels: 1228.778809 (us)
------------------------------------------------------------
[RUN 5] end: 2026-06-05 15:39:47
------------------------------------------------------------

------------------------------------------------------------
[RUN 6] start: 2026-06-05 15:39:47
[RUN 6] command: timeout 180s ./main 32768 384 8 1000
------------------------------------------------------------
PASS
Average execution time of kernels: 1228.703247 (us)
------------------------------------------------------------
[RUN 6] end: 2026-06-05 15:39:50
------------------------------------------------------------

------------------------------------------------------------
[RUN 7] start: 2026-06-05 15:39:50
[RUN 7] command: timeout 180s ./main 32768 384 8 1000
------------------------------------------------------------
PASS
Average execution time of kernels: 1228.775024 (us)
------------------------------------------------------------
[RUN 7] end: 2026-06-05 15:39:52
------------------------------------------------------------

------------------------------------------------------------
[RUN 8] start: 2026-06-05 15:39:52
[RUN 8] command: timeout 180s ./main 32768 384 8 1000
------------------------------------------------------------
PASS
Average execution time of kernels: 1228.739624 (us)
------------------------------------------------------------
[RUN 8] end: 2026-06-05 15:39:54
------------------------------------------------------------

------------------------------------------------------------
[RUN 9] start: 2026-06-05 15:39:54
[RUN 9] command: timeout 180s ./main 32768 384 8 1000
------------------------------------------------------------
PASS
Average execution time of kernels: 1228.769897 (us)
------------------------------------------------------------
[RUN 9] end: 2026-06-05 15:39:57
------------------------------------------------------------

------------------------------------------------------------
[RUN 10] start: 2026-06-05 15:39:57
[RUN 10] command: timeout 180s ./main 32768 384 8 1000
------------------------------------------------------------
PASS
Average execution time of kernels: 1228.731445 (us)
------------------------------------------------------------
[RUN 10] end: 2026-06-05 15:39:59
------------------------------------------------------------

end_time=2026-06-05 15:39:59

============================================================
[STAGE] Check PASS / FAIL summary
[TIME ] 2026-06-05 15:39:59
============================================================
PASS count:
40
FAIL count:
0
Average execution time lines:
Average execution time of kernels: 189.546936 (us)
Average execution time of kernels: 172.727066 (us)
Average execution time of kernels: 165.390228 (us)
Average execution time of kernels: 165.395065 (us)
Average execution time of kernels: 165.404327 (us)
Average execution time of kernels: 165.390732 (us)
Average execution time of kernels: 165.412994 (us)
Average execution time of kernels: 165.377655 (us)
Average execution time of kernels: 165.391922 (us)
Average execution time of kernels: 165.386810 (us)
Average execution time of kernels: 345.280884 (us)
Average execution time of kernels: 345.325073 (us)
Average execution time of kernels: 345.271606 (us)
Average execution time of kernels: 345.282257 (us)
Average execution time of kernels: 345.288696 (us)
Average execution time of kernels: 345.297729 (us)
Average execution time of kernels: 345.304688 (us)
Average execution time of kernels: 345.306610 (us)
Average execution time of kernels: 344.719238 (us)
Average execution time of kernels: 344.725830 (us)
Average execution time of kernels: 561.142090 (us)
Average execution time of kernels: 561.123047 (us)
Average execution time of kernels: 561.160400 (us)
Average execution time of kernels: 561.184326 (us)
Average execution time of kernels: 561.163208 (us)
Average execution time of kernels: 561.178467 (us)
Average execution time of kernels: 561.180786 (us)
Average execution time of kernels: 561.129211 (us)
Average execution time of kernels: 561.176575 (us)
Average execution time of kernels: 561.163818 (us)
Average execution time of kernels: 1228.764893 (us)
Average execution time of kernels: 1228.782593 (us)
Average execution time of kernels: 1228.702515 (us)
Average execution time of kernels: 1228.788696 (us)
Average execution time of kernels: 1228.778809 (us)
Average execution time of kernels: 1228.703247 (us)
Average execution time of kernels: 1228.775024 (us)
Average execution time of kernels: 1228.739624 (us)
Average execution time of kernels: 1228.769897 (us)
Average execution time of kernels: 1228.731445 (us)

============================================================
[STAGE] Benchmark completed
[TIME ] 2026-06-05 15:39:59
============================================================
Result file: /home/r14525078/HeCBench/src/moe-cuda/results/moe_cuda_result_945041.txt

============================================================
[STAGE] Job finished successfully
[TIME ] 2026-06-05 15:39:59
============================================================
