job_id=947994
node_list=gn1222
submit_dir=/home/r14525078/p2/HeCBench/src/allreduce-cuda
date=2026-06-08T22:23:13+08:00
cuda_visible_devices=0,1
rm -rf main main.o collectives.o timer.o
nvcc  -std=c++17 -I/opt/nvidia/hpc_sdk/Linux_x86_64/24.5/comm_libs/12.4/openmpi4/openmpi-4.1.5//include -DOMPI_SKIP_MPICXX= -Xcompiler -Wall -arch=sm_70 -O3 -c main.cu -o main.o
nvcc  -std=c++17 -I/opt/nvidia/hpc_sdk/Linux_x86_64/24.5/comm_libs/12.4/openmpi4/openmpi-4.1.5//include -DOMPI_SKIP_MPICXX= -Xcompiler -Wall -arch=sm_70 -O3 -c collectives.cu -o collectives.o
nvcc  -std=c++17 -I/opt/nvidia/hpc_sdk/Linux_x86_64/24.5/comm_libs/12.4/openmpi4/openmpi-4.1.5//include -DOMPI_SKIP_MPICXX= -Xcompiler -Wall -arch=sm_70 -O3 -c timer.cu -o timer.o
nvcc  -std=c++17 -I/opt/nvidia/hpc_sdk/Linux_x86_64/24.5/comm_libs/12.4/openmpi4/openmpi-4.1.5//include -DOMPI_SKIP_MPICXX= -Xcompiler -Wall -arch=sm_70 -O3 main.o collectives.o timer.o -o main -L/opt/nvidia/hpc_sdk/Linux_x86_64/24.5/comm_libs/12.4/openmpi4/openmpi-4.1.5//lib -lmpi -DOMPI_SKIP_MPICXX=
Verified allreduce for size 0 (0.705707 us per iteration)
Verified allreduce for size 32 (30.4393 us per iteration)
Verified allreduce for size 256 (31.833 us per iteration)
Verified allreduce for size 1024 (37.3311 us per iteration)
Verified allreduce for size 4096 (56.8109 us per iteration)
Verified allreduce for size 16384 (134.798 us per iteration)
Verified allreduce for size 65536 (410.324 us per iteration)
Verified allreduce for size 262144 (1636.14 us per iteration)
Verified allreduce for size 1048576 (9728.34 us per iteration)
Verified allreduce for size 8388608 (54957.7 us per iteration)
Verified allreduce for size 67108864 (426082 us per iteration)
Verified allreduce for size 536870912 (3.41027e+06 us per iteration)
