job_id=948000
node_list=gn1222
submit_dir=/home/r14525078/p2/HeCBench/src/allreduce-cuda
date=2026-06-08T22:28:37+08:00
cuda_visible_devices=0,1
rm -rf main main.o collectives.o timer.o
nvcc  -std=c++17 -I/opt/nvidia/hpc_sdk/Linux_x86_64/24.5/comm_libs/12.4/openmpi4/openmpi-4.1.5//include -DOMPI_SKIP_MPICXX= -Xcompiler -Wall -arch=sm_70 -O3 -c main.cu -o main.o
nvcc  -std=c++17 -I/opt/nvidia/hpc_sdk/Linux_x86_64/24.5/comm_libs/12.4/openmpi4/openmpi-4.1.5//include -DOMPI_SKIP_MPICXX= -Xcompiler -Wall -arch=sm_70 -O3 -c collectives.cu -o collectives.o
nvcc  -std=c++17 -I/opt/nvidia/hpc_sdk/Linux_x86_64/24.5/comm_libs/12.4/openmpi4/openmpi-4.1.5//include -DOMPI_SKIP_MPICXX= -Xcompiler -Wall -arch=sm_70 -O3 -c timer.cu -o timer.o
nvcc  -std=c++17 -I/opt/nvidia/hpc_sdk/Linux_x86_64/24.5/comm_libs/12.4/openmpi4/openmpi-4.1.5//include -DOMPI_SKIP_MPICXX= -Xcompiler -Wall -arch=sm_70 -O3 main.o collectives.o timer.o -o main -L/opt/nvidia/hpc_sdk/Linux_x86_64/24.5/comm_libs/12.4/openmpi4/openmpi-4.1.5//lib -lmpi -DOMPI_SKIP_MPICXX=
Verified allreduce for size 0 (0.0671339 us per iteration)
Verified allreduce for size 32 (29.7308 us per iteration)
Verified allreduce for size 256 (32.3674 us per iteration)
Verified allreduce for size 1024 (36.094 us per iteration)
Verified allreduce for size 4096 (54.9319 us per iteration)
Verified allreduce for size 16384 (39.4592 us per iteration)
Verified allreduce for size 65536 (37.1926 us per iteration)
Verified allreduce for size 262144 (84.2798 us per iteration)
Verified allreduce for size 1048576 (802.643 us per iteration)
Verified allreduce for size 8388608 (2922.32 us per iteration)
Verified allreduce for size 67108864 (17053.2 us per iteration)
Verified allreduce for size 536870912 (120423 us per iteration)
