job_id=948025
node=gn1222
CUDA_VISIBLE_DEVICES=0
benchmark_command=./main 100000
date_start=2026-06-08T23:18:23+08:00
modules_before=
No modules loaded
--------------------------------
loading CUDA 12.8 with cuDNN / NCCL
based on cuda_12.8.0_570.86.10_linux.run
--------------------------------

modules_after=

Currently Loaded Modules:
  1) cuda/12.8

 

nvcc: NVIDIA (R) Cuda compiler driver
Copyright (c) 2005-2025 NVIDIA Corporation
Built on Wed_Jan_15_19:20:09_PST_2025
Cuda compilation tools, release 12.8, V12.8.61
Build cuda_12.8.r12.8/compiler.35404655_0
build_command=make clean || true && make ARCH=sm_70
rm -rf main main.o
nvcc  -std=c++17 -Xcompiler -Wall -arch=sm_70 -O3 -c main.cu -o main.o
nvcc warning : Support for offline compilation for architectures prior to '<compute/sm/lto>_75' will be removed in a future release (Use -Wno-deprecated-gpu-targets to suppress warning).
nvcc  -std=c++17 -Xcompiler -Wall -arch=sm_70 -O3 main.o -o main 
nvcc warning : Support for offline compilation for architectures prior to '<compute/sm/lto>_75' will be removed in a future release (Use -Wno-deprecated-gpu-targets to suppress warning).
build_status=0
run_start=2026-06-08T23:18:30+08:00
Average execution time of the kernels (tokens 1, topk: 2, expert: 32, block_size 32): 12.146792 (us)
PASS
Average execution time of the kernels (tokens 1, topk: 3, expert: 32, block_size 32): 11.874591 (us)
PASS
Average execution time of the kernels (tokens 1, topk: 4, expert: 32, block_size 32): 11.868820 (us)
PASS
Average execution time of the kernels (tokens 1, topk: 2, expert: 128, block_size 32): 16.031113 (us)
PASS
Average execution time of the kernels (tokens 1, topk: 3, expert: 128, block_size 32): 16.121828 (us)
PASS
Average execution time of the kernels (tokens 1, topk: 4, expert: 128, block_size 32): 16.032597 (us)
PASS
Average execution time of the kernels (tokens 3, topk: 2, expert: 32, block_size 32): 11.884285 (us)
PASS
Average execution time of the kernels (tokens 3, topk: 3, expert: 32, block_size 32): 11.880395 (us)
PASS
Average execution time of the kernels (tokens 3, topk: 4, expert: 32, block_size 32): 11.940042 (us)
PASS
Average execution time of the kernels (tokens 3, topk: 2, expert: 128, block_size 32): 16.108702 (us)
PASS
Average execution time of the kernels (tokens 3, topk: 3, expert: 128, block_size 32): 16.099634 (us)
PASS
Average execution time of the kernels (tokens 3, topk: 4, expert: 128, block_size 32): 16.023811 (us)
PASS
Average execution time of the kernels (tokens 256, topk: 2, expert: 32, block_size 32): 13.471622 (us)
PASS
Average execution time of the kernels (tokens 256, topk: 3, expert: 32, block_size 32): 14.411423 (us)
PASS
Average execution time of the kernels (tokens 256, topk: 4, expert: 32, block_size 32): 16.527103 (us)
PASS
Average execution time of the kernels (tokens 256, topk: 2, expert: 128, block_size 32): 16.340113 (us)
PASS
Average execution time of the kernels (tokens 256, topk: 3, expert: 128, block_size 32): 16.358351 (us)
PASS
Average execution time of the kernels (tokens 256, topk: 4, expert: 128, block_size 32): 16.373653 (us)
PASS
Average execution time of the kernels (tokens 4096, topk: 2, expert: 32, block_size 32): 20.918079 (us)
PASS
Average execution time of the kernels (tokens 4096, topk: 3, expert: 32, block_size 32): 23.445854 (us)
PASS
Average execution time of the kernels (tokens 4096, topk: 4, expert: 32, block_size 32): 25.639772 (us)
PASS
Average execution time of the kernels (tokens 4096, topk: 2, expert: 128, block_size 32): 20.339113 (us)
PASS
Average execution time of the kernels (tokens 4096, topk: 3, expert: 128, block_size 32): 22.807653 (us)
PASS
Average execution time of the kernels (tokens 4096, topk: 4, expert: 128, block_size 32): 24.908403 (us)
PASS
Average execution time of the kernels (tokens 8192, topk: 2, expert: 32, block_size 32): 25.815418 (us)
PASS
Average execution time of the kernels (tokens 8192, topk: 3, expert: 32, block_size 32): 30.832838 (us)
PASS
Average execution time of the kernels (tokens 8192, topk: 4, expert: 32, block_size 32): 36.020889 (us)
PASS
Average execution time of the kernels (tokens 8192, topk: 2, expert: 128, block_size 32): 24.770954 (us)
PASS
Average execution time of the kernels (tokens 8192, topk: 3, expert: 128, block_size 32): 29.501812 (us)
PASS
Average execution time of the kernels (tokens 8192, topk: 4, expert: 128, block_size 32): 34.489407 (us)
PASS
run_status=0
date_end=2026-06-08T23:19:29+08:00
