job_id=948049
node=gn1115
CUDA_VISIBLE_DEVICES=0
benchmark_command=./main 100000
date_start=2026-06-08T23:23:54+08:00
modules_before=
No modules loaded
--------------------------------
loading CUDA 12.8 with cuDNN / NCCL
based on cuda_12.8.0_570.86.10_linux.run
--------------------------------

modules_after=

Currently Loaded Modules:
  1) cuda/12.8

 

nvcc: NVIDIA (R) Cuda compiler driver
Copyright (c) 2005-2025 NVIDIA Corporation
Built on Wed_Jan_15_19:20:09_PST_2025
Cuda compilation tools, release 12.8, V12.8.61
Build cuda_12.8.r12.8/compiler.35404655_0
build_command=make clean || true && make ARCH=sm_70
rm -rf main main.o
nvcc  -std=c++17 -Xcompiler -Wall -arch=sm_70 -O3 -c main.cu -o main.o
nvcc warning : Support for offline compilation for architectures prior to '<compute/sm/lto>_75' will be removed in a future release (Use -Wno-deprecated-gpu-targets to suppress warning).
nvcc  -std=c++17 -Xcompiler -Wall -arch=sm_70 -O3 main.o -o main 
nvcc warning : Support for offline compilation for architectures prior to '<compute/sm/lto>_75' will be removed in a future release (Use -Wno-deprecated-gpu-targets to suppress warning).
build_status=0
run_start=2026-06-08T23:24:02+08:00
Average execution time of the kernels (tokens 1, topk: 2, expert: 32, block_size 32): 12.312983 (us)
PASS
Average execution time of the kernels (tokens 1, topk: 3, expert: 32, block_size 32): 11.993733 (us)
PASS
Average execution time of the kernels (tokens 1, topk: 4, expert: 32, block_size 32): 11.999103 (us)
PASS
Average execution time of the kernels (tokens 1, topk: 2, expert: 128, block_size 32): 30.179283 (us)
PASS
Average execution time of the kernels (tokens 1, topk: 3, expert: 128, block_size 32): 30.191574 (us)
PASS
Average execution time of the kernels (tokens 1, topk: 4, expert: 128, block_size 32): 30.176317 (us)
PASS
Average execution time of the kernels (tokens 3, topk: 2, expert: 32, block_size 32): 11.996658 (us)
PASS
Average execution time of the kernels (tokens 3, topk: 3, expert: 32, block_size 32): 12.002566 (us)
PASS
Average execution time of the kernels (tokens 3, topk: 4, expert: 32, block_size 32): 12.094651 (us)
PASS
Average execution time of the kernels (tokens 3, topk: 2, expert: 128, block_size 32): 30.273478 (us)
PASS
Average execution time of the kernels (tokens 3, topk: 3, expert: 128, block_size 32): 30.297132 (us)
PASS
Average execution time of the kernels (tokens 3, topk: 4, expert: 128, block_size 32): 30.256990 (us)
PASS
Average execution time of the kernels (tokens 256, topk: 2, expert: 32, block_size 32): 13.629895 (us)
PASS
Average execution time of the kernels (tokens 256, topk: 3, expert: 32, block_size 32): 14.521487 (us)
PASS
Average execution time of the kernels (tokens 256, topk: 4, expert: 32, block_size 32): 13.018501 (us)
PASS
Average execution time of the kernels (tokens 256, topk: 2, expert: 128, block_size 32): 31.339457 (us)
PASS
Average execution time of the kernels (tokens 256, topk: 3, expert: 128, block_size 32): 31.810295 (us)
PASS
Average execution time of the kernels (tokens 256, topk: 4, expert: 128, block_size 32): 13.010862 (us)
PASS
Average execution time of the kernels (tokens 4096, topk: 2, expert: 32, block_size 32): 17.397341 (us)
PASS
Average execution time of the kernels (tokens 4096, topk: 3, expert: 32, block_size 32): 19.859295 (us)
PASS
Average execution time of the kernels (tokens 4096, topk: 4, expert: 32, block_size 32): 22.070271 (us)
PASS
Average execution time of the kernels (tokens 4096, topk: 2, expert: 128, block_size 32): 16.766495 (us)
PASS
Average execution time of the kernels (tokens 4096, topk: 3, expert: 128, block_size 32): 19.218027 (us)
PASS
Average execution time of the kernels (tokens 4096, topk: 4, expert: 128, block_size 32): 21.152378 (us)
PASS
Average execution time of the kernels (tokens 8192, topk: 2, expert: 32, block_size 32): 22.203476 (us)
PASS
Average execution time of the kernels (tokens 8192, topk: 3, expert: 32, block_size 32): 27.256346 (us)
PASS
Average execution time of the kernels (tokens 8192, topk: 4, expert: 32, block_size 32): 32.323910 (us)
PASS
Average execution time of the kernels (tokens 8192, topk: 2, expert: 128, block_size 32): 21.151720 (us)
PASS
Average execution time of the kernels (tokens 8192, topk: 3, expert: 128, block_size 32): 25.838827 (us)
PASS
Average execution time of the kernels (tokens 8192, topk: 4, expert: 128, block_size 32): 30.864475 (us)
PASS
run_status=0
date_end=2026-06-08T23:25:07+08:00
