--------------------------------
loading CUDA 12.8 with cuDNN / NCCL
based on cuda_12.8.0_570.86.10_linux.run
--------------------------------

job_id=948055
node=gn1115
CUDA_VISIBLE_DEVICES=0
profiler_command=ncu --set speedOfLight --target-processes all --launch-count 30 ./main 1
nvcc: NVIDIA (R) Cuda compiler driver
Copyright (c) 2005-2025 NVIDIA Corporation
Built on Wed_Jan_15_19:20:09_PST_2025
Cuda compilation tools, release 12.8, V12.8.61
Build cuda_12.8.r12.8/compiler.35404655_0

Currently Loaded Modules:
  1) cuda/12.8

 

rm -rf main main.o
nvcc  -std=c++17 -Xcompiler -Wall -arch=sm_70 -O3 -c main.cu -o main.o
nvcc warning : Support for offline compilation for architectures prior to '<compute/sm/lto>_75' will be removed in a future release (Use -Wno-deprecated-gpu-targets to suppress warning).
nvcc  -std=c++17 -Xcompiler -Wall -arch=sm_70 -O3 main.o -o main 
nvcc warning : Support for offline compilation for architectures prior to '<compute/sm/lto>_75' will be removed in a future release (Use -Wno-deprecated-gpu-targets to suppress warning).
==WARNING== No metrics to collect found in sections.
==PROF== Connected to process 2965742 (/home/r14525078/p3/HeCBench/src/moe-align-cuda/main)
==PROF== Profiling "moe_align_block_size_small_ba..." - 0 (1/30): 0%....50%....100% - 1 pass
==PROF== Profiling "moe_align_block_size_small_ba..." - 1 (2/30): 0%....50%....100% - 1 pass
==PROF== Profiling "moe_align_block_size_small_ba..." - 2 (3/30): 0%....50%....100% - 1 pass
==PROF== Profiling "moe_align_block_size_kernel" - 3 (4/30): 0%....50%....100% - 1 pass
==PROF== Profiling "count_and_sort_expert_tokens_..." - 4 (5/30): 0%....50%....100% - 1 pass
==PROF== Profiling "moe_align_block_size_kernel" - 5 (6/30): 0%....50%....100% - 1 pass
==PROF== Profiling "count_and_sort_expert_tokens_..." - 6 (7/30): 0%....50%....100% - 1 pass
==PROF== Profiling "moe_align_block_size_kernel" - 7 (8/30): 0%....50%....100% - 1 pass
==PROF== Profiling "count_and_sort_expert_tokens_..." - 8 (9/30): 0%....50%....100% - 1 pass
==PROF== Profiling "moe_align_block_size_small_ba..." - 9 (10/30): 0%....50%....100% - 1 pass
==PROF== Profiling "moe_align_block_size_small_ba..." - 10 (11/30): 0%....50%....100% - 1 pass
==PROF== Profiling "moe_align_block_size_small_ba..." - 11 (12/30): 0%....50%....100% - 1 pass
==PROF== Profiling "moe_align_block_size_kernel" - 12 (13/30): 0%....50%....100% - 1 pass
==PROF== Profiling "count_and_sort_expert_tokens_..." - 13 (14/30): 0%....50%....100% - 1 pass
==PROF== Profiling "moe_align_block_size_kernel" - 14 (15/30): 0%....50%....100% - 1 pass
==PROF== Profiling "count_and_sort_expert_tokens_..." - 15 (16/30): 0%....50%....100% - 1 pass
==PROF== Profiling "moe_align_block_size_kernel" - 16 (17/30): 0%....50%....100% - 1 pass
==PROF== Profiling "count_and_sort_expert_tokens_..." - 17 (18/30): 0%....50%....100% - 1 pass
==PROF== Profiling "moe_align_block_size_small_ba..." - 18 (19/30): 0%....50%....100% - 1 pass
==PROF== Profiling "moe_align_block_size_small_ba..." - 19 (20/30): 0%....50%....100% - 1 pass
==PROF== Profiling "moe_align_block_size_kernel" - 20 (21/30): 0%....50%....100% - 1 pass
==PROF== Profiling "count_and_sort_expert_tokens_..." - 21 (22/30): 0%....50%....100% - 1 pass
==PROF== Profiling "moe_align_block_size_kernel" - 22 (23/30): 0%....50%....100% - 1 pass
==PROF== Profiling "count_and_sort_expert_tokens_..." - 23 (24/30): 0%....50%....100% - 1 pass
==PROF== Profiling "moe_align_block_size_kernel" - 24 (25/30): 0%....50%....100% - 1 pass
==PROF== Profiling "count_and_sort_expert_tokens_..." - 25 (26/30): 0%....50%....100% - 1 pass
==PROF== Profiling "moe_align_block_size_kernel" - 26 (27/30): 0%....50%....100% - 1 pass
==PROF== Profiling "count_and_sort_expert_tokens_..." - 27 (28/30): 0%....50%....100% - 1 pass
==PROF== Profiling "moe_align_block_size_kernel" - 28 (29/30): 0%....50%....100% - 1 pass
==PROF== Profiling "count_and_sort_expert_tokens_..." - 29 (30/30): 0%....50%....100% - 1 pass
Average execution time of the kernels (tokens 1, topk: 2, expert: 32, block_size 32): 587314.250000 (us)
PASS
Average execution time of the kernels (tokens 1, topk: 3, expert: 32, block_size 32): 11848.625000 (us)
PASS
Average execution time of the kernels (tokens 1, topk: 4, expert: 32, block_size 32): 6211.027344 (us)
PASS
Average execution time of the kernels (tokens 1, topk: 2, expert: 128, block_size 32): 12044.936523 (us)
PASS
Average execution time of the kernels (tokens 1, topk: 3, expert: 128, block_size 32): 11469.976562 (us)
PASS
Average execution time of the kernels (tokens 1, topk: 4, expert: 128, block_size 32): 12610.811523 (us)
PASS
Average execution time of the kernels (tokens 3, topk: 2, expert: 32, block_size 32): 6339.471191 (us)
PASS
Average execution time of the kernels (tokens 3, topk: 3, expert: 32, block_size 32): 5728.868164 (us)
PASS
Average execution time of the kernels (tokens 3, topk: 4, expert: 32, block_size 32): 5776.179199 (us)
PASS
Average execution time of the kernels (tokens 3, topk: 2, expert: 128, block_size 32): 11449.009766 (us)
PASS
Average execution time of the kernels (tokens 3, topk: 3, expert: 128, block_size 32): 15654.130859 (us)
PASS
Average execution time of the kernels (tokens 3, topk: 4, expert: 128, block_size 32): 11575.070312 (us)
PASS
Average execution time of the kernels (tokens 256, topk: 2, expert: 32, block_size 32): 6194.935059 (us)
PASS
Average execution time of the kernels (tokens 256, topk: 3, expert: 32, block_size 32): 5941.215332 (us)
PASS
Average execution time of the kernels (tokens 256, topk: 4, expert: 32, block_size 32): 11993.306641 (us)
PASS
Average execution time of the kernels (tokens 256, topk: 2, expert: 128, block_size 32): 11847.750977 (us)
PASS
Average execution time of the kernels (tokens 256, topk: 3, expert: 128, block_size 32): 11650.657227 (us)
PASS
Average execution time of the kernels (tokens 256, topk: 4, expert: 128, block_size 32): 11513.143555 (us)
PASS
Average execution time of the kernels (tokens 4096, topk: 2, expert: 32, block_size 32): 11634.818359 (us)
PASS
Average execution time of the kernels (tokens 4096, topk: 3, expert: 32, block_size 32): 83.814003 (us)
PASS
Average execution time of the kernels (tokens 4096, topk: 4, expert: 32, block_size 32): 73.777000 (us)
PASS
Average execution time of the kernels (tokens 4096, topk: 2, expert: 128, block_size 32): 73.704002 (us)
PASS
Average execution time of the kernels (tokens 4096, topk: 3, expert: 128, block_size 32): 73.959007 (us)
PASS
Average execution time of the kernels (tokens 4096, topk: 4, expert: 128, block_size 32): 78.652000 (us)
PASS
Average execution time of the kernels (tokens 8192, topk: 2, expert: 32, block_size 32): 74.920006 (us)
PASS
Average execution time of the kernels (tokens 8192, topk: 3, expert: 32, block_size 32): 70.317001 (us)
PASS
Average execution time of the kernels (tokens 8192, topk: 4, expert: 32, block_size 32): 74.550003 (us)
PASS
Average execution time of the kernels (tokens 8192, topk: 2, expert: 128, block_size 32): 82.680000 (us)
PASS
Average execution time of the kernels (tokens 8192, topk: 3, expert: 128, block_size 32): 79.405006 (us)
PASS
Average execution time of the kernels (tokens 8192, topk: 4, expert: 128, block_size 32): 75.236000 (us)
PASS
==PROF== Disconnected from process 2965742
[2965742] main@127.0.0.1
  void moe_align_block_size_small_batch_expert_kernel<int, 256>(const T1 *, int *, int *, int *, int *, int, int, int, int, int) (1, 1, 1)x(288, 1, 1), Context 1, Stream 7, Device 0, CC 7.0
  void moe_align_block_size_small_batch_expert_kernel<int, 256>(const T1 *, int *, int *, int *, int *, int, int, int, int, int) (1, 1, 1)x(288, 1, 1), Context 1, Stream 7, Device 0, CC 7.0
  void moe_align_block_size_small_batch_expert_kernel<int, 256>(const T1 *, int *, int *, int *, int *, int, int, int, int, int) (1, 1, 1)x(288, 1, 1), Context 1, Stream 7, Device 0, CC 7.0
  void moe_align_block_size_kernel<int>(const T1 *, int *, int *, int *, int *, int, int, int, int, int, int *, int, int) (2, 1, 1)x(1024, 1, 1), Context 1, Stream 7, Device 0, CC 7.0
  void count_and_sort_expert_tokens_kernel<int>(const T1 *, int *, int *, int *, int, int, int, int) (1, 1, 1)x(256, 1, 1), Context 1, Stream 7, Device 0, CC 7.0
  void moe_align_block_size_kernel<int>(const T1 *, int *, int *, int *, int *, int, int, int, int, int, int *, int, int) (2, 1, 1)x(1024, 1, 1), Context 1, Stream 7, Device 0, CC 7.0
  void count_and_sort_expert_tokens_kernel<int>(const T1 *, int *, int *, int *, int, int, int, int) (1, 1, 1)x(256, 1, 1), Context 1, Stream 7, Device 0, CC 7.0
  void moe_align_block_size_kernel<int>(const T1 *, int *, int *, int *, int *, int, int, int, int, int, int *, int, int) (2, 1, 1)x(1024, 1, 1), Context 1, Stream 7, Device 0, CC 7.0
  void count_and_sort_expert_tokens_kernel<int>(const T1 *, int *, int *, int *, int, int, int, int) (1, 1, 1)x(256, 1, 1), Context 1, Stream 7, Device 0, CC 7.0
  void moe_align_block_size_small_batch_expert_kernel<int, 256>(const T1 *, int *, int *, int *, int *, int, int, int, int, int) (1, 1, 1)x(288, 1, 1), Context 1, Stream 7, Device 0, CC 7.0
  void moe_align_block_size_small_batch_expert_kernel<int, 256>(const T1 *, int *, int *, int *, int *, int, int, int, int, int) (1, 1, 1)x(288, 1, 1), Context 1, Stream 7, Device 0, CC 7.0
  void moe_align_block_size_small_batch_expert_kernel<int, 256>(const T1 *, int *, int *, int *, int *, int, int, int, int, int) (1, 1, 1)x(288, 1, 1), Context 1, Stream 7, Device 0, CC 7.0
  void moe_align_block_size_kernel<int>(const T1 *, int *, int *, int *, int *, int, int, int, int, int, int *, int, int) (2, 1, 1)x(1024, 1, 1), Context 1, Stream 7, Device 0, CC 7.0
  void count_and_sort_expert_tokens_kernel<int>(const T1 *, int *, int *, int *, int, int, int, int) (1, 1, 1)x(256, 1, 1), Context 1, Stream 7, Device 0, CC 7.0
  void moe_align_block_size_kernel<int>(const T1 *, int *, int *, int *, int *, int, int, int, int, int, int *, int, int) (2, 1, 1)x(1024, 1, 1), Context 1, Stream 7, Device 0, CC 7.0
  void count_and_sort_expert_tokens_kernel<int>(const T1 *, int *, int *, int *, int, int, int, int) (1, 1, 1)x(256, 1, 1), Context 1, Stream 7, Device 0, CC 7.0
  void moe_align_block_size_kernel<int>(const T1 *, int *, int *, int *, int *, int, int, int, int, int, int *, int, int) (2, 1, 1)x(1024, 1, 1), Context 1, Stream 7, Device 0, CC 7.0
  void count_and_sort_expert_tokens_kernel<int>(const T1 *, int *, int *, int *, int, int, int, int) (1, 1, 1)x(256, 1, 1), Context 1, Stream 7, Device 0, CC 7.0
  void moe_align_block_size_small_batch_expert_kernel<int, 256>(const T1 *, int *, int *, int *, int *, int, int, int, int, int) (1, 1, 1)x(288, 1, 1), Context 1, Stream 7, Device 0, CC 7.0
  void moe_align_block_size_small_batch_expert_kernel<int, 256>(const T1 *, int *, int *, int *, int *, int, int, int, int, int) (1, 1, 1)x(288, 1, 1), Context 1, Stream 7, Device 0, CC 7.0
  void moe_align_block_size_kernel<int>(const T1 *, int *, int *, int *, int *, int, int, int, int, int, int *, int, int) (2, 1, 1)x(1024, 1, 1), Context 1, Stream 7, Device 0, CC 7.0
  void count_and_sort_expert_tokens_kernel<int>(const T1 *, int *, int *, int *, int, int, int, int) (1, 4, 1)x(256, 1, 1), Context 1, Stream 7, Device 0, CC 7.0
  void moe_align_block_size_kernel<int>(const T1 *, int *, int *, int *, int *, int, int, int, int, int, int *, int, int) (2, 1, 1)x(1024, 1, 1), Context 1, Stream 7, Device 0, CC 7.0
  void count_and_sort_expert_tokens_kernel<int>(const T1 *, int *, int *, int *, int, int, int, int) (1, 2, 1)x(256, 1, 1), Context 1, Stream 7, Device 0, CC 7.0
  void moe_align_block_size_kernel<int>(const T1 *, int *, int *, int *, int *, int, int, int, int, int, int *, int, int) (2, 1, 1)x(1024, 1, 1), Context 1, Stream 7, Device 0, CC 7.0
  void count_and_sort_expert_tokens_kernel<int>(const T1 *, int *, int *, int *, int, int, int, int) (1, 3, 1)x(256, 1, 1), Context 1, Stream 7, Device 0, CC 7.0
  void moe_align_block_size_kernel<int>(const T1 *, int *, int *, int *, int *, int, int, int, int, int, int *, int, int) (2, 1, 1)x(1024, 1, 1), Context 1, Stream 7, Device 0, CC 7.0
  void count_and_sort_expert_tokens_kernel<int>(const T1 *, int *, int *, int *, int, int, int, int) (1, 4, 1)x(256, 1, 1), Context 1, Stream 7, Device 0, CC 7.0
  void moe_align_block_size_kernel<int>(const T1 *, int *, int *, int *, int *, int, int, int, int, int, int *, int, int) (2, 1, 1)x(1024, 1, 1), Context 1, Stream 7, Device 0, CC 7.0
  void count_and_sort_expert_tokens_kernel<int>(const T1 *, int *, int *, int *, int, int, int, int) (1, 32, 1)x(256, 1, 1), Context 1, Stream 7, Device 0, CC 7.0
