job_id=949640
node=gn1221.twcc.ai
date=2026-06-11T16:36:44+08:00
Thu Jun 11 16:36:44 2026       
+---------------------------------------------------------------------------------------+
| NVIDIA-SMI 535.161.08             Driver Version: 535.161.08   CUDA Version: 12.8     |
|-----------------------------------------+----------------------+----------------------+
| GPU  Name                 Persistence-M | Bus-Id        Disp.A | Volatile Uncorr. ECC |
| Fan  Temp   Perf          Pwr:Usage/Cap |         Memory-Usage | GPU-Util  Compute M. |
|                                         |                      |               MIG M. |
|=========================================+======================+======================|
|   0  Tesla V100-SXM2-32GB           On  | 00000000:3D:00.0 Off |                    0 |
| N/A   28C    P0              42W / 300W |      0MiB / 32768MiB |      0%      Default |
|                                         |                      |                  N/A |
+-----------------------------------------+----------------------+----------------------+
                                                                                         
+---------------------------------------------------------------------------------------+
| Processes:                                                                            |
|  GPU   GI   CI        PID   Type   Process name                            GPU Memory |
|        ID   ID                                                             Usage      |
|=======================================================================================|
|  No running processes found                                                           |
+---------------------------------------------------------------------------------------+
nvcc: NVIDIA (R) Cuda compiler driver
Copyright (c) 2005-2025 NVIDIA Corporation
Built on Wed_Jan_15_19:20:09_PST_2025
Cuda compilation tools, release 12.8, V12.8.61
Build cuda_12.8.r12.8/compiler.35404655_0
rm -rf main main.o
nvcc  -std=c++17 -Xcompiler -Wall -arch=sm_70 -O3 --use_fast_math -c main.cu -o main.o
nvcc warning : Support for offline compilation for architectures prior to '<compute/sm/lto>_75' will be removed in a future release (Use -Wno-deprecated-gpu-targets to suppress warning).
nvcc  -std=c++17 -Xcompiler -Wall -arch=sm_70 -O3 --use_fast_math main.o -o main 
nvcc warning : Support for offline compilation for architectures prior to '<compute/sm/lto>_75' will be removed in a future release (Use -Wno-deprecated-gpu-targets to suppress warning).
Average kernel execution time: 0.140764 (ms)
PASS
Average kernel execution time: 0.135368 (ms)
PASS
Average kernel execution time: 0.135259 (ms)
PASS
Average kernel execution time: 0.304549 (ms)
PASS
Average kernel execution time: 0.305316 (ms)
PASS
Average kernel execution time: 0.304683 (ms)
PASS
Average kernel execution time: 1.444919 (ms)
PASS
Average kernel execution time: 1.453403 (ms)
PASS
Average kernel execution time: 1.454336 (ms)
PASS
Average kernel execution time: 2.108489 (ms)
PASS
Average kernel execution time: 2.107284 (ms)
PASS
Average kernel execution time: 2.108716 (ms)
PASS
Average kernel execution time: 2.236458 (ms)
PASS
Average kernel execution time: 2.238355 (ms)
PASS
Average kernel execution time: 2.236587 (ms)
PASS
Auditor finished. contradiction_check.csv written to /home/r14525078/HeCBench/phase3/softmax-cuda/mode_B_human_guided/robust_baseline/contradiction_check.csv
