=== Loading modules ===
=== Environment ===
/work/HPC_SYS/twnia2/pkg-rocky8/nvidia/cuda/cuda-12.8/bin/nvcc
nvcc: NVIDIA (R) Cuda compiler driver
Copyright (c) 2005-2025 NVIDIA Corporation
Built on Wed_Jan_15_19:20:09_PST_2025
Cuda compilation tools, release 12.8, V12.8.61
Build cuda_12.8.r12.8/compiler.35404655_0
gn1221.twcc.ai
CUDA_VISIBLE_DEVICES: 0
GPU 0: Tesla V100-SXM2-32GB (UUID: GPU-218718b2-f5f5-53f6-7d72-d91846f3feb2)
Sun Jun  7 22:09:29 2026       
+---------------------------------------------------------------------------------------+
| NVIDIA-SMI 535.161.08             Driver Version: 535.161.08   CUDA Version: 12.8     |
|-----------------------------------------+----------------------+----------------------+
| GPU  Name                 Persistence-M | Bus-Id        Disp.A | Volatile Uncorr. ECC |
| Fan  Temp   Perf          Pwr:Usage/Cap |         Memory-Usage | GPU-Util  Compute M. |
|                                         |                      |               MIG M. |
|=========================================+======================+======================|
|   0  Tesla V100-SXM2-32GB           On  | 00000000:1C:00.0 Off |                    0 |
| N/A   25C    P0              41W / 300W |      0MiB / 32768MiB |      0%      Default |
|                                         |                      |                  N/A |
+-----------------------------------------+----------------------+----------------------+
                                                                                         
+---------------------------------------------------------------------------------------+
| Processes:                                                                            |
|  GPU   GI   CI        PID   Type   Process name                            GPU Memory |
|        ID   ID                                                             Usage      |
|=======================================================================================|
|  No running processes found                                                           |
+---------------------------------------------------------------------------------------+
=== Build ===
rm -rf main main.o
nvcc  -std=c++17 -Xcompiler -Wall -arch=sm_70 -O3 -c main.cu -o main.o
nvcc warning : Support for offline compilation for architectures prior to '<compute/sm/lto>_75' will be removed in a future release (Use -Wno-deprecated-gpu-targets to suppress warning).
nvcc  -std=c++17 -Xcompiler -Wall -arch=sm_70 -O3 main.o -o main 
nvcc warning : Support for offline compilation for architectures prior to '<compute/sm/lto>_75' will be removed in a future release (Use -Wno-deprecated-gpu-targets to suppress warning).
=== Run ===
info: set device to 0
Concurrent managed access with prefetch (blockSize=128, numBlocks=160)
Average execution time: 6.953671 (ms)
PASS
Concurrent managed access without prefetch (blockSize=128, numBlocks=160)
Average execution time: 11.124348 (ms)
PASS
Concurrent managed access with prefetch (blockSize=128, numBlocks=320)
Average execution time: 6.792155 (ms)
PASS
Concurrent managed access without prefetch (blockSize=128, numBlocks=320)
Average execution time: 9.450544 (ms)
PASS
Concurrent managed access with prefetch (blockSize=128, numBlocks=640)
Average execution time: 6.873868 (ms)
PASS
Concurrent managed access without prefetch (blockSize=128, numBlocks=640)
Average execution time: 9.146220 (ms)
PASS
Concurrent managed access with prefetch (blockSize=128, numBlocks=1280)
Average execution time: 6.802570 (ms)
PASS
Concurrent managed access without prefetch (blockSize=128, numBlocks=1280)
Average execution time: 8.326629 (ms)
PASS
Concurrent managed access with prefetch (blockSize=128, numBlocks=2560)
Average execution time: 6.419486 (ms)
PASS
Concurrent managed access without prefetch (blockSize=128, numBlocks=2560)
Average execution time: 8.809262 (ms)
PASS
Concurrent managed access with prefetch (blockSize=256, numBlocks=160)
Average execution time: 6.830908 (ms)
PASS
Concurrent managed access without prefetch (blockSize=256, numBlocks=160)
Average execution time: 9.421367 (ms)
PASS
Concurrent managed access with prefetch (blockSize=256, numBlocks=320)
Average execution time: 6.289525 (ms)
PASS
Concurrent managed access without prefetch (blockSize=256, numBlocks=320)
Average execution time: 9.152149 (ms)
PASS
Concurrent managed access with prefetch (blockSize=256, numBlocks=640)
Average execution time: 6.811295 (ms)
PASS
Concurrent managed access without prefetch (blockSize=256, numBlocks=640)
Average execution time: 8.479967 (ms)
PASS
Concurrent managed access with prefetch (blockSize=256, numBlocks=1280)
Average execution time: 6.747937 (ms)
PASS
Concurrent managed access without prefetch (blockSize=256, numBlocks=1280)
Average execution time: 8.098886 (ms)
PASS
Concurrent managed access with prefetch (blockSize=256, numBlocks=2560)
Average execution time: 6.857347 (ms)
PASS
Concurrent managed access without prefetch (blockSize=256, numBlocks=2560)
Average execution time: 8.723363 (ms)
PASS
Concurrent managed access with prefetch (blockSize=512, numBlocks=160)
Average execution time: 6.823720 (ms)
PASS
Concurrent managed access without prefetch (blockSize=512, numBlocks=160)
Average execution time: 8.913185 (ms)
PASS
Concurrent managed access with prefetch (blockSize=512, numBlocks=320)
Average execution time: 6.299448 (ms)
PASS
Concurrent managed access without prefetch (blockSize=512, numBlocks=320)
Average execution time: 8.316908 (ms)
PASS
Concurrent managed access with prefetch (blockSize=512, numBlocks=640)
Average execution time: 6.764537 (ms)
PASS
Concurrent managed access without prefetch (blockSize=512, numBlocks=640)
Average execution time: 8.733408 (ms)
PASS
Concurrent managed access with prefetch (blockSize=512, numBlocks=1280)
Average execution time: 6.546211 (ms)
PASS
Concurrent managed access without prefetch (blockSize=512, numBlocks=1280)
Average execution time: 8.293135 (ms)
PASS
Concurrent managed access with prefetch (blockSize=512, numBlocks=2560)
Average execution time: 6.794972 (ms)
PASS
Concurrent managed access without prefetch (blockSize=512, numBlocks=2560)
Average execution time: 9.004145 (ms)
PASS
Concurrent managed access with prefetch (blockSize=1024, numBlocks=160)
Average execution time: 6.805326 (ms)
PASS
Concurrent managed access without prefetch (blockSize=1024, numBlocks=160)
Average execution time: 8.415801 (ms)
PASS
Concurrent managed access with prefetch (blockSize=1024, numBlocks=320)
Average execution time: 6.615847 (ms)
PASS
Concurrent managed access without prefetch (blockSize=1024, numBlocks=320)
Average execution time: 8.683434 (ms)
PASS
Concurrent managed access with prefetch (blockSize=1024, numBlocks=640)
Average execution time: 6.824969 (ms)
PASS
Concurrent managed access without prefetch (blockSize=1024, numBlocks=640)
Average execution time: 8.778788 (ms)
PASS
Concurrent managed access with prefetch (blockSize=1024, numBlocks=1280)
Average execution time: 6.225314 (ms)
PASS
Concurrent managed access without prefetch (blockSize=1024, numBlocks=1280)
Average execution time: 8.559599 (ms)
PASS
Concurrent managed access with prefetch (blockSize=1024, numBlocks=2560)
Average execution time: 6.808610 (ms)
PASS
Concurrent managed access without prefetch (blockSize=1024, numBlocks=2560)
Average execution time: 9.119962 (ms)
PASS
