run_tag=opt3_block256
job_id=948623
node=gn1223
date=2026-06-09T18:59:27+08:00
cuda_arch=sm_70
Tesla V100-SXM2-32GB, 535.161.08, 32768 MiB
nvcc: NVIDIA (R) Cuda compiler driver
Copyright (c) 2005-2025 NVIDIA Corporation
Built on Wed_Jan_15_19:20:09_PST_2025
Cuda compilation tools, release 12.8, V12.8.61
Build cuda_12.8.r12.8/compiler.35404655_0
rm -rf main main.o
nvcc  -std=c++17 -Xcompiler -Wall -arch=sm_70 --expt-relaxed-constexpr -O3 -c main.cu -o main.o
nvcc warning : Support for offline compilation for architectures prior to '<compute/sm/lto>_75' will be removed in a future release (Use -Wno-deprecated-gpu-targets to suppress warning).
nvcc  -std=c++17 -Xcompiler -Wall -arch=sm_70 --expt-relaxed-constexpr -O3 main.o -o main 
nvcc warning : Support for offline compilation for architectures prior to '<compute/sm/lto>_75' will be removed in a future release (Use -Wno-deprecated-gpu-targets to suppress warning).

batch size: 3072, hidden size: 3072, topk: 2048
Average execution time of topk : 367.949341 (us)
PASS

batch size: 3072, hidden size: 3072, topk: 1024
Average execution time of topk : 308.145874 (us)
PASS

batch size: 3072, hidden size: 4096, topk: 2048
Average execution time of topk : 430.143097 (us)
PASS

batch size: 3072, hidden size: 4096, topk: 1024
Average execution time of topk : 388.548462 (us)
PASS

batch size: 3072, hidden size: 8192, topk: 2048
Average execution time of topk : 791.986084 (us)
PASS

batch size: 3072, hidden size: 8192, topk: 1024
Average execution time of topk : 695.785461 (us)
PASS

batch size: 3072, hidden size: 16384, topk: 2048
Average execution time of topk : 1339.021362 (us)
PASS

batch size: 3072, hidden size: 16384, topk: 1024
Average execution time of topk : 1749.168945 (us)
PASS

batch size: 3072, hidden size: 32768, topk: 2048
Average execution time of topk : 3458.087402 (us)
PASS

batch size: 3072, hidden size: 32768, topk: 1024
Average execution time of topk : 3396.489746 (us)
PASS

batch size: 3072, hidden size: 65536, topk: 2048
Average execution time of topk : 6655.310547 (us)
PASS

batch size: 3072, hidden size: 65536, topk: 1024
Average execution time of topk : 6469.332031 (us)
PASS

batch size: 3072, hidden size: 131072, topk: 2048
Average execution time of topk : 12883.653320 (us)
PASS

batch size: 3072, hidden size: 131072, topk: 1024
Average execution time of topk : 12620.964844 (us)
PASS
