job_id=948466
node=gn1115.twcc.ai
CUDA_VISIBLE_DEVICES=0,1,2,3
date=2026-06-09T15:09:43+08:00
pwd=/home/r14525078/p3/HeCBench/src/p2p-cuda
modules:

Currently Loaded Modules:
  1) cuda/12.8

 

nvcc:
nvcc: NVIDIA (R) Cuda compiler driver
Copyright (c) 2005-2025 NVIDIA Corporation
Built on Wed_Jan_15_19:20:09_PST_2025
Cuda compilation tools, release 12.8, V12.8.61
Build cuda_12.8.r12.8/compiler.35404655_0
nvidia-smi topo -m:
	[4mGPU0	GPU1	GPU2	GPU3	NIC0	NIC1	NIC2	NIC3	NIC4	CPU Affinity	NUMA Affinity	GPU NUMA ID[0m
GPU0	 X 	NV2	NV1	NV2	SYS	SYS	PIX	NODE	SYS	18	1		N/A
GPU1	NV2	 X 	NV2	NV1	SYS	SYS	PIX	NODE	SYS	18	1		N/A
GPU2	NV1	NV2	 X 	NV1	SYS	SYS	NODE	PIX	SYS	18	1		N/A
GPU3	NV2	NV1	NV1	 X 	SYS	SYS	NODE	PIX	SYS	18	1		N/A
NIC0	SYS	SYS	SYS	SYS	 X 	NODE	SYS	SYS	NODE				
NIC1	SYS	SYS	SYS	SYS	NODE	 X 	SYS	SYS	NODE				
NIC2	PIX	PIX	NODE	NODE	SYS	SYS	 X 	NODE	SYS				
NIC3	NODE	NODE	PIX	PIX	SYS	SYS	NODE	 X 	SYS				
NIC4	SYS	SYS	SYS	SYS	NODE	NODE	SYS	SYS	 X 				

Legend:

  X    = Self
  SYS  = Connection traversing PCIe as well as the SMP interconnect between NUMA nodes (e.g., QPI/UPI)
  NODE = Connection traversing PCIe as well as the interconnect between PCIe Host Bridges within a NUMA node
  PHB  = Connection traversing PCIe as well as a PCIe Host Bridge (typically the CPU)
  PXB  = Connection traversing multiple PCIe bridges (without traversing the PCIe Host Bridge)
  PIX  = Connection traversing at most a single PCIe bridge
  NV#  = Connection traversing a bonded set of # NVLinks

NIC Legend:

  NIC0: mlx5_0
  NIC1: mlx5_1
  NIC2: mlx5_4
  NIC3: mlx5_5
  NIC4: mlx5_bond_0

benchmark commands:
make clean || true && make ARCH=sm_70
./main 2000
trials=3
rm -rf main main.o
nvcc  -std=c++17 -Xcompiler -Wall -arch=sm_70 -O3 -c main.cu -o main.o
nvcc warning : Support for offline compilation for architectures prior to '<compute/sm/lto>_75' will be removed in a future release (Use -Wno-deprecated-gpu-targets to suppress warning).
nvcc  -std=c++17 -Xcompiler -Wall -arch=sm_70 -O3 main.o -o main 
nvcc warning : Support for offline compilation for architectures prior to '<compute/sm/lto>_75' will be removed in a future release (Use -Wno-deprecated-gpu-targets to suppress warning).
TRIAL 1
[./main] - Starting...
Checking for multiple GPUs...
There are 4 GPUs

Checking GPU(s) for support of peer to peer memory access...
> Peer access from Tesla V100-SXM2-32GB (GPU0) -> Tesla V100-SXM2-32GB (GPU1) : Yes
> Peer access from Tesla V100-SXM2-32GB (GPU0) -> Tesla V100-SXM2-32GB (GPU2) : Yes
> Peer access from Tesla V100-SXM2-32GB (GPU0) -> Tesla V100-SXM2-32GB (GPU3) : Yes
> Peer access from Tesla V100-SXM2-32GB (GPU1) -> Tesla V100-SXM2-32GB (GPU0) : Yes
> Peer access from Tesla V100-SXM2-32GB (GPU1) -> Tesla V100-SXM2-32GB (GPU2) : Yes
> Peer access from Tesla V100-SXM2-32GB (GPU1) -> Tesla V100-SXM2-32GB (GPU3) : Yes
> Peer access from Tesla V100-SXM2-32GB (GPU2) -> Tesla V100-SXM2-32GB (GPU0) : Yes
> Peer access from Tesla V100-SXM2-32GB (GPU2) -> Tesla V100-SXM2-32GB (GPU1) : Yes
> Peer access from Tesla V100-SXM2-32GB (GPU2) -> Tesla V100-SXM2-32GB (GPU3) : Yes
> Peer access from Tesla V100-SXM2-32GB (GPU3) -> Tesla V100-SXM2-32GB (GPU0) : Yes
> Peer access from Tesla V100-SXM2-32GB (GPU3) -> Tesla V100-SXM2-32GB (GPU1) : Yes
> Peer access from Tesla V100-SXM2-32GB (GPU3) -> Tesla V100-SXM2-32GB (GPU2) : Yes

Measuring the bandwidth of peer to peer memory access...
> Peer access from Tesla V100-SXM2-32GB (GPU0) -> Tesla V100-SXM2-32GB (GPU1) : 
Allocating buffers (64MB on GPU0, GPU1 and CPU Host)...
Peer-to-peer copy from GPU0 to GPU1: 48.28 GB/s
PASS
> Peer access from Tesla V100-SXM2-32GB (GPU0) -> Tesla V100-SXM2-32GB (GPU2) : 
Allocating buffers (64MB on GPU0, GPU2 and CPU Host)...
Peer-to-peer copy from GPU0 to GPU2: 24.21 GB/s
PASS
> Peer access from Tesla V100-SXM2-32GB (GPU0) -> Tesla V100-SXM2-32GB (GPU3) : 
Allocating buffers (64MB on GPU0, GPU3 and CPU Host)...
Peer-to-peer copy from GPU0 to GPU3: 48.28 GB/s
PASS
> Peer access from Tesla V100-SXM2-32GB (GPU1) -> Tesla V100-SXM2-32GB (GPU0) : 
Allocating buffers (64MB on GPU1, GPU0 and CPU Host)...
Peer-to-peer copy from GPU1 to GPU0: 48.28 GB/s
PASS
> Peer access from Tesla V100-SXM2-32GB (GPU1) -> Tesla V100-SXM2-32GB (GPU2) : 
Allocating buffers (64MB on GPU1, GPU2 and CPU Host)...
Peer-to-peer copy from GPU1 to GPU2: 48.28 GB/s
PASS
> Peer access from Tesla V100-SXM2-32GB (GPU1) -> Tesla V100-SXM2-32GB (GPU3) : 
Allocating buffers (64MB on GPU1, GPU3 and CPU Host)...
Peer-to-peer copy from GPU1 to GPU3: 24.21 GB/s
PASS
> Peer access from Tesla V100-SXM2-32GB (GPU2) -> Tesla V100-SXM2-32GB (GPU0) : 
Allocating buffers (64MB on GPU2, GPU0 and CPU Host)...
Peer-to-peer copy from GPU2 to GPU0: 24.21 GB/s
PASS
> Peer access from Tesla V100-SXM2-32GB (GPU2) -> Tesla V100-SXM2-32GB (GPU1) : 
Allocating buffers (64MB on GPU2, GPU1 and CPU Host)...
Peer-to-peer copy from GPU2 to GPU1: 48.28 GB/s
PASS
> Peer access from Tesla V100-SXM2-32GB (GPU2) -> Tesla V100-SXM2-32GB (GPU3) : 
Allocating buffers (64MB on GPU2, GPU3 and CPU Host)...
Peer-to-peer copy from GPU2 to GPU3: 24.21 GB/s
PASS
> Peer access from Tesla V100-SXM2-32GB (GPU3) -> Tesla V100-SXM2-32GB (GPU0) : 
Allocating buffers (64MB on GPU3, GPU0 and CPU Host)...
Peer-to-peer copy from GPU3 to GPU0: 48.28 GB/s
PASS
> Peer access from Tesla V100-SXM2-32GB (GPU3) -> Tesla V100-SXM2-32GB (GPU1) : 
Allocating buffers (64MB on GPU3, GPU1 and CPU Host)...
Peer-to-peer copy from GPU3 to GPU1: 24.21 GB/s
PASS
> Peer access from Tesla V100-SXM2-32GB (GPU3) -> Tesla V100-SXM2-32GB (GPU2) : 
Allocating buffers (64MB on GPU3, GPU2 and CPU Host)...
Peer-to-peer copy from GPU3 to GPU2: 24.21 GB/s
PASS
TRIAL 2
[./main] - Starting...
Checking for multiple GPUs...
There are 4 GPUs

Checking GPU(s) for support of peer to peer memory access...
> Peer access from Tesla V100-SXM2-32GB (GPU0) -> Tesla V100-SXM2-32GB (GPU1) : Yes
> Peer access from Tesla V100-SXM2-32GB (GPU0) -> Tesla V100-SXM2-32GB (GPU2) : Yes
> Peer access from Tesla V100-SXM2-32GB (GPU0) -> Tesla V100-SXM2-32GB (GPU3) : Yes
> Peer access from Tesla V100-SXM2-32GB (GPU1) -> Tesla V100-SXM2-32GB (GPU0) : Yes
> Peer access from Tesla V100-SXM2-32GB (GPU1) -> Tesla V100-SXM2-32GB (GPU2) : Yes
> Peer access from Tesla V100-SXM2-32GB (GPU1) -> Tesla V100-SXM2-32GB (GPU3) : Yes
> Peer access from Tesla V100-SXM2-32GB (GPU2) -> Tesla V100-SXM2-32GB (GPU0) : Yes
> Peer access from Tesla V100-SXM2-32GB (GPU2) -> Tesla V100-SXM2-32GB (GPU1) : Yes
> Peer access from Tesla V100-SXM2-32GB (GPU2) -> Tesla V100-SXM2-32GB (GPU3) : Yes
> Peer access from Tesla V100-SXM2-32GB (GPU3) -> Tesla V100-SXM2-32GB (GPU0) : Yes
> Peer access from Tesla V100-SXM2-32GB (GPU3) -> Tesla V100-SXM2-32GB (GPU1) : Yes
> Peer access from Tesla V100-SXM2-32GB (GPU3) -> Tesla V100-SXM2-32GB (GPU2) : Yes

Measuring the bandwidth of peer to peer memory access...
> Peer access from Tesla V100-SXM2-32GB (GPU0) -> Tesla V100-SXM2-32GB (GPU1) : 
Allocating buffers (64MB on GPU0, GPU1 and CPU Host)...
Peer-to-peer copy from GPU0 to GPU1: 48.28 GB/s
PASS
> Peer access from Tesla V100-SXM2-32GB (GPU0) -> Tesla V100-SXM2-32GB (GPU2) : 
Allocating buffers (64MB on GPU0, GPU2 and CPU Host)...
Peer-to-peer copy from GPU0 to GPU2: 24.21 GB/s
PASS
> Peer access from Tesla V100-SXM2-32GB (GPU0) -> Tesla V100-SXM2-32GB (GPU3) : 
Allocating buffers (64MB on GPU0, GPU3 and CPU Host)...
Peer-to-peer copy from GPU0 to GPU3: 48.28 GB/s
PASS
> Peer access from Tesla V100-SXM2-32GB (GPU1) -> Tesla V100-SXM2-32GB (GPU0) : 
Allocating buffers (64MB on GPU1, GPU0 and CPU Host)...
Peer-to-peer copy from GPU1 to GPU0: 48.28 GB/s
PASS
> Peer access from Tesla V100-SXM2-32GB (GPU1) -> Tesla V100-SXM2-32GB (GPU2) : 
Allocating buffers (64MB on GPU1, GPU2 and CPU Host)...
Peer-to-peer copy from GPU1 to GPU2: 48.28 GB/s
PASS
> Peer access from Tesla V100-SXM2-32GB (GPU1) -> Tesla V100-SXM2-32GB (GPU3) : 
Allocating buffers (64MB on GPU1, GPU3 and CPU Host)...
Peer-to-peer copy from GPU1 to GPU3: 24.21 GB/s
PASS
> Peer access from Tesla V100-SXM2-32GB (GPU2) -> Tesla V100-SXM2-32GB (GPU0) : 
Allocating buffers (64MB on GPU2, GPU0 and CPU Host)...
Peer-to-peer copy from GPU2 to GPU0: 24.21 GB/s
PASS
> Peer access from Tesla V100-SXM2-32GB (GPU2) -> Tesla V100-SXM2-32GB (GPU1) : 
Allocating buffers (64MB on GPU2, GPU1 and CPU Host)...
Peer-to-peer copy from GPU2 to GPU1: 48.28 GB/s
PASS
> Peer access from Tesla V100-SXM2-32GB (GPU2) -> Tesla V100-SXM2-32GB (GPU3) : 
Allocating buffers (64MB on GPU2, GPU3 and CPU Host)...
Peer-to-peer copy from GPU2 to GPU3: 24.21 GB/s
PASS
> Peer access from Tesla V100-SXM2-32GB (GPU3) -> Tesla V100-SXM2-32GB (GPU0) : 
Allocating buffers (64MB on GPU3, GPU0 and CPU Host)...
Peer-to-peer copy from GPU3 to GPU0: 48.28 GB/s
PASS
> Peer access from Tesla V100-SXM2-32GB (GPU3) -> Tesla V100-SXM2-32GB (GPU1) : 
Allocating buffers (64MB on GPU3, GPU1 and CPU Host)...
Peer-to-peer copy from GPU3 to GPU1: 24.21 GB/s
PASS
> Peer access from Tesla V100-SXM2-32GB (GPU3) -> Tesla V100-SXM2-32GB (GPU2) : 
Allocating buffers (64MB on GPU3, GPU2 and CPU Host)...
Peer-to-peer copy from GPU3 to GPU2: 24.21 GB/s
PASS
TRIAL 3
[./main] - Starting...
Checking for multiple GPUs...
There are 4 GPUs

Checking GPU(s) for support of peer to peer memory access...
> Peer access from Tesla V100-SXM2-32GB (GPU0) -> Tesla V100-SXM2-32GB (GPU1) : Yes
> Peer access from Tesla V100-SXM2-32GB (GPU0) -> Tesla V100-SXM2-32GB (GPU2) : Yes
> Peer access from Tesla V100-SXM2-32GB (GPU0) -> Tesla V100-SXM2-32GB (GPU3) : Yes
> Peer access from Tesla V100-SXM2-32GB (GPU1) -> Tesla V100-SXM2-32GB (GPU0) : Yes
> Peer access from Tesla V100-SXM2-32GB (GPU1) -> Tesla V100-SXM2-32GB (GPU2) : Yes
> Peer access from Tesla V100-SXM2-32GB (GPU1) -> Tesla V100-SXM2-32GB (GPU3) : Yes
> Peer access from Tesla V100-SXM2-32GB (GPU2) -> Tesla V100-SXM2-32GB (GPU0) : Yes
> Peer access from Tesla V100-SXM2-32GB (GPU2) -> Tesla V100-SXM2-32GB (GPU1) : Yes
> Peer access from Tesla V100-SXM2-32GB (GPU2) -> Tesla V100-SXM2-32GB (GPU3) : Yes
> Peer access from Tesla V100-SXM2-32GB (GPU3) -> Tesla V100-SXM2-32GB (GPU0) : Yes
> Peer access from Tesla V100-SXM2-32GB (GPU3) -> Tesla V100-SXM2-32GB (GPU1) : Yes
> Peer access from Tesla V100-SXM2-32GB (GPU3) -> Tesla V100-SXM2-32GB (GPU2) : Yes

Measuring the bandwidth of peer to peer memory access...
> Peer access from Tesla V100-SXM2-32GB (GPU0) -> Tesla V100-SXM2-32GB (GPU1) : 
Allocating buffers (64MB on GPU0, GPU1 and CPU Host)...
Peer-to-peer copy from GPU0 to GPU1: 48.28 GB/s
PASS
> Peer access from Tesla V100-SXM2-32GB (GPU0) -> Tesla V100-SXM2-32GB (GPU2) : 
Allocating buffers (64MB on GPU0, GPU2 and CPU Host)...
Peer-to-peer copy from GPU0 to GPU2: 24.21 GB/s
PASS
> Peer access from Tesla V100-SXM2-32GB (GPU0) -> Tesla V100-SXM2-32GB (GPU3) : 
Allocating buffers (64MB on GPU0, GPU3 and CPU Host)...
Peer-to-peer copy from GPU0 to GPU3: 48.28 GB/s
PASS
> Peer access from Tesla V100-SXM2-32GB (GPU1) -> Tesla V100-SXM2-32GB (GPU0) : 
Allocating buffers (64MB on GPU1, GPU0 and CPU Host)...
Peer-to-peer copy from GPU1 to GPU0: 48.28 GB/s
PASS
> Peer access from Tesla V100-SXM2-32GB (GPU1) -> Tesla V100-SXM2-32GB (GPU2) : 
Allocating buffers (64MB on GPU1, GPU2 and CPU Host)...
Peer-to-peer copy from GPU1 to GPU2: 48.28 GB/s
PASS
> Peer access from Tesla V100-SXM2-32GB (GPU1) -> Tesla V100-SXM2-32GB (GPU3) : 
Allocating buffers (64MB on GPU1, GPU3 and CPU Host)...
Peer-to-peer copy from GPU1 to GPU3: 24.21 GB/s
PASS
> Peer access from Tesla V100-SXM2-32GB (GPU2) -> Tesla V100-SXM2-32GB (GPU0) : 
Allocating buffers (64MB on GPU2, GPU0 and CPU Host)...
Peer-to-peer copy from GPU2 to GPU0: 24.21 GB/s
PASS
> Peer access from Tesla V100-SXM2-32GB (GPU2) -> Tesla V100-SXM2-32GB (GPU1) : 
Allocating buffers (64MB on GPU2, GPU1 and CPU Host)...
Peer-to-peer copy from GPU2 to GPU1: 48.28 GB/s
PASS
> Peer access from Tesla V100-SXM2-32GB (GPU2) -> Tesla V100-SXM2-32GB (GPU3) : 
Allocating buffers (64MB on GPU2, GPU3 and CPU Host)...
Peer-to-peer copy from GPU2 to GPU3: 24.21 GB/s
PASS
> Peer access from Tesla V100-SXM2-32GB (GPU3) -> Tesla V100-SXM2-32GB (GPU0) : 
Allocating buffers (64MB on GPU3, GPU0 and CPU Host)...
Peer-to-peer copy from GPU3 to GPU0: 48.28 GB/s
PASS
> Peer access from Tesla V100-SXM2-32GB (GPU3) -> Tesla V100-SXM2-32GB (GPU1) : 
Allocating buffers (64MB on GPU3, GPU1 and CPU Host)...
Peer-to-peer copy from GPU3 to GPU1: 24.21 GB/s
PASS
> Peer access from Tesla V100-SXM2-32GB (GPU3) -> Tesla V100-SXM2-32GB (GPU2) : 
Allocating buffers (64MB on GPU3, GPU2 and CPU Host)...
Peer-to-peer copy from GPU3 to GPU2: 24.21 GB/s
PASS
