job_id=948632
node=gn1223
CUDA_VISIBLE_DEVICES=0
benchmark_command=./main 3072 100
variant=attempt3_cached_workspace_hybrid512_1024
date=2026-06-09T19:12:10+08:00
pwd=/home/r14525078/p3/HeCBench/src/topk-cuda

--------------------------------
loading CUDA 12.8 with cuDNN / NCCL
based on cuda_12.8.0_570.86.10_linux.run
--------------------------------

loaded_modules:

Currently Loaded Modules:
  1) cuda/12.8

 


nvcc_version:
nvcc: NVIDIA (R) Cuda compiler driver
Copyright (c) 2005-2025 NVIDIA Corporation
Built on Wed_Jan_15_19:20:09_PST_2025
Cuda compilation tools, release 12.8, V12.8.61
Build cuda_12.8.r12.8/compiler.35404655_0

build_command=make clean || true && make ARCH=sm_70
rm -rf main main.o
nvcc  -std=c++17 -Xcompiler -Wall -arch=sm_70 --expt-relaxed-constexpr -O3 -c main.cu -o main.o
nvcc warning : Support for offline compilation for architectures prior to '<compute/sm/lto>_75' will be removed in a future release (Use -Wno-deprecated-gpu-targets to suppress warning).
nvcc  -std=c++17 -Xcompiler -Wall -arch=sm_70 --expt-relaxed-constexpr -O3 main.o -o main 
nvcc warning : Support for offline compilation for architectures prior to '<compute/sm/lto>_75' will be removed in a future release (Use -Wno-deprecated-gpu-targets to suppress warning).

run:

batch size: 3072, hidden size: 3072, topk: 2048
Average execution time of topk : 326.830750 (us)
PASS

batch size: 3072, hidden size: 3072, topk: 1024
Average execution time of topk : 273.042084 (us)
PASS

batch size: 3072, hidden size: 4096, topk: 2048
Average execution time of topk : 359.715942 (us)
PASS

batch size: 3072, hidden size: 4096, topk: 1024
Average execution time of topk : 347.845673 (us)
PASS

batch size: 3072, hidden size: 8192, topk: 2048
Average execution time of topk : 663.173096 (us)
PASS

batch size: 3072, hidden size: 8192, topk: 1024
Average execution time of topk : 584.021545 (us)
PASS

batch size: 3072, hidden size: 16384, topk: 2048
Average execution time of topk : 1138.005737 (us)
PASS

batch size: 3072, hidden size: 16384, topk: 1024
Average execution time of topk : 1233.848022 (us)
PASS

batch size: 3072, hidden size: 32768, topk: 2048
Average execution time of topk : 3025.091309 (us)
PASS

batch size: 3072, hidden size: 32768, topk: 1024
Average execution time of topk : 2870.177734 (us)
PASS

batch size: 3072, hidden size: 65536, topk: 2048
Average execution time of topk : 5628.338867 (us)
PASS

batch size: 3072, hidden size: 65536, topk: 1024
Average execution time of topk : 5436.023926 (us)
PASS

batch size: 3072, hidden size: 131072, topk: 2048
Average execution time of topk : 10759.732422 (us)
PASS

batch size: 3072, hidden size: 131072, topk: 1024
Average execution time of topk : 10520.880859 (us)
PASS
