job_id=948627
node=gn1223
CUDA_VISIBLE_DEVICES=0
benchmark_command=./main 3072 100
date=2026-06-09T19:05:31+08:00
pwd=/home/r14525078/p3/HeCBench/src/topk-cuda

--------------------------------
loading CUDA 12.8 with cuDNN / NCCL
based on cuda_12.8.0_570.86.10_linux.run
--------------------------------

loaded_modules:

Currently Loaded Modules:
  1) cuda/12.8

 


nvcc_version:
nvcc: NVIDIA (R) Cuda compiler driver
Copyright (c) 2005-2025 NVIDIA Corporation
Built on Wed_Jan_15_19:20:09_PST_2025
Cuda compilation tools, release 12.8, V12.8.61
Build cuda_12.8.r12.8/compiler.35404655_0

build_command=make clean || true && make ARCH=sm_70
rm -rf main main.o
nvcc  -std=c++17 -Xcompiler -Wall -arch=sm_70 --expt-relaxed-constexpr -O3 -c main.cu -o main.o
nvcc warning : Support for offline compilation for architectures prior to '<compute/sm/lto>_75' will be removed in a future release (Use -Wno-deprecated-gpu-targets to suppress warning).
nvcc  -std=c++17 -Xcompiler -Wall -arch=sm_70 --expt-relaxed-constexpr -O3 main.o -o main 
nvcc warning : Support for offline compilation for architectures prior to '<compute/sm/lto>_75' will be removed in a future release (Use -Wno-deprecated-gpu-targets to suppress warning).

run:

batch size: 3072, hidden size: 3072, topk: 2048
Average execution time of topk : 759.317505 (us)
PASS

batch size: 3072, hidden size: 3072, topk: 1024
Average execution time of topk : 771.874817 (us)
PASS

batch size: 3072, hidden size: 4096, topk: 2048
Average execution time of topk : 723.648804 (us)
PASS

batch size: 3072, hidden size: 4096, topk: 1024
Average execution time of topk : 698.179504 (us)
PASS

batch size: 3072, hidden size: 8192, topk: 2048
Average execution time of topk : 1129.265625 (us)
PASS

batch size: 3072, hidden size: 8192, topk: 1024
Average execution time of topk : 888.295715 (us)
PASS

batch size: 3072, hidden size: 16384, topk: 2048
Average execution time of topk : 1526.136719 (us)
PASS

batch size: 3072, hidden size: 16384, topk: 1024
Average execution time of topk : 1636.261841 (us)
PASS

batch size: 3072, hidden size: 32768, topk: 2048
Average execution time of topk : 3569.070557 (us)
PASS

batch size: 3072, hidden size: 32768, topk: 1024
Average execution time of topk : 3420.527832 (us)
PASS

batch size: 3072, hidden size: 65536, topk: 2048
Average execution time of topk : 6443.983887 (us)
PASS

batch size: 3072, hidden size: 65536, topk: 1024
Average execution time of topk : 6393.727051 (us)
PASS

batch size: 3072, hidden size: 131072, topk: 2048
Average execution time of topk : 11988.903320 (us)
PASS

batch size: 3072, hidden size: 131072, topk: 1024
Average execution time of topk : 11881.122070 (us)
PASS
