=== Loading modules ===
=== Environment ===
/work/HPC_SYS/twnia2/pkg-rocky8/nvidia/cuda/cuda-12.8/bin/nvcc
nvcc: NVIDIA (R) Cuda compiler driver
Copyright (c) 2005-2025 NVIDIA Corporation
Built on Wed_Jan_15_19:20:09_PST_2025
Cuda compilation tools, release 12.8, V12.8.61
Build cuda_12.8.r12.8/compiler.35404655_0
gn1221.twcc.ai
CUDA_VISIBLE_DEVICES: 0
GPU 0: Tesla V100-SXM2-32GB (UUID: GPU-218718b2-f5f5-53f6-7d72-d91846f3feb2)
Sun Jun  7 22:10:26 2026       
+---------------------------------------------------------------------------------------+
| NVIDIA-SMI 535.161.08             Driver Version: 535.161.08   CUDA Version: 12.8     |
|-----------------------------------------+----------------------+----------------------+
| GPU  Name                 Persistence-M | Bus-Id        Disp.A | Volatile Uncorr. ECC |
| Fan  Temp   Perf          Pwr:Usage/Cap |         Memory-Usage | GPU-Util  Compute M. |
|                                         |                      |               MIG M. |
|=========================================+======================+======================|
|   0  Tesla V100-SXM2-32GB           On  | 00000000:1C:00.0 Off |                    0 |
| N/A   25C    P0              41W / 300W |      0MiB / 32768MiB |      0%      Default |
|                                         |                      |                  N/A |
+-----------------------------------------+----------------------+----------------------+
                                                                                         
+---------------------------------------------------------------------------------------+
| Processes:                                                                            |
|  GPU   GI   CI        PID   Type   Process name                            GPU Memory |
|        ID   ID                                                             Usage      |
|=======================================================================================|
|  No running processes found                                                           |
+---------------------------------------------------------------------------------------+
=== Build ===
rm -rf main main.o
nvcc  -std=c++17 -Xcompiler -Wall -arch=sm_70 -O3 -c main.cu -o main.o
nvcc warning : Support for offline compilation for architectures prior to '<compute/sm/lto>_75' will be removed in a future release (Use -Wno-deprecated-gpu-targets to suppress warning).
nvcc  -std=c++17 -Xcompiler -Wall -arch=sm_70 -O3 main.o -o main 
nvcc warning : Support for offline compilation for architectures prior to '<compute/sm/lto>_75' will be removed in a future release (Use -Wno-deprecated-gpu-targets to suppress warning).
=== Run ===
info: set device to 0
Concurrent managed access with prefetch (blockSize=256, numBlocks=1280)
Average execution time: 1.713794 (ms)
PASS
Concurrent managed access with prefetch (blockSize=256, numBlocks=1280)
Average execution time: 1.692118 (ms)
PASS
Concurrent managed access with prefetch (blockSize=256, numBlocks=1280)
Average execution time: 1.652098 (ms)
PASS
Concurrent managed access with prefetch (blockSize=256, numBlocks=1280)
Average execution time: 1.705696 (ms)
PASS
Concurrent managed access with prefetch (blockSize=256, numBlocks=1280)
Average execution time: 1.702111 (ms)
PASS
Concurrent managed access with prefetch (blockSize=256, numBlocks=1280)
Average execution time: 1.711611 (ms)
PASS
Concurrent managed access with prefetch (blockSize=256, numBlocks=1280)
Average execution time: 1.712162 (ms)
PASS
Concurrent managed access with prefetch (blockSize=256, numBlocks=1280)
Average execution time: 1.680426 (ms)
PASS
Concurrent managed access with prefetch (blockSize=256, numBlocks=1280)
Average execution time: 1.686116 (ms)
PASS
Concurrent managed access with prefetch (blockSize=256, numBlocks=1280)
Average execution time: 1.709987 (ms)
PASS
Concurrent managed access without prefetch (blockSize=256, numBlocks=1280)
Average execution time: 1.744242 (ms)
PASS
Concurrent managed access without prefetch (blockSize=256, numBlocks=1280)
Average execution time: 1.753244 (ms)
PASS
Concurrent managed access without prefetch (blockSize=256, numBlocks=1280)
Average execution time: 1.731101 (ms)
PASS
Concurrent managed access without prefetch (blockSize=256, numBlocks=1280)
Average execution time: 1.714459 (ms)
PASS
Concurrent managed access without prefetch (blockSize=256, numBlocks=1280)
Average execution time: 1.746660 (ms)
PASS
Concurrent managed access without prefetch (blockSize=256, numBlocks=1280)
Average execution time: 1.756961 (ms)
PASS
Concurrent managed access without prefetch (blockSize=256, numBlocks=1280)
Average execution time: 1.696379 (ms)
PASS
Concurrent managed access without prefetch (blockSize=256, numBlocks=1280)
Average execution time: 1.736835 (ms)
PASS
Concurrent managed access without prefetch (blockSize=256, numBlocks=1280)
Average execution time: 1.711407 (ms)
PASS
Concurrent managed access without prefetch (blockSize=256, numBlocks=1280)
Average execution time: 1.748096 (ms)
PASS
