
============================================================
[STAGE] Job started
[TIME ] 2026-06-05 15:13:23
============================================================
Job ID: 944997
Node: gn1221.twcc.ai
Submit dir: /home/r14525078/HeCBench/src/moe-cuda
Current dir: /home/r14525078/HeCBench/src/moe-cuda
CUDA_VISIBLE_DEVICES: 0

============================================================
[STAGE] Load CUDA module
[TIME ] 2026-06-05 15:13:23
============================================================
nvcc path:
/work/HPC_SYS/twnia2/pkg-rocky8/nvidia/cuda/cuda-12.8/bin/nvcc
nvcc version:
nvcc: NVIDIA (R) Cuda compiler driver
Copyright (c) 2005-2025 NVIDIA Corporation
Built on Wed_Jan_15_19:20:09_PST_2025
Cuda compilation tools, release 12.8, V12.8.61
Build cuda_12.8.r12.8/compiler.35404655_0

============================================================
[STAGE] Check GPU information
[TIME ] 2026-06-05 15:13:24
============================================================
Fri Jun  5 15:13:24 2026       
+---------------------------------------------------------------------------------------+
| NVIDIA-SMI 535.161.08             Driver Version: 535.161.08   CUDA Version: 12.8     |
|-----------------------------------------+----------------------+----------------------+
| GPU  Name                 Persistence-M | Bus-Id        Disp.A | Volatile Uncorr. ECC |
| Fan  Temp   Perf          Pwr:Usage/Cap |         Memory-Usage | GPU-Util  Compute M. |
|                                         |                      |               MIG M. |
|=========================================+======================+======================|
|   0  Tesla V100-SXM2-32GB           On  | 00000000:DB:00.0 Off |                    0 |
| N/A   30C    P0              43W / 300W |      0MiB / 32768MiB |      0%      Default |
|                                         |                      |                  N/A |
+-----------------------------------------+----------------------+----------------------+
                                                                                         
+---------------------------------------------------------------------------------------+
| Processes:                                                                            |
|  GPU   GI   CI        PID   Type   Process name                            GPU Memory |
|        ID   ID                                                             Usage      |
|=======================================================================================|
|  No running processes found                                                           |
+---------------------------------------------------------------------------------------+

============================================================
[STAGE] Set benchmark configuration
[TIME ] 2026-06-05 15:13:24
============================================================
BENCH_DIR=/home/r14525078/HeCBench/src/moe-cuda
RESULT_FILE=/home/r14525078/HeCBench/src/moe-cuda/results/moe_cuda_result_944997.txt
ARCH=sm_70
NUM_TOKENS=32768
NUM_EXPERTS=384
TOPK_LIST=1 2 4 8
REPEAT=1000
RUNS=10

============================================================
[STAGE] Enter benchmark directory
[TIME ] 2026-06-05 15:13:24
============================================================
Current directory: /home/r14525078/HeCBench/src/moe-cuda
Files before build:
total 1578
drwxr-xr-x 2 r14525078 ACD115083    4096 Jun  5 15:12 .
drwxr-xr-x 2 r14525078 ACD115083    4096 Jun  4 17:38 ..
-rw-r--r-- 1 r14525078 ACD115083     127 Jun  4 17:38 CMakeLists.txt
-rw-r--r-- 1 r14525078 ACD115083     901 Jun  4 17:38 LICENSE
-rw-r--r-- 1 r14525078 ACD115083    1550 Jun  4 20:00 Makefile
-rw-r--r-- 1 r14525078 ACD115083    9353 Jun  5 15:12 kernels.h
drwxr-xr-x 2 r14525078 ACD115083    4096 Jun  5 15:13 logs
-rwxr-xr-x 1 r14525078 ACD115083 1195664 Jun  5 15:12 main
-rw-r--r-- 1 r14525078 ACD115083    6619 Jun  5 15:11 main.cu
-rw-r--r-- 1 r14525078 ACD115083  393800 Jun  5 15:12 main.o
-rw-r--r-- 1 r14525078 ACD115083    2942 Jun  4 17:38 reference.h
drwxr-xr-x 2 r14525078 ACD115083    4096 Jun  5 15:13 results
-rw-r--r-- 1 r14525078 ACD115083    4575 Jun  4 20:03 run_moe_cuda.slurm

============================================================
[STAGE] Check required source files
[TIME ] 2026-06-05 15:13:24
============================================================

============================================================
[STAGE] Check optional header files
[TIME ] 2026-06-05 15:13:24
============================================================
[OK] Found kernels.h
[OK] Found reference.h

============================================================
[STAGE] Check Makefile architecture settings
[TIME ] 2026-06-05 15:13:24
============================================================
9:ARCH      = sm_70
27:CFLAGS := $(EXTRA_CFLAGS) -std=c++17 -Xcompiler -Wall -arch=$(ARCH)

============================================================
[STAGE] Check main argument usage
[TIME ] 2026-06-05 15:13:24
============================================================
193:int main(int argc, char* argv[])
195:  if (argc != 5) {
196:    printf("Usage: %s <number of tokens> <number of experts> <top K> <repeat>\n", argv[0]);
199:  const int num_tokens = atoi(argv[1]);
200:  const int num_experts = atoi(argv[2]);
201:  const int topk = atoi(argv[3]);
202:  const int repeat = atoi(argv[4]);

============================================================
[STAGE] Clean previous build
[TIME ] 2026-06-05 15:13:24
============================================================
rm -rf main main.o

============================================================
[STAGE] Build moe-cuda for V100 sm_70
[TIME ] 2026-06-05 15:13:24
============================================================
nvcc  -std=c++17 -Xcompiler -Wall -arch=sm_70 -O3 -c main.cu -o main.o
nvcc  -std=c++17 -Xcompiler -Wall -arch=sm_70 -O3 main.o -o main 

============================================================
[STAGE] Check build output
[TIME ] 2026-06-05 15:13:31
============================================================
-rwxr-xr-x 1 r14525078 ACD115083 1.2M Jun  5 15:13 ./main

============================================================
[STAGE] Start benchmark runs
[TIME ] 2026-06-05 15:13:31
============================================================
benchmark=moe-cuda
job_id=944997
node=gn1221.twcc.ai
submit_dir=/home/r14525078/HeCBench/src/moe-cuda
bench_dir=/home/r14525078/HeCBench/src/moe-cuda
arch=sm_70
num_tokens=32768
num_experts=384
topk_list=1 2 4 8
repeat=1000
runs=10
usage=./main <number of tokens> <number of experts> <top K> <repeat>
start_time=2026-06-05 15:13:31

############################################################
[CONFIG] num_tokens=32768, num_experts=384, topk=1, repeat=1000
############################################################

------------------------------------------------------------
[RUN 1] start: 2026-06-05 15:13:31
[RUN 1] command: timeout 180s ./main 32768 384 1 1000
------------------------------------------------------------
PASS
Average execution time of kernels: 189.795883 (us)
------------------------------------------------------------
[RUN 1] end: 2026-06-05 15:13:32
------------------------------------------------------------

------------------------------------------------------------
[RUN 2] start: 2026-06-05 15:13:32
[RUN 2] command: timeout 180s ./main 32768 384 1 1000
------------------------------------------------------------
PASS
Average execution time of kernels: 173.606049 (us)
------------------------------------------------------------
[RUN 2] end: 2026-06-05 15:13:33
------------------------------------------------------------

------------------------------------------------------------
[RUN 3] start: 2026-06-05 15:13:33
[RUN 3] command: timeout 180s ./main 32768 384 1 1000
------------------------------------------------------------
PASS
Average execution time of kernels: 165.299698 (us)
------------------------------------------------------------
[RUN 3] end: 2026-06-05 15:13:34
------------------------------------------------------------

------------------------------------------------------------
[RUN 4] start: 2026-06-05 15:13:34
[RUN 4] command: timeout 180s ./main 32768 384 1 1000
------------------------------------------------------------
PASS
Average execution time of kernels: 165.291153 (us)
------------------------------------------------------------
[RUN 4] end: 2026-06-05 15:13:35
------------------------------------------------------------

------------------------------------------------------------
[RUN 5] start: 2026-06-05 15:13:35
[RUN 5] command: timeout 180s ./main 32768 384 1 1000
------------------------------------------------------------
PASS
Average execution time of kernels: 165.234436 (us)
------------------------------------------------------------
[RUN 5] end: 2026-06-05 15:13:36
------------------------------------------------------------

------------------------------------------------------------
[RUN 6] start: 2026-06-05 15:13:36
[RUN 6] command: timeout 180s ./main 32768 384 1 1000
------------------------------------------------------------
PASS
Average execution time of kernels: 165.303604 (us)
------------------------------------------------------------
[RUN 6] end: 2026-06-05 15:13:36
------------------------------------------------------------

------------------------------------------------------------
[RUN 7] start: 2026-06-05 15:13:36
[RUN 7] command: timeout 180s ./main 32768 384 1 1000
------------------------------------------------------------
PASS
Average execution time of kernels: 165.319458 (us)
------------------------------------------------------------
[RUN 7] end: 2026-06-05 15:13:37
------------------------------------------------------------

------------------------------------------------------------
[RUN 8] start: 2026-06-05 15:13:37
[RUN 8] command: timeout 180s ./main 32768 384 1 1000
------------------------------------------------------------
PASS
Average execution time of kernels: 165.331406 (us)
------------------------------------------------------------
[RUN 8] end: 2026-06-05 15:13:38
------------------------------------------------------------

------------------------------------------------------------
[RUN 9] start: 2026-06-05 15:13:38
[RUN 9] command: timeout 180s ./main 32768 384 1 1000
------------------------------------------------------------
PASS
Average execution time of kernels: 165.289062 (us)
------------------------------------------------------------
[RUN 9] end: 2026-06-05 15:13:39
------------------------------------------------------------

------------------------------------------------------------
[RUN 10] start: 2026-06-05 15:13:39
[RUN 10] command: timeout 180s ./main 32768 384 1 1000
------------------------------------------------------------
PASS
Average execution time of kernels: 165.267044 (us)
------------------------------------------------------------
[RUN 10] end: 2026-06-05 15:13:40
------------------------------------------------------------

############################################################
[CONFIG] num_tokens=32768, num_experts=384, topk=2, repeat=1000
############################################################

------------------------------------------------------------
[RUN 1] start: 2026-06-05 15:13:40
[RUN 1] command: timeout 180s ./main 32768 384 2 1000
------------------------------------------------------------
PASS
Average execution time of kernels: 344.912903 (us)
------------------------------------------------------------
[RUN 1] end: 2026-06-05 15:13:41
------------------------------------------------------------

------------------------------------------------------------
[RUN 2] start: 2026-06-05 15:13:41
[RUN 2] command: timeout 180s ./main 32768 384 2 1000
------------------------------------------------------------
PASS
Average execution time of kernels: 344.875946 (us)
------------------------------------------------------------
[RUN 2] end: 2026-06-05 15:13:42
------------------------------------------------------------

------------------------------------------------------------
[RUN 3] start: 2026-06-05 15:13:42
[RUN 3] command: timeout 180s ./main 32768 384 2 1000
------------------------------------------------------------
PASS
Average execution time of kernels: 344.914001 (us)
------------------------------------------------------------
[RUN 3] end: 2026-06-05 15:13:43
------------------------------------------------------------

------------------------------------------------------------
[RUN 4] start: 2026-06-05 15:13:43
[RUN 4] command: timeout 180s ./main 32768 384 2 1000
------------------------------------------------------------
PASS
Average execution time of kernels: 344.920074 (us)
------------------------------------------------------------
[RUN 4] end: 2026-06-05 15:13:44
------------------------------------------------------------

------------------------------------------------------------
[RUN 5] start: 2026-06-05 15:13:44
[RUN 5] command: timeout 180s ./main 32768 384 2 1000
------------------------------------------------------------
PASS
Average execution time of kernels: 344.867401 (us)
------------------------------------------------------------
[RUN 5] end: 2026-06-05 15:13:45
------------------------------------------------------------

------------------------------------------------------------
[RUN 6] start: 2026-06-05 15:13:45
[RUN 6] command: timeout 180s ./main 32768 384 2 1000
------------------------------------------------------------
PASS
Average execution time of kernels: 344.909393 (us)
------------------------------------------------------------
[RUN 6] end: 2026-06-05 15:13:46
------------------------------------------------------------

------------------------------------------------------------
[RUN 7] start: 2026-06-05 15:13:46
[RUN 7] command: timeout 180s ./main 32768 384 2 1000
------------------------------------------------------------
PASS
Average execution time of kernels: 344.906036 (us)
------------------------------------------------------------
[RUN 7] end: 2026-06-05 15:13:47
------------------------------------------------------------

------------------------------------------------------------
[RUN 8] start: 2026-06-05 15:13:47
[RUN 8] command: timeout 180s ./main 32768 384 2 1000
------------------------------------------------------------
PASS
Average execution time of kernels: 344.892426 (us)
------------------------------------------------------------
[RUN 8] end: 2026-06-05 15:13:48
------------------------------------------------------------

------------------------------------------------------------
[RUN 9] start: 2026-06-05 15:13:48
[RUN 9] command: timeout 180s ./main 32768 384 2 1000
------------------------------------------------------------
PASS
Average execution time of kernels: 344.917114 (us)
------------------------------------------------------------
[RUN 9] end: 2026-06-05 15:13:49
------------------------------------------------------------

------------------------------------------------------------
[RUN 10] start: 2026-06-05 15:13:49
[RUN 10] command: timeout 180s ./main 32768 384 2 1000
------------------------------------------------------------
PASS
Average execution time of kernels: 344.915894 (us)
------------------------------------------------------------
[RUN 10] end: 2026-06-05 15:13:50
------------------------------------------------------------

############################################################
[CONFIG] num_tokens=32768, num_experts=384, topk=4, repeat=1000
############################################################

------------------------------------------------------------
[RUN 1] start: 2026-06-05 15:13:50
[RUN 1] command: timeout 180s ./main 32768 384 4 1000
------------------------------------------------------------
PASS
Average execution time of kernels: 561.408142 (us)
------------------------------------------------------------
[RUN 1] end: 2026-06-05 15:13:52
------------------------------------------------------------

------------------------------------------------------------
[RUN 2] start: 2026-06-05 15:13:52
[RUN 2] command: timeout 180s ./main 32768 384 4 1000
------------------------------------------------------------
PASS
Average execution time of kernels: 561.370789 (us)
------------------------------------------------------------
[RUN 2] end: 2026-06-05 15:13:53
------------------------------------------------------------

------------------------------------------------------------
[RUN 3] start: 2026-06-05 15:13:53
[RUN 3] command: timeout 180s ./main 32768 384 4 1000
------------------------------------------------------------
PASS
Average execution time of kernels: 561.429199 (us)
------------------------------------------------------------
[RUN 3] end: 2026-06-05 15:13:54
------------------------------------------------------------

------------------------------------------------------------
[RUN 4] start: 2026-06-05 15:13:54
[RUN 4] command: timeout 180s ./main 32768 384 4 1000
------------------------------------------------------------
PASS
Average execution time of kernels: 561.371460 (us)
------------------------------------------------------------
[RUN 4] end: 2026-06-05 15:13:56
------------------------------------------------------------

------------------------------------------------------------
[RUN 5] start: 2026-06-05 15:13:56
[RUN 5] command: timeout 180s ./main 32768 384 4 1000
------------------------------------------------------------
PASS
Average execution time of kernels: 561.429443 (us)
------------------------------------------------------------
[RUN 5] end: 2026-06-05 15:13:57
------------------------------------------------------------

------------------------------------------------------------
[RUN 6] start: 2026-06-05 15:13:57
[RUN 6] command: timeout 180s ./main 32768 384 4 1000
------------------------------------------------------------
PASS
Average execution time of kernels: 561.353455 (us)
------------------------------------------------------------
[RUN 6] end: 2026-06-05 15:13:58
------------------------------------------------------------

------------------------------------------------------------
[RUN 7] start: 2026-06-05 15:13:58
[RUN 7] command: timeout 180s ./main 32768 384 4 1000
------------------------------------------------------------
PASS
Average execution time of kernels: 561.411255 (us)
------------------------------------------------------------
[RUN 7] end: 2026-06-05 15:14:00
------------------------------------------------------------

------------------------------------------------------------
[RUN 8] start: 2026-06-05 15:14:00
[RUN 8] command: timeout 180s ./main 32768 384 4 1000
------------------------------------------------------------
PASS
Average execution time of kernels: 561.418518 (us)
------------------------------------------------------------
[RUN 8] end: 2026-06-05 15:14:01
------------------------------------------------------------

------------------------------------------------------------
[RUN 9] start: 2026-06-05 15:14:01
[RUN 9] command: timeout 180s ./main 32768 384 4 1000
------------------------------------------------------------
PASS
Average execution time of kernels: 561.419434 (us)
------------------------------------------------------------
[RUN 9] end: 2026-06-05 15:14:02
------------------------------------------------------------

------------------------------------------------------------
[RUN 10] start: 2026-06-05 15:14:02
[RUN 10] command: timeout 180s ./main 32768 384 4 1000
------------------------------------------------------------
PASS
Average execution time of kernels: 561.351746 (us)
------------------------------------------------------------
[RUN 10] end: 2026-06-05 15:14:04
------------------------------------------------------------

############################################################
[CONFIG] num_tokens=32768, num_experts=384, topk=8, repeat=1000
############################################################

------------------------------------------------------------
[RUN 1] start: 2026-06-05 15:14:04
[RUN 1] command: timeout 180s ./main 32768 384 8 1000
------------------------------------------------------------
PASS
Average execution time of kernels: 949.466553 (us)
------------------------------------------------------------
[RUN 1] end: 2026-06-05 15:14:06
------------------------------------------------------------

------------------------------------------------------------
[RUN 2] start: 2026-06-05 15:14:06
[RUN 2] command: timeout 180s ./main 32768 384 8 1000
------------------------------------------------------------
PASS
Average execution time of kernels: 949.388367 (us)
------------------------------------------------------------
[RUN 2] end: 2026-06-05 15:14:08
------------------------------------------------------------

------------------------------------------------------------
[RUN 3] start: 2026-06-05 15:14:08
[RUN 3] command: timeout 180s ./main 32768 384 8 1000
------------------------------------------------------------
PASS
Average execution time of kernels: 949.377014 (us)
------------------------------------------------------------
[RUN 3] end: 2026-06-05 15:14:10
------------------------------------------------------------

------------------------------------------------------------
[RUN 4] start: 2026-06-05 15:14:10
[RUN 4] command: timeout 180s ./main 32768 384 8 1000
------------------------------------------------------------
PASS
Average execution time of kernels: 949.327087 (us)
------------------------------------------------------------
[RUN 4] end: 2026-06-05 15:14:12
------------------------------------------------------------

------------------------------------------------------------
[RUN 5] start: 2026-06-05 15:14:12
[RUN 5] command: timeout 180s ./main 32768 384 8 1000
------------------------------------------------------------
PASS
Average execution time of kernels: 949.717529 (us)
------------------------------------------------------------
[RUN 5] end: 2026-06-05 15:14:14
------------------------------------------------------------

------------------------------------------------------------
[RUN 6] start: 2026-06-05 15:14:14
[RUN 6] command: timeout 180s ./main 32768 384 8 1000
------------------------------------------------------------
PASS
Average execution time of kernels: 949.465759 (us)
------------------------------------------------------------
[RUN 6] end: 2026-06-05 15:14:16
------------------------------------------------------------

------------------------------------------------------------
[RUN 7] start: 2026-06-05 15:14:16
[RUN 7] command: timeout 180s ./main 32768 384 8 1000
------------------------------------------------------------
PASS
Average execution time of kernels: 949.374146 (us)
------------------------------------------------------------
[RUN 7] end: 2026-06-05 15:14:18
------------------------------------------------------------

------------------------------------------------------------
[RUN 8] start: 2026-06-05 15:14:18
[RUN 8] command: timeout 180s ./main 32768 384 8 1000
------------------------------------------------------------
PASS
Average execution time of kernels: 949.444946 (us)
------------------------------------------------------------
[RUN 8] end: 2026-06-05 15:14:20
------------------------------------------------------------

------------------------------------------------------------
[RUN 9] start: 2026-06-05 15:14:20
[RUN 9] command: timeout 180s ./main 32768 384 8 1000
------------------------------------------------------------
PASS
Average execution time of kernels: 949.273926 (us)
------------------------------------------------------------
[RUN 9] end: 2026-06-05 15:14:22
------------------------------------------------------------

------------------------------------------------------------
[RUN 10] start: 2026-06-05 15:14:22
[RUN 10] command: timeout 180s ./main 32768 384 8 1000
------------------------------------------------------------
PASS
Average execution time of kernels: 949.480652 (us)
------------------------------------------------------------
[RUN 10] end: 2026-06-05 15:14:24
------------------------------------------------------------

end_time=2026-06-05 15:14:24

============================================================
[STAGE] Check PASS / FAIL summary
[TIME ] 2026-06-05 15:14:24
============================================================
PASS count:
40
FAIL count:
0
Average execution time lines:
Average execution time of kernels: 189.795883 (us)
Average execution time of kernels: 173.606049 (us)
Average execution time of kernels: 165.299698 (us)
Average execution time of kernels: 165.291153 (us)
Average execution time of kernels: 165.234436 (us)
Average execution time of kernels: 165.303604 (us)
Average execution time of kernels: 165.319458 (us)
Average execution time of kernels: 165.331406 (us)
Average execution time of kernels: 165.289062 (us)
Average execution time of kernels: 165.267044 (us)
Average execution time of kernels: 344.912903 (us)
Average execution time of kernels: 344.875946 (us)
Average execution time of kernels: 344.914001 (us)
Average execution time of kernels: 344.920074 (us)
Average execution time of kernels: 344.867401 (us)
Average execution time of kernels: 344.909393 (us)
Average execution time of kernels: 344.906036 (us)
Average execution time of kernels: 344.892426 (us)
Average execution time of kernels: 344.917114 (us)
Average execution time of kernels: 344.915894 (us)
Average execution time of kernels: 561.408142 (us)
Average execution time of kernels: 561.370789 (us)
Average execution time of kernels: 561.429199 (us)
Average execution time of kernels: 561.371460 (us)
Average execution time of kernels: 561.429443 (us)
Average execution time of kernels: 561.353455 (us)
Average execution time of kernels: 561.411255 (us)
Average execution time of kernels: 561.418518 (us)
Average execution time of kernels: 561.419434 (us)
Average execution time of kernels: 561.351746 (us)
Average execution time of kernels: 949.466553 (us)
Average execution time of kernels: 949.388367 (us)
Average execution time of kernels: 949.377014 (us)
Average execution time of kernels: 949.327087 (us)
Average execution time of kernels: 949.717529 (us)
Average execution time of kernels: 949.465759 (us)
Average execution time of kernels: 949.374146 (us)
Average execution time of kernels: 949.444946 (us)
Average execution time of kernels: 949.273926 (us)
Average execution time of kernels: 949.480652 (us)

============================================================
[STAGE] Benchmark completed
[TIME ] 2026-06-05 15:14:24
============================================================
Result file: /home/r14525078/HeCBench/src/moe-cuda/results/moe_cuda_result_944997.txt

============================================================
[STAGE] Job finished successfully
[TIME ] 2026-06-05 15:14:24
============================================================
