
============================================================
[STAGE] Job started
[TIME ] 2026-06-05 15:04:55
============================================================
Job ID: 944983
Node: gn1222.twcc.ai
Submit dir: /home/r14525078/HeCBench/src/moe-cuda
Current dir: /home/r14525078/HeCBench/src/moe-cuda
CUDA_VISIBLE_DEVICES: 0

============================================================
[STAGE] Load CUDA module
[TIME ] 2026-06-05 15:04:55
============================================================
nvcc path:
/work/HPC_SYS/twnia2/pkg-rocky8/nvidia/cuda/cuda-12.8/bin/nvcc
nvcc version:
nvcc: NVIDIA (R) Cuda compiler driver
Copyright (c) 2005-2025 NVIDIA Corporation
Built on Wed_Jan_15_19:20:09_PST_2025
Cuda compilation tools, release 12.8, V12.8.61
Build cuda_12.8.r12.8/compiler.35404655_0

============================================================
[STAGE] Check GPU information
[TIME ] 2026-06-05 15:04:55
============================================================
Fri Jun  5 15:04:55 2026       
+---------------------------------------------------------------------------------------+
| NVIDIA-SMI 535.161.08             Driver Version: 535.161.08   CUDA Version: 12.8     |
|-----------------------------------------+----------------------+----------------------+
| GPU  Name                 Persistence-M | Bus-Id        Disp.A | Volatile Uncorr. ECC |
| Fan  Temp   Perf          Pwr:Usage/Cap |         Memory-Usage | GPU-Util  Compute M. |
|                                         |                      |               MIG M. |
|=========================================+======================+======================|
|   0  Tesla V100-SXM2-32GB           On  | 00000000:1B:00.0 Off |                    0 |
| N/A   31C    P0              43W / 300W |      0MiB / 32768MiB |      0%      Default |
|                                         |                      |                  N/A |
+-----------------------------------------+----------------------+----------------------+
                                                                                         
+---------------------------------------------------------------------------------------+
| Processes:                                                                            |
|  GPU   GI   CI        PID   Type   Process name                            GPU Memory |
|        ID   ID                                                             Usage      |
|=======================================================================================|
|  No running processes found                                                           |
+---------------------------------------------------------------------------------------+

============================================================
[STAGE] Set benchmark configuration
[TIME ] 2026-06-05 15:04:55
============================================================
BENCH_DIR=/home/r14525078/HeCBench/src/moe-cuda
RESULT_FILE=/home/r14525078/HeCBench/src/moe-cuda/results/moe_cuda_result_944983.txt
ARCH=sm_70
NUM_TOKENS=32768
NUM_EXPERTS=384
TOPK_LIST=1 2 4 8
REPEAT=1000
RUNS=10

============================================================
[STAGE] Enter benchmark directory
[TIME ] 2026-06-05 15:04:55
============================================================
Current directory: /home/r14525078/HeCBench/src/moe-cuda
Files before build:
total 1588
drwxr-xr-x 2 r14525078 ACD115083    4096 Jun  5 15:04 .
drwxr-xr-x 2 r14525078 ACD115083    4096 Jun  4 17:38 ..
-rw-r--r-- 1 r14525078 ACD115083     127 Jun  4 17:38 CMakeLists.txt
-rw-r--r-- 1 r14525078 ACD115083     901 Jun  4 17:38 LICENSE
-rw-r--r-- 1 r14525078 ACD115083    1550 Jun  4 20:00 Makefile
-rw-r--r-- 1 r14525078 ACD115083    7315 Jun  5 15:00 kernels.h
drwxr-xr-x 2 r14525078 ACD115083    4096 Jun  5 15:04 logs
-rwxr-xr-x 1 r14525078 ACD115083 1203864 Jun  5 15:04 main
-rw-r--r-- 1 r14525078 ACD115083    6625 Jun  5 15:04 main.cu
-rw-r--r-- 1 r14525078 ACD115083  400088 Jun  5 15:04 main.o
-rw-r--r-- 1 r14525078 ACD115083    2942 Jun  4 17:38 reference.h
drwxr-xr-x 2 r14525078 ACD115083    4096 Jun  5 15:04 results
-rw-r--r-- 1 r14525078 ACD115083    4575 Jun  4 20:03 run_moe_cuda.slurm

============================================================
[STAGE] Check required source files
[TIME ] 2026-06-05 15:04:55
============================================================

============================================================
[STAGE] Check optional header files
[TIME ] 2026-06-05 15:04:55
============================================================
[OK] Found kernels.h
[OK] Found reference.h

============================================================
[STAGE] Check Makefile architecture settings
[TIME ] 2026-06-05 15:04:55
============================================================
9:ARCH      = sm_70
27:CFLAGS := $(EXTRA_CFLAGS) -std=c++17 -Xcompiler -Wall -arch=$(ARCH)

============================================================
[STAGE] Check main argument usage
[TIME ] 2026-06-05 15:04:55
============================================================
193:int main(int argc, char* argv[])
195:  if (argc != 5) {
196:    printf("Usage: %s <number of tokens> <number of experts> <top K> <repeat>\n", argv[0]);
199:  const int num_tokens = atoi(argv[1]);
200:  const int num_experts = atoi(argv[2]);
201:  const int topk = atoi(argv[3]);
202:  const int repeat = atoi(argv[4]);

============================================================
[STAGE] Clean previous build
[TIME ] 2026-06-05 15:04:55
============================================================
rm -rf main main.o

============================================================
[STAGE] Build moe-cuda for V100 sm_70
[TIME ] 2026-06-05 15:04:55
============================================================
nvcc  -std=c++17 -Xcompiler -Wall -arch=sm_70 -O3 -c main.cu -o main.o
nvcc  -std=c++17 -Xcompiler -Wall -arch=sm_70 -O3 main.o -o main 

============================================================
[STAGE] Check build output
[TIME ] 2026-06-05 15:05:05
============================================================
-rwxr-xr-x 1 r14525078 ACD115083 1.2M Jun  5 15:05 ./main

============================================================
[STAGE] Start benchmark runs
[TIME ] 2026-06-05 15:05:05
============================================================
benchmark=moe-cuda
job_id=944983
node=gn1222.twcc.ai
submit_dir=/home/r14525078/HeCBench/src/moe-cuda
bench_dir=/home/r14525078/HeCBench/src/moe-cuda
arch=sm_70
num_tokens=32768
num_experts=384
topk_list=1 2 4 8
repeat=1000
runs=10
usage=./main <number of tokens> <number of experts> <top K> <repeat>
start_time=2026-06-05 15:05:06

############################################################
[CONFIG] num_tokens=32768, num_experts=384, topk=1, repeat=1000
############################################################

------------------------------------------------------------
[RUN 1] start: 2026-06-05 15:05:06
[RUN 1] command: timeout 180s ./main 32768 384 1 1000
------------------------------------------------------------
PASS
Average execution time of kernels: 265.307373 (us)
------------------------------------------------------------
[RUN 1] end: 2026-06-05 15:05:06
------------------------------------------------------------

------------------------------------------------------------
[RUN 2] start: 2026-06-05 15:05:06
[RUN 2] command: timeout 180s ./main 32768 384 1 1000
------------------------------------------------------------
PASS
Average execution time of kernels: 236.188904 (us)
------------------------------------------------------------
[RUN 2] end: 2026-06-05 15:05:07
------------------------------------------------------------

------------------------------------------------------------
[RUN 3] start: 2026-06-05 15:05:07
[RUN 3] command: timeout 180s ./main 32768 384 1 1000
------------------------------------------------------------
PASS
Average execution time of kernels: 236.167267 (us)
------------------------------------------------------------
[RUN 3] end: 2026-06-05 15:05:08
------------------------------------------------------------

------------------------------------------------------------
[RUN 4] start: 2026-06-05 15:05:08
[RUN 4] command: timeout 180s ./main 32768 384 1 1000
------------------------------------------------------------
PASS
Average execution time of kernels: 236.165466 (us)
------------------------------------------------------------
[RUN 4] end: 2026-06-05 15:05:09
------------------------------------------------------------

------------------------------------------------------------
[RUN 5] start: 2026-06-05 15:05:09
[RUN 5] command: timeout 180s ./main 32768 384 1 1000
------------------------------------------------------------
PASS
Average execution time of kernels: 236.138321 (us)
------------------------------------------------------------
[RUN 5] end: 2026-06-05 15:05:10
------------------------------------------------------------

------------------------------------------------------------
[RUN 6] start: 2026-06-05 15:05:10
[RUN 6] command: timeout 180s ./main 32768 384 1 1000
------------------------------------------------------------
PASS
Average execution time of kernels: 236.201706 (us)
------------------------------------------------------------
[RUN 6] end: 2026-06-05 15:05:11
------------------------------------------------------------

------------------------------------------------------------
[RUN 7] start: 2026-06-05 15:05:11
[RUN 7] command: timeout 180s ./main 32768 384 1 1000
------------------------------------------------------------
PASS
Average execution time of kernels: 236.206497 (us)
------------------------------------------------------------
[RUN 7] end: 2026-06-05 15:05:12
------------------------------------------------------------

------------------------------------------------------------
[RUN 8] start: 2026-06-05 15:05:12
[RUN 8] command: timeout 180s ./main 32768 384 1 1000
------------------------------------------------------------
PASS
Average execution time of kernels: 236.185287 (us)
------------------------------------------------------------
[RUN 8] end: 2026-06-05 15:05:13
------------------------------------------------------------

------------------------------------------------------------
[RUN 9] start: 2026-06-05 15:05:13
[RUN 9] command: timeout 180s ./main 32768 384 1 1000
------------------------------------------------------------
PASS
Average execution time of kernels: 236.202255 (us)
------------------------------------------------------------
[RUN 9] end: 2026-06-05 15:05:14
------------------------------------------------------------

------------------------------------------------------------
[RUN 10] start: 2026-06-05 15:05:14
[RUN 10] command: timeout 180s ./main 32768 384 1 1000
------------------------------------------------------------
PASS
Average execution time of kernels: 236.197830 (us)
------------------------------------------------------------
[RUN 10] end: 2026-06-05 15:05:15
------------------------------------------------------------

############################################################
[CONFIG] num_tokens=32768, num_experts=384, topk=2, repeat=1000
############################################################

------------------------------------------------------------
[RUN 1] start: 2026-06-05 15:05:15
[RUN 1] command: timeout 180s ./main 32768 384 2 1000
------------------------------------------------------------
PASS
Average execution time of kernels: 345.460876 (us)
------------------------------------------------------------
[RUN 1] end: 2026-06-05 15:05:16
------------------------------------------------------------

------------------------------------------------------------
[RUN 2] start: 2026-06-05 15:05:16
[RUN 2] command: timeout 180s ./main 32768 384 2 1000
------------------------------------------------------------
PASS
Average execution time of kernels: 345.454987 (us)
------------------------------------------------------------
[RUN 2] end: 2026-06-05 15:05:17
------------------------------------------------------------

------------------------------------------------------------
[RUN 3] start: 2026-06-05 15:05:17
[RUN 3] command: timeout 180s ./main 32768 384 2 1000
------------------------------------------------------------
PASS
Average execution time of kernels: 345.473114 (us)
------------------------------------------------------------
[RUN 3] end: 2026-06-05 15:05:18
------------------------------------------------------------

------------------------------------------------------------
[RUN 4] start: 2026-06-05 15:05:18
[RUN 4] command: timeout 180s ./main 32768 384 2 1000
------------------------------------------------------------
PASS
Average execution time of kernels: 345.438812 (us)
------------------------------------------------------------
[RUN 4] end: 2026-06-05 15:05:19
------------------------------------------------------------

------------------------------------------------------------
[RUN 5] start: 2026-06-05 15:05:19
[RUN 5] command: timeout 180s ./main 32768 384 2 1000
------------------------------------------------------------
PASS
Average execution time of kernels: 345.400421 (us)
------------------------------------------------------------
[RUN 5] end: 2026-06-05 15:05:20
------------------------------------------------------------

------------------------------------------------------------
[RUN 6] start: 2026-06-05 15:05:20
[RUN 6] command: timeout 180s ./main 32768 384 2 1000
------------------------------------------------------------
PASS
Average execution time of kernels: 345.382477 (us)
------------------------------------------------------------
[RUN 6] end: 2026-06-05 15:05:21
------------------------------------------------------------

------------------------------------------------------------
[RUN 7] start: 2026-06-05 15:05:21
[RUN 7] command: timeout 180s ./main 32768 384 2 1000
------------------------------------------------------------
PASS
Average execution time of kernels: 345.438629 (us)
------------------------------------------------------------
[RUN 7] end: 2026-06-05 15:05:22
------------------------------------------------------------

------------------------------------------------------------
[RUN 8] start: 2026-06-05 15:05:22
[RUN 8] command: timeout 180s ./main 32768 384 2 1000
------------------------------------------------------------
PASS
Average execution time of kernels: 345.447937 (us)
------------------------------------------------------------
[RUN 8] end: 2026-06-05 15:05:24
------------------------------------------------------------

------------------------------------------------------------
[RUN 9] start: 2026-06-05 15:05:24
[RUN 9] command: timeout 180s ./main 32768 384 2 1000
------------------------------------------------------------
PASS
Average execution time of kernels: 345.453827 (us)
------------------------------------------------------------
[RUN 9] end: 2026-06-05 15:05:25
------------------------------------------------------------

------------------------------------------------------------
[RUN 10] start: 2026-06-05 15:05:25
[RUN 10] command: timeout 180s ./main 32768 384 2 1000
------------------------------------------------------------
PASS
Average execution time of kernels: 345.404724 (us)
------------------------------------------------------------
[RUN 10] end: 2026-06-05 15:05:26
------------------------------------------------------------

############################################################
[CONFIG] num_tokens=32768, num_experts=384, topk=4, repeat=1000
############################################################

------------------------------------------------------------
[RUN 1] start: 2026-06-05 15:05:26
[RUN 1] command: timeout 180s ./main 32768 384 4 1000
------------------------------------------------------------
PASS
Average execution time of kernels: 562.324158 (us)
------------------------------------------------------------
[RUN 1] end: 2026-06-05 15:05:27
------------------------------------------------------------

------------------------------------------------------------
[RUN 2] start: 2026-06-05 15:05:27
[RUN 2] command: timeout 180s ./main 32768 384 4 1000
------------------------------------------------------------
PASS
Average execution time of kernels: 562.301636 (us)
------------------------------------------------------------
[RUN 2] end: 2026-06-05 15:05:28
------------------------------------------------------------

------------------------------------------------------------
[RUN 3] start: 2026-06-05 15:05:28
[RUN 3] command: timeout 180s ./main 32768 384 4 1000
------------------------------------------------------------
PASS
Average execution time of kernels: 562.267029 (us)
------------------------------------------------------------
[RUN 3] end: 2026-06-05 15:05:30
------------------------------------------------------------

------------------------------------------------------------
[RUN 4] start: 2026-06-05 15:05:30
[RUN 4] command: timeout 180s ./main 32768 384 4 1000
------------------------------------------------------------
PASS
Average execution time of kernels: 562.296082 (us)
------------------------------------------------------------
[RUN 4] end: 2026-06-05 15:05:31
------------------------------------------------------------

------------------------------------------------------------
[RUN 5] start: 2026-06-05 15:05:31
[RUN 5] command: timeout 180s ./main 32768 384 4 1000
------------------------------------------------------------
PASS
Average execution time of kernels: 562.540222 (us)
------------------------------------------------------------
[RUN 5] end: 2026-06-05 15:05:33
------------------------------------------------------------

------------------------------------------------------------
[RUN 6] start: 2026-06-05 15:05:33
[RUN 6] command: timeout 180s ./main 32768 384 4 1000
------------------------------------------------------------
PASS
Average execution time of kernels: 562.297852 (us)
------------------------------------------------------------
[RUN 6] end: 2026-06-05 15:05:34
------------------------------------------------------------

------------------------------------------------------------
[RUN 7] start: 2026-06-05 15:05:34
[RUN 7] command: timeout 180s ./main 32768 384 4 1000
------------------------------------------------------------
PASS
Average execution time of kernels: 562.260620 (us)
------------------------------------------------------------
[RUN 7] end: 2026-06-05 15:05:35
------------------------------------------------------------

------------------------------------------------------------
[RUN 8] start: 2026-06-05 15:05:35
[RUN 8] command: timeout 180s ./main 32768 384 4 1000
------------------------------------------------------------
PASS
Average execution time of kernels: 562.256592 (us)
------------------------------------------------------------
[RUN 8] end: 2026-06-05 15:05:37
------------------------------------------------------------

------------------------------------------------------------
[RUN 9] start: 2026-06-05 15:05:37
[RUN 9] command: timeout 180s ./main 32768 384 4 1000
------------------------------------------------------------
PASS
Average execution time of kernels: 562.251770 (us)
------------------------------------------------------------
[RUN 9] end: 2026-06-05 15:05:38
------------------------------------------------------------

------------------------------------------------------------
[RUN 10] start: 2026-06-05 15:05:38
[RUN 10] command: timeout 180s ./main 32768 384 4 1000
------------------------------------------------------------
PASS
Average execution time of kernels: 562.249146 (us)
------------------------------------------------------------
[RUN 10] end: 2026-06-05 15:05:39
------------------------------------------------------------

############################################################
[CONFIG] num_tokens=32768, num_experts=384, topk=8, repeat=1000
############################################################

------------------------------------------------------------
[RUN 1] start: 2026-06-05 15:05:39
[RUN 1] command: timeout 180s ./main 32768 384 8 1000
------------------------------------------------------------
PASS
Average execution time of kernels: 950.980957 (us)
------------------------------------------------------------
[RUN 1] end: 2026-06-05 15:05:41
------------------------------------------------------------

------------------------------------------------------------
[RUN 2] start: 2026-06-05 15:05:41
[RUN 2] command: timeout 180s ./main 32768 384 8 1000
------------------------------------------------------------
PASS
Average execution time of kernels: 949.166992 (us)
------------------------------------------------------------
[RUN 2] end: 2026-06-05 15:05:43
------------------------------------------------------------

------------------------------------------------------------
[RUN 3] start: 2026-06-05 15:05:43
[RUN 3] command: timeout 180s ./main 32768 384 8 1000
------------------------------------------------------------
PASS
Average execution time of kernels: 949.193054 (us)
------------------------------------------------------------
[RUN 3] end: 2026-06-05 15:05:45
------------------------------------------------------------

------------------------------------------------------------
[RUN 4] start: 2026-06-05 15:05:45
[RUN 4] command: timeout 180s ./main 32768 384 8 1000
------------------------------------------------------------
PASS
Average execution time of kernels: 949.350342 (us)
------------------------------------------------------------
[RUN 4] end: 2026-06-05 15:05:48
------------------------------------------------------------

------------------------------------------------------------
[RUN 5] start: 2026-06-05 15:05:48
[RUN 5] command: timeout 180s ./main 32768 384 8 1000
------------------------------------------------------------
PASS
Average execution time of kernels: 949.115967 (us)
------------------------------------------------------------
[RUN 5] end: 2026-06-05 15:05:50
------------------------------------------------------------

------------------------------------------------------------
[RUN 6] start: 2026-06-05 15:05:50
[RUN 6] command: timeout 180s ./main 32768 384 8 1000
------------------------------------------------------------
PASS
Average execution time of kernels: 949.475464 (us)
------------------------------------------------------------
[RUN 6] end: 2026-06-05 15:05:52
------------------------------------------------------------

------------------------------------------------------------
[RUN 7] start: 2026-06-05 15:05:52
[RUN 7] command: timeout 180s ./main 32768 384 8 1000
------------------------------------------------------------
PASS
Average execution time of kernels: 949.461548 (us)
------------------------------------------------------------
[RUN 7] end: 2026-06-05 15:05:54
------------------------------------------------------------

------------------------------------------------------------
[RUN 8] start: 2026-06-05 15:05:54
[RUN 8] command: timeout 180s ./main 32768 384 8 1000
------------------------------------------------------------
PASS
Average execution time of kernels: 949.170166 (us)
------------------------------------------------------------
[RUN 8] end: 2026-06-05 15:05:56
------------------------------------------------------------

------------------------------------------------------------
[RUN 9] start: 2026-06-05 15:05:56
[RUN 9] command: timeout 180s ./main 32768 384 8 1000
------------------------------------------------------------
PASS
Average execution time of kernels: 949.205750 (us)
------------------------------------------------------------
[RUN 9] end: 2026-06-05 15:05:58
------------------------------------------------------------

------------------------------------------------------------
[RUN 10] start: 2026-06-05 15:05:58
[RUN 10] command: timeout 180s ./main 32768 384 8 1000
------------------------------------------------------------
PASS
Average execution time of kernels: 949.304749 (us)
------------------------------------------------------------
[RUN 10] end: 2026-06-05 15:06:00
------------------------------------------------------------

end_time=2026-06-05 15:06:00

============================================================
[STAGE] Check PASS / FAIL summary
[TIME ] 2026-06-05 15:06:00
============================================================
PASS count:
40
FAIL count:
0
Average execution time lines:
Average execution time of kernels: 265.307373 (us)
Average execution time of kernels: 236.188904 (us)
Average execution time of kernels: 236.167267 (us)
Average execution time of kernels: 236.165466 (us)
Average execution time of kernels: 236.138321 (us)
Average execution time of kernels: 236.201706 (us)
Average execution time of kernels: 236.206497 (us)
Average execution time of kernels: 236.185287 (us)
Average execution time of kernels: 236.202255 (us)
Average execution time of kernels: 236.197830 (us)
Average execution time of kernels: 345.460876 (us)
Average execution time of kernels: 345.454987 (us)
Average execution time of kernels: 345.473114 (us)
Average execution time of kernels: 345.438812 (us)
Average execution time of kernels: 345.400421 (us)
Average execution time of kernels: 345.382477 (us)
Average execution time of kernels: 345.438629 (us)
Average execution time of kernels: 345.447937 (us)
Average execution time of kernels: 345.453827 (us)
Average execution time of kernels: 345.404724 (us)
Average execution time of kernels: 562.324158 (us)
Average execution time of kernels: 562.301636 (us)
Average execution time of kernels: 562.267029 (us)
Average execution time of kernels: 562.296082 (us)
Average execution time of kernels: 562.540222 (us)
Average execution time of kernels: 562.297852 (us)
Average execution time of kernels: 562.260620 (us)
Average execution time of kernels: 562.256592 (us)
Average execution time of kernels: 562.251770 (us)
Average execution time of kernels: 562.249146 (us)
Average execution time of kernels: 950.980957 (us)
Average execution time of kernels: 949.166992 (us)
Average execution time of kernels: 949.193054 (us)
Average execution time of kernels: 949.350342 (us)
Average execution time of kernels: 949.115967 (us)
Average execution time of kernels: 949.475464 (us)
Average execution time of kernels: 949.461548 (us)
Average execution time of kernels: 949.170166 (us)
Average execution time of kernels: 949.205750 (us)
Average execution time of kernels: 949.304749 (us)

============================================================
[STAGE] Benchmark completed
[TIME ] 2026-06-05 15:06:00
============================================================
Result file: /home/r14525078/HeCBench/src/moe-cuda/results/moe_cuda_result_944983.txt

============================================================
[STAGE] Job finished successfully
[TIME ] 2026-06-05 15:06:00
============================================================
