benchmark=topk-cuda
job_id=948616
node=gn1223.twcc.ai
bench_dir=/home/r14525078/p1/HeCBench/src/topk-cuda
arch=sm_70
batch_size=3072
repeat=1000
CUDA_VISIBLE_DEVICES=0

=== Environment ===

Currently Loaded Modules:
  1) cuda/12.8

 

/work/HPC_SYS/twnia2/pkg-rocky8/nvidia/cuda/cuda-12.8/bin/nvcc
nvcc: NVIDIA (R) Cuda compiler driver
Copyright (c) 2005-2025 NVIDIA Corporation
Built on Wed_Jan_15_19:20:09_PST_2025
Cuda compilation tools, release 12.8, V12.8.61
Build cuda_12.8.r12.8/compiler.35404655_0
GPU 0: Tesla V100-SXM2-32GB (UUID: GPU-01791538-f7a1-2dc7-497c-b6f154a8bd7d)

=== Build ===
rm -rf main main.o
nvcc  -std=c++17 -Xcompiler -Wall -arch=sm_70 --expt-relaxed-constexpr -O3 -c main.cu -o main.o
nvcc warning : Support for offline compilation for architectures prior to '<compute/sm/lto>_75' will be removed in a future release (Use -Wno-deprecated-gpu-targets to suppress warning).
nvcc  -std=c++17 -Xcompiler -Wall -arch=sm_70 --expt-relaxed-constexpr -O3 main.o -o main 
nvcc warning : Support for offline compilation for architectures prior to '<compute/sm/lto>_75' will be removed in a future release (Use -Wno-deprecated-gpu-targets to suppress warning).

=== Run ===

batch size: 3072, hidden size: 3072, topk: 2048
Average execution time of topk : 65.857681 (us)
PASS

batch size: 3072, hidden size: 3072, topk: 1024
Average execution time of topk : 35.476688 (us)
PASS

batch size: 3072, hidden size: 4096, topk: 2048
Average execution time of topk : 65.028557 (us)
PASS

batch size: 3072, hidden size: 4096, topk: 1024
Average execution time of topk : 35.488716 (us)
PASS

batch size: 3072, hidden size: 8192, topk: 2048
Average execution time of topk : 64.359497 (us)
PASS

batch size: 3072, hidden size: 8192, topk: 1024
Average execution time of topk : 35.476238 (us)
PASS

batch size: 3072, hidden size: 16384, topk: 2048
Average execution time of topk : 64.750702 (us)
PASS

batch size: 3072, hidden size: 16384, topk: 1024
Average execution time of topk : 35.498447 (us)
PASS

batch size: 3072, hidden size: 32768, topk: 2048
Average execution time of topk : 64.736137 (us)
PASS

batch size: 3072, hidden size: 32768, topk: 1024
Average execution time of topk : 35.477379 (us)
PASS

batch size: 3072, hidden size: 65536, topk: 2048
Average execution time of topk : 64.780090 (us)
PASS

batch size: 3072, hidden size: 65536, topk: 1024
Average execution time of topk : 35.465305 (us)
PASS

batch size: 3072, hidden size: 131072, topk: 2048
Average execution time of topk : 64.767944 (us)
PASS

batch size: 3072, hidden size: 131072, topk: 1024
Average execution time of topk : 35.514961 (us)
PASS
Result file: /home/r14525078/p1/HeCBench/src/topk-cuda/result/topk_cuda_result_948616.txt
