job_id=948505
node=gn1224
date=2026-06-09T15:49:41+08:00
UCX_TLS=self,shm,cuda_copy,cuda_ipc
NCCL_DEBUG=unset
CUDA_VISIBLE_DEVICES=0,1
GPU 0: Tesla V100-SXM2-32GB (UUID: GPU-5492b972-e756-f9e1-ec9e-74c0cacb0cef)
GPU 1: Tesla V100-SXM2-32GB (UUID: GPU-61ce1b75-9645-45f9-63d1-6ecbdfaa99a9)
name, driver_version
Tesla V100-SXM2-32GB, 535.161.08
Tesla V100-SXM2-32GB, 535.161.08
rm -rf main-mpi main-mpi.o
rm -rf main-nccl main-nccl.o
nvcc  -std=c++17 -I/opt/nvidia/hpc_sdk/Linux_x86_64/25.7/comm_libs/12.9/openmpi4/openmpi-4.1.5//include -Xcompiler -Wall -arch=sm_70 -O3 -c main-mpi.cu -o main-mpi.o
nvcc  -std=c++17 -I/opt/nvidia/hpc_sdk/Linux_x86_64/25.7/comm_libs/12.9/openmpi4/openmpi-4.1.5//include -Xcompiler -Wall -arch=sm_70 -O3 main-mpi.o -o main-mpi -L/opt/nvidia/hpc_sdk/Linux_x86_64/25.7/comm_libs/12.9/openmpi4/openmpi-4.1.5//lib -lmpi -lnccl
MPI : Transfer size (B):     524288, Transfer Time (s):     0.000033494, Bandwidth (GB/s):    15.653107495
MPI : Transfer size (B):    1048576, Transfer Time (s):     0.000054171, Bandwidth (GB/s):    19.356781185
MPI : Transfer size (B):    2097152, Transfer Time (s):     0.000096673, Bandwidth (GB/s):    21.693205212
MPI : Transfer size (B):    4194304, Transfer Time (s):     0.000181439, Bandwidth (GB/s):    23.116920481
MPI : Transfer size (B):    8388608, Transfer Time (s):     0.000355210, Bandwidth (GB/s):    23.615889774
MPI : Transfer size (B):   16777216, Transfer Time (s):     0.000701015, Bandwidth (GB/s):    23.932742797
MPI : Transfer size (B):   33554432, Transfer Time (s):     0.001392369, Bandwidth (GB/s):    24.098812333
MPI : Transfer size (B):   67108864, Transfer Time (s):     0.002775173, Bandwidth (GB/s):    24.181868951
MPI : Transfer size (B):  134217728, Transfer Time (s):     0.005542708, Bandwidth (GB/s):    24.215188023
MPI : Transfer size (B):  268435456, Transfer Time (s):     0.011075311, Bandwidth (GB/s):    24.237282935
MPI : Transfer size (B):  536870912, Transfer Time (s):     0.022139518, Bandwidth (GB/s):    24.249439697
MPI : Transfer size (B): 1073741824, Transfer Time (s):     0.044267840, Bandwidth (GB/s):    24.255572930
--------------------------------------------------------------------------
mpirun was unable to launch the specified application as it could not access
or execute an executable:

Executable: ./main-nccl
Node: gn1224

while attempting to start process rank 0.
--------------------------------------------------------------------------
2 total processes failed to start
