job_id=948513
node=gn1224
date=2026-06-09T15:57:03+08:00
UCX_TLS=self,shm,cuda_copy,cuda_ipc
NCCL_DEBUG=unset
CUDA_VISIBLE_DEVICES=0,1
GPU 0: Tesla V100-SXM2-32GB (UUID: GPU-5492b972-e756-f9e1-ec9e-74c0cacb0cef)
GPU 1: Tesla V100-SXM2-32GB (UUID: GPU-61ce1b75-9645-45f9-63d1-6ecbdfaa99a9)
name, driver_version
Tesla V100-SXM2-32GB, 535.161.08
Tesla V100-SXM2-32GB, 535.161.08
rm -rf main-mpi main-mpi.o
rm -rf main-nccl main-nccl.o
nvcc  -std=c++17 -I/opt/nvidia/hpc_sdk/Linux_x86_64/25.7/comm_libs/12.9/openmpi4/openmpi-4.1.5//include -Xcompiler -Wall -arch=sm_70 -O3 -c main-mpi.cu -o main-mpi.o
nvcc  -std=c++17 -I/opt/nvidia/hpc_sdk/Linux_x86_64/25.7/comm_libs/12.9/openmpi4/openmpi-4.1.5//include -Xcompiler -Wall -arch=sm_70 -O3 main-mpi.o -o main-mpi -L/opt/nvidia/hpc_sdk/Linux_x86_64/25.7/comm_libs/12.9/openmpi4/openmpi-4.1.5//lib -lmpi -lnccl
nvcc  -std=c++17 -I/opt/nvidia/hpc_sdk/Linux_x86_64/25.7/comm_libs/12.9/openmpi4/openmpi-4.1.5//include -Xcompiler -Wall -arch=sm_70 -O3 -c main-nccl.cu -o main-nccl.o
nvcc  -std=c++17 -I/opt/nvidia/hpc_sdk/Linux_x86_64/25.7/comm_libs/12.9/openmpi4/openmpi-4.1.5//include -Xcompiler -Wall -arch=sm_70 -O3 main-nccl.o -o main-nccl -L/opt/nvidia/hpc_sdk/Linux_x86_64/25.7/comm_libs/12.9/openmpi4/openmpi-4.1.5//lib -lmpi -lnccl
MPI : Transfer size (B):     524288, Transfer Time (s):     0.000033250, Bandwidth (GB/s):    15.768102831
MPI : Transfer size (B):    1048576, Transfer Time (s):     0.000054523, Bandwidth (GB/s):    19.231771629
MPI : Transfer size (B):    2097152, Transfer Time (s):     0.000097012, Bandwidth (GB/s):    21.617462758
MPI : Transfer size (B):    4194304, Transfer Time (s):     0.000182648, Bandwidth (GB/s):    22.963925270
MPI : Transfer size (B):    8388608, Transfer Time (s):     0.000357406, Bandwidth (GB/s):    23.470787437
MPI : Transfer size (B):   16777216, Transfer Time (s):     0.000703818, Bandwidth (GB/s):    23.837425085
MPI : Transfer size (B):   33554432, Transfer Time (s):     0.001396675, Bandwidth (GB/s):    24.024513079
MPI : Transfer size (B):   67108864, Transfer Time (s):     0.002780564, Bandwidth (GB/s):    24.134986767
MPI : Transfer size (B):  134217728, Transfer Time (s):     0.005547924, Bandwidth (GB/s):    24.192423558
MPI : Transfer size (B):  268435456, Transfer Time (s):     0.011082062, Bandwidth (GB/s):    24.222518419
MPI : Transfer size (B):  536870912, Transfer Time (s):     0.022145200, Bandwidth (GB/s):    24.243218110
MPI : Transfer size (B): 1073741824, Transfer Time (s):     0.044274485, Bandwidth (GB/s):    24.251932705
NCCL: Transfer size (B):     524288, Transfer Time (s):     0.000048494, Bandwidth (GB/s):    10.811499674
NCCL: Transfer size (B):    1048576, Transfer Time (s):     0.000071422, Bandwidth (GB/s):    14.681488692
NCCL: Transfer size (B):    2097152, Transfer Time (s):     0.000117427, Bandwidth (GB/s):    17.859238693
NCCL: Transfer size (B):    4194304, Transfer Time (s):     0.000210721, Bandwidth (GB/s):    19.904522166
NCCL: Transfer size (B):    8388608, Transfer Time (s):     0.000399848, Bandwidth (GB/s):    20.979474892
NCCL: Transfer size (B):   16777216, Transfer Time (s):     0.000770204, Bandwidth (GB/s):    21.782822023
NCCL: Transfer size (B):   33554432, Transfer Time (s):     0.001492348, Bandwidth (GB/s):    22.484323159
NCCL: Transfer size (B):   67108864, Transfer Time (s):     0.002956821, Bandwidth (GB/s):    22.696286565
NCCL: Transfer size (B):  134217728, Transfer Time (s):     0.005885664, Bandwidth (GB/s):    22.804178946
NCCL: Transfer size (B):  268435456, Transfer Time (s):     0.011743423, Bandwidth (GB/s):    22.858364969
NCCL: Transfer size (B):  536870912, Transfer Time (s):     0.023458674, Bandwidth (GB/s):    22.885816971
NCCL: Transfer size (B): 1073741824, Transfer Time (s):     0.046889421, Bandwidth (GB/s):    22.899447218
