job_id=948517
node=gn1224
date=2026-06-09T16:00:56+08:00
UCX_TLS=self,shm,cuda_copy,cuda_ipc
UCX_RNDV_SCHEME=put_zcopy
NCCL_DEBUG=unset
CUDA_VISIBLE_DEVICES=0,1
GPU 0: Tesla V100-SXM2-32GB (UUID: GPU-5492b972-e756-f9e1-ec9e-74c0cacb0cef)
GPU 1: Tesla V100-SXM2-32GB (UUID: GPU-61ce1b75-9645-45f9-63d1-6ecbdfaa99a9)
name, driver_version
Tesla V100-SXM2-32GB, 535.161.08
Tesla V100-SXM2-32GB, 535.161.08
rm -rf main-mpi main-mpi.o
rm -rf main-nccl main-nccl.o
nvcc  -std=c++17 -I/opt/nvidia/hpc_sdk/Linux_x86_64/25.7/comm_libs/12.9/openmpi4/openmpi-4.1.5//include -Xcompiler -Wall -arch=sm_70 -O3 -c main-mpi.cu -o main-mpi.o
nvcc  -std=c++17 -I/opt/nvidia/hpc_sdk/Linux_x86_64/25.7/comm_libs/12.9/openmpi4/openmpi-4.1.5//include -Xcompiler -Wall -arch=sm_70 -O3 main-mpi.o -o main-mpi -L/opt/nvidia/hpc_sdk/Linux_x86_64/25.7/comm_libs/12.9/openmpi4/openmpi-4.1.5//lib -lmpi -lnccl
nvcc  -std=c++17 -I/opt/nvidia/hpc_sdk/Linux_x86_64/25.7/comm_libs/12.9/openmpi4/openmpi-4.1.5//include -Xcompiler -Wall -arch=sm_70 -O3 -c main-nccl.cu -o main-nccl.o
nvcc  -std=c++17 -I/opt/nvidia/hpc_sdk/Linux_x86_64/25.7/comm_libs/12.9/openmpi4/openmpi-4.1.5//include -Xcompiler -Wall -arch=sm_70 -O3 main-nccl.o -o main-nccl -L/opt/nvidia/hpc_sdk/Linux_x86_64/25.7/comm_libs/12.9/openmpi4/openmpi-4.1.5//lib -lmpi -lnccl
MPI : Transfer size (B):     524288, Transfer Time (s):     0.000033453, Bandwidth (GB/s):    15.672380854
MPI : Transfer size (B):    1048576, Transfer Time (s):     0.000054507, Bandwidth (GB/s):    19.237558091
MPI : Transfer size (B):    2097152, Transfer Time (s):     0.000097122, Bandwidth (GB/s):    21.592881064
MPI : Transfer size (B):    4194304, Transfer Time (s):     0.000182550, Bandwidth (GB/s):    22.976180238
MPI : Transfer size (B):    8388608, Transfer Time (s):     0.000357331, Bandwidth (GB/s):    23.475736040
MPI : Transfer size (B):   16777216, Transfer Time (s):     0.000704161, Bandwidth (GB/s):    23.825812081
MPI : Transfer size (B):   33554432, Transfer Time (s):     0.001396478, Bandwidth (GB/s):    24.027903574
MPI : Transfer size (B):   67108864, Transfer Time (s):     0.002780777, Bandwidth (GB/s):    24.133131756
MPI : Transfer size (B):  134217728, Transfer Time (s):     0.005548484, Bandwidth (GB/s):    24.189982769
MPI : Transfer size (B):  268435456, Transfer Time (s):     0.011082469, Bandwidth (GB/s):    24.221628833
MPI : Transfer size (B):  536870912, Transfer Time (s):     0.022147538, Bandwidth (GB/s):    24.240658432
MPI : Transfer size (B): 1073741824, Transfer Time (s):     0.044273217, Bandwidth (GB/s):    24.252626993
NCCL: Transfer size (B):     524288, Transfer Time (s):     0.000050636, Bandwidth (GB/s):    10.354050268
NCCL: Transfer size (B):    1048576, Transfer Time (s):     0.000073711, Bandwidth (GB/s):    14.225571776
NCCL: Transfer size (B):    2097152, Transfer Time (s):     0.000119974, Bandwidth (GB/s):    17.480072953
NCCL: Transfer size (B):    4194304, Transfer Time (s):     0.000215832, Bandwidth (GB/s):    19.433148259
NCCL: Transfer size (B):    8388608, Transfer Time (s):     0.000417107, Bandwidth (GB/s):    20.111396306
NCCL: Transfer size (B):   16777216, Transfer Time (s):     0.000800646, Bandwidth (GB/s):    20.954592095
NCCL: Transfer size (B):   33554432, Transfer Time (s):     0.001493190, Bandwidth (GB/s):    22.471638377
NCCL: Transfer size (B):   67108864, Transfer Time (s):     0.002956881, Bandwidth (GB/s):    22.695825406
NCCL: Transfer size (B):  134217728, Transfer Time (s):     0.005885586, Bandwidth (GB/s):    22.804479652
NCCL: Transfer size (B):  268435456, Transfer Time (s):     0.011743419, Bandwidth (GB/s):    22.858373338
NCCL: Transfer size (B):  536870912, Transfer Time (s):     0.023458631, Bandwidth (GB/s):    22.885858609
NCCL: Transfer size (B): 1073741824, Transfer Time (s):     0.046889251, Bandwidth (GB/s):    22.899530319
