tag=opt1
job_id=948014
node=gn1222
date=2026-06-08T23:00:15+08:00
repeat=100000
cuda_visible_devices=0
hostname=gn1222.twcc.ai
nvcc=/work/HPC_SYS/twnia2/pkg-rocky8/nvidia/cuda/cuda-12.8/bin/nvcc
nvcc: NVIDIA (R) Cuda compiler driver
Copyright (c) 2005-2025 NVIDIA Corporation
Built on Wed_Jan_15_19:20:09_PST_2025
Cuda compilation tools, release 12.8, V12.8.61
Build cuda_12.8.r12.8/compiler.35404655_0
Mon Jun  8 23:00:15 2026       
+---------------------------------------------------------------------------------------+
| NVIDIA-SMI 535.161.08             Driver Version: 535.161.08   CUDA Version: 12.8     |
|-----------------------------------------+----------------------+----------------------+
| GPU  Name                 Persistence-M | Bus-Id        Disp.A | Volatile Uncorr. ECC |
| Fan  Temp   Perf          Pwr:Usage/Cap |         Memory-Usage | GPU-Util  Compute M. |
|                                         |                      |               MIG M. |
|=========================================+======================+======================|
|   0  Tesla V100-SXM2-32GB           On  | 00000000:1B:00.0 Off |                    0 |
| N/A   29C    P0              43W / 300W |      0MiB / 32768MiB |      0%      Default |
|                                         |                      |                  N/A |
+-----------------------------------------+----------------------+----------------------+
                                                                                         
+---------------------------------------------------------------------------------------+
| Processes:                                                                            |
|  GPU   GI   CI        PID   Type   Process name                            GPU Memory |
|        ID   ID                                                             Usage      |
|=======================================================================================|
|  No running processes found                                                           |
+---------------------------------------------------------------------------------------+
rm -rf main main.o
nvcc  -std=c++17 -Xcompiler -Wall -arch=sm_70 -O3 -c main.cu -o main.o
nvcc warning : Support for offline compilation for architectures prior to '<compute/sm/lto>_75' will be removed in a future release (Use -Wno-deprecated-gpu-targets to suppress warning).
nvcc  -std=c++17 -Xcompiler -Wall -arch=sm_70 -O3 main.o -o main 
nvcc warning : Support for offline compilation for architectures prior to '<compute/sm/lto>_75' will be removed in a future release (Use -Wno-deprecated-gpu-targets to suppress warning).
Average execution time of the kernels (tokens 1, topk: 2, expert: 32, block_size 32): 12.132113 (us)
PASS
Average execution time of the kernels (tokens 1, topk: 3, expert: 32, block_size 32): 11.833865 (us)
PASS
Average execution time of the kernels (tokens 1, topk: 4, expert: 32, block_size 32): 11.831211 (us)
PASS
Average execution time of the kernels (tokens 1, topk: 2, expert: 128, block_size 32): 12.699002 (us)
PASS
Average execution time of the kernels (tokens 1, topk: 3, expert: 128, block_size 32): 12.710266 (us)
PASS
Average execution time of the kernels (tokens 1, topk: 4, expert: 128, block_size 32): 12.727370 (us)
PASS
Average execution time of the kernels (tokens 3, topk: 2, expert: 32, block_size 32): 11.832788 (us)
PASS
Average execution time of the kernels (tokens 3, topk: 3, expert: 32, block_size 32): 11.831245 (us)
PASS
Average execution time of the kernels (tokens 3, topk: 4, expert: 32, block_size 32): 11.983381 (us)
PASS
Average execution time of the kernels (tokens 3, topk: 2, expert: 128, block_size 32): 12.715375 (us)
PASS
Average execution time of the kernels (tokens 3, topk: 3, expert: 128, block_size 32): 12.722303 (us)
PASS
Average execution time of the kernels (tokens 3, topk: 4, expert: 128, block_size 32): 12.710102 (us)
PASS
Average execution time of the kernels (tokens 256, topk: 2, expert: 32, block_size 32): 13.531648 (us)
PASS
Average execution time of the kernels (tokens 256, topk: 3, expert: 32, block_size 32): 14.419940 (us)
PASS
Average execution time of the kernels (tokens 256, topk: 4, expert: 32, block_size 32): 13.117151 (us)
PASS
Average execution time of the kernels (tokens 256, topk: 2, expert: 128, block_size 32): 13.057592 (us)
PASS
Average execution time of the kernels (tokens 256, topk: 3, expert: 128, block_size 32): 13.093343 (us)
PASS
Average execution time of the kernels (tokens 256, topk: 4, expert: 128, block_size 32): 13.091251 (us)
PASS
Average execution time of the kernels (tokens 4096, topk: 2, expert: 32, block_size 32): 17.557606 (us)
PASS
Average execution time of the kernels (tokens 4096, topk: 3, expert: 32, block_size 32): 20.046938 (us)
PASS
Average execution time of the kernels (tokens 4096, topk: 4, expert: 32, block_size 32): 22.407234 (us)
PASS
Average execution time of the kernels (tokens 4096, topk: 2, expert: 128, block_size 32): 16.967539 (us)
PASS
Average execution time of the kernels (tokens 4096, topk: 3, expert: 128, block_size 32): 19.435101 (us)
PASS
Average execution time of the kernels (tokens 4096, topk: 4, expert: 128, block_size 32): 21.477438 (us)
PASS
Average execution time of the kernels (tokens 8192, topk: 2, expert: 32, block_size 32): 22.493002 (us)
PASS
Average execution time of the kernels (tokens 8192, topk: 3, expert: 32, block_size 32): 27.271412 (us)
PASS
Average execution time of the kernels (tokens 8192, topk: 4, expert: 32, block_size 32): 32.644665 (us)
PASS
Average execution time of the kernels (tokens 8192, topk: 2, expert: 128, block_size 32): 21.558565 (us)
PASS
Average execution time of the kernels (tokens 8192, topk: 3, expert: 128, block_size 32): 26.047880 (us)
PASS
Average execution time of the kernels (tokens 8192, topk: 4, expert: 128, block_size 32): 31.026382 (us)
PASS
