benchmark=softmax-cuda
job_id=948544
node=gn1225.twcc.ai
bench_dir=/home/r14525078/p1/HeCBench/src/softmax-cuda
arch=sm_70
num_slice=100000
repeat=100
CUDA_VISIBLE_DEVICES=0

=== Environment ===

Currently Loaded Modules:
  1) cuda/12.8

 

/work/HPC_SYS/twnia2/pkg-rocky8/nvidia/cuda/cuda-12.8/bin/nvcc
nvcc: NVIDIA (R) Cuda compiler driver
Copyright (c) 2005-2025 NVIDIA Corporation
Built on Wed_Jan_15_19:20:09_PST_2025
Cuda compilation tools, release 12.8, V12.8.61
Build cuda_12.8.r12.8/compiler.35404655_0
GPU 0: Tesla V100-SXM2-32GB (UUID: GPU-2ed56cbf-42d6-4001-1b68-8a82a884182c)

=== Build ===
rm -rf main main.o
nvcc  -std=c++17 -Xcompiler -Wall -arch=sm_70 -O3 --use_fast_math -c main.cu -o main.o
nvcc warning : Support for offline compilation for architectures prior to '<compute/sm/lto>_75' will be removed in a future release (Use -Wno-deprecated-gpu-targets to suppress warning).
nvcc  -std=c++17 -Xcompiler -Wall -arch=sm_70 -O3 --use_fast_math main.o -o main 
nvcc warning : Support for offline compilation for architectures prior to '<compute/sm/lto>_75' will be removed in a future release (Use -Wno-deprecated-gpu-targets to suppress warning).

=== Run ===
slice_size,implementation,avg_ms,status
16,0,0.116836,PASS
16,1,0.040096,PASS
32,0,0.344367,PASS
32,1,0.044979,PASS
64,0,0.939309,PASS
64,1,0.074724,PASS
128,0,5.279710,PASS
128,1,0.131122,PASS
256,0,22.491928,PASS
256,1,0.328277,PASS
512,0,46.874390,PASS
512,1,1.060464,PASS
784,0,74.950768,PASS
784,1,1.857334,PASS
1024,0,93.192986,PASS
1024,1,2.487668,PASS
Result file: /home/r14525078/p1/HeCBench/src/softmax-cuda/result/softmax_cuda_result_948544.txt
